Archive member included to satisfy reference by file (symbol)

C:/ST/STM32CubeCLT_1.17.0/GNU-tools-for-STM32/bin/../lib/gcc/arm-none-eabi/12.3.1/../../../../arm-none-eabi/lib/thumb/v7-m/nofp\libc_nano.a(libc_a-exit.o)
                              C:/ST/STM32CubeCLT_1.17.0/GNU-tools-for-STM32/bin/../lib/gcc/arm-none-eabi/12.3.1/../../../../arm-none-eabi/lib/thumb/v7-m/nofp/crt0.o (exit)
C:/ST/STM32CubeCLT_1.17.0/GNU-tools-for-STM32/bin/../lib/gcc/arm-none-eabi/12.3.1/../../../../arm-none-eabi/lib/thumb/v7-m/nofp\libc_nano.a(libc_a-findfp.o)
                              C:/ST/STM32CubeCLT_1.17.0/GNU-tools-for-STM32/bin/../lib/gcc/arm-none-eabi/12.3.1/../../../../arm-none-eabi/lib/thumb/v7-m/nofp\libc_nano.a(libc_a-exit.o) (__stdio_exit_handler)
C:/ST/STM32CubeCLT_1.17.0/GNU-tools-for-STM32/bin/../lib/gcc/arm-none-eabi/12.3.1/../../../../arm-none-eabi/lib/thumb/v7-m/nofp\libc_nano.a(libc_a-fwalk.o)
                              C:/ST/STM32CubeCLT_1.17.0/GNU-tools-for-STM32/bin/../lib/gcc/arm-none-eabi/12.3.1/../../../../arm-none-eabi/lib/thumb/v7-m/nofp\libc_nano.a(libc_a-findfp.o) (_fwalk_sglue)
C:/ST/STM32CubeCLT_1.17.0/GNU-tools-for-STM32/bin/../lib/gcc/arm-none-eabi/12.3.1/../../../../arm-none-eabi/lib/thumb/v7-m/nofp\libc_nano.a(libc_a-stdio.o)
                              C:/ST/STM32CubeCLT_1.17.0/GNU-tools-for-STM32/bin/../lib/gcc/arm-none-eabi/12.3.1/../../../../arm-none-eabi/lib/thumb/v7-m/nofp\libc_nano.a(libc_a-findfp.o) (__sread)
C:/ST/STM32CubeCLT_1.17.0/GNU-tools-for-STM32/bin/../lib/gcc/arm-none-eabi/12.3.1/../../../../arm-none-eabi/lib/thumb/v7-m/nofp\libc_nano.a(libc_a-memset.o)
                              C:/ST/STM32CubeCLT_1.17.0/GNU-tools-for-STM32/bin/../lib/gcc/arm-none-eabi/12.3.1/../../../../arm-none-eabi/lib/thumb/v7-m/nofp/crt0.o (memset)
C:/ST/STM32CubeCLT_1.17.0/GNU-tools-for-STM32/bin/../lib/gcc/arm-none-eabi/12.3.1/../../../../arm-none-eabi/lib/thumb/v7-m/nofp\libc_nano.a(libc_a-closer.o)
                              C:/ST/STM32CubeCLT_1.17.0/GNU-tools-for-STM32/bin/../lib/gcc/arm-none-eabi/12.3.1/../../../../arm-none-eabi/lib/thumb/v7-m/nofp\libc_nano.a(libc_a-stdio.o) (_close_r)
C:/ST/STM32CubeCLT_1.17.0/GNU-tools-for-STM32/bin/../lib/gcc/arm-none-eabi/12.3.1/../../../../arm-none-eabi/lib/thumb/v7-m/nofp\libc_nano.a(libc_a-reent.o)
                              C:/ST/STM32CubeCLT_1.17.0/GNU-tools-for-STM32/bin/../lib/gcc/arm-none-eabi/12.3.1/../../../../arm-none-eabi/lib/thumb/v7-m/nofp\libc_nano.a(libc_a-closer.o) (errno)
C:/ST/STM32CubeCLT_1.17.0/GNU-tools-for-STM32/bin/../lib/gcc/arm-none-eabi/12.3.1/../../../../arm-none-eabi/lib/thumb/v7-m/nofp\libc_nano.a(libc_a-impure.o)
                              C:/ST/STM32CubeCLT_1.17.0/GNU-tools-for-STM32/bin/../lib/gcc/arm-none-eabi/12.3.1/../../../../arm-none-eabi/lib/thumb/v7-m/nofp\libc_nano.a(libc_a-reent.o) (_impure_ptr)
C:/ST/STM32CubeCLT_1.17.0/GNU-tools-for-STM32/bin/../lib/gcc/arm-none-eabi/12.3.1/../../../../arm-none-eabi/lib/thumb/v7-m/nofp\libc_nano.a(libc_a-lseekr.o)
                              C:/ST/STM32CubeCLT_1.17.0/GNU-tools-for-STM32/bin/../lib/gcc/arm-none-eabi/12.3.1/../../../../arm-none-eabi/lib/thumb/v7-m/nofp\libc_nano.a(libc_a-stdio.o) (_lseek_r)
C:/ST/STM32CubeCLT_1.17.0/GNU-tools-for-STM32/bin/../lib/gcc/arm-none-eabi/12.3.1/../../../../arm-none-eabi/lib/thumb/v7-m/nofp\libc_nano.a(libc_a-readr.o)
                              C:/ST/STM32CubeCLT_1.17.0/GNU-tools-for-STM32/bin/../lib/gcc/arm-none-eabi/12.3.1/../../../../arm-none-eabi/lib/thumb/v7-m/nofp\libc_nano.a(libc_a-stdio.o) (_read_r)
C:/ST/STM32CubeCLT_1.17.0/GNU-tools-for-STM32/bin/../lib/gcc/arm-none-eabi/12.3.1/../../../../arm-none-eabi/lib/thumb/v7-m/nofp\libc_nano.a(libc_a-writer.o)
                              C:/ST/STM32CubeCLT_1.17.0/GNU-tools-for-STM32/bin/../lib/gcc/arm-none-eabi/12.3.1/../../../../arm-none-eabi/lib/thumb/v7-m/nofp\libc_nano.a(libc_a-stdio.o) (_write_r)
C:/ST/STM32CubeCLT_1.17.0/GNU-tools-for-STM32/bin/../lib/gcc/arm-none-eabi/12.3.1/../../../../arm-none-eabi/lib/thumb/v7-m/nofp\libc_nano.a(libc_a-init.o)
                              C:/ST/STM32CubeCLT_1.17.0/GNU-tools-for-STM32/bin/../lib/gcc/arm-none-eabi/12.3.1/../../../../arm-none-eabi/lib/thumb/v7-m/nofp/crt0.o (__libc_init_array)
C:/ST/STM32CubeCLT_1.17.0/GNU-tools-for-STM32/bin/../lib/gcc/arm-none-eabi/12.3.1/../../../../arm-none-eabi/lib/thumb/v7-m/nofp\libc_nano.a(libc_a-lock.o)
                              C:/ST/STM32CubeCLT_1.17.0/GNU-tools-for-STM32/bin/../lib/gcc/arm-none-eabi/12.3.1/../../../../arm-none-eabi/lib/thumb/v7-m/nofp\libc_nano.a(libc_a-findfp.o) (__retarget_lock_init_recursive)
C:/ST/STM32CubeCLT_1.17.0/GNU-tools-for-STM32/bin/../lib/gcc/arm-none-eabi/12.3.1/../../../../arm-none-eabi/lib/thumb/v7-m/nofp\libc_nano.a(libc_a-freer.o)
                              C:/ST/STM32CubeCLT_1.17.0/GNU-tools-for-STM32/bin/../lib/gcc/arm-none-eabi/12.3.1/../../../../arm-none-eabi/lib/thumb/v7-m/nofp\libc_nano.a(libc_a-reent.o) (_free_r)
[...]
Memory Configuration

Name             Origin             Length             Attributes
RAM              0x20000000         0x00008000         xrw
FLASH            0x08000000         0x00040000         xr
*default*        0x00000000         0xffffffff

Linker script and memory map

LOAD C:/ST/STM32CubeCLT_1.17.0/GNU-tools-for-STM32/bin/../lib/gcc/arm-none-eabi/12.3.1/thumb/v7-m/nofp/crti.o
LOAD C:/ST/STM32CubeCLT_1.17.0/GNU-tools-for-STM32/bin/../lib/gcc/arm-none-eabi/12.3.1/thumb/v7-m/nofp/crtbegin.o
LOAD C:/ST/STM32CubeCLT_1.17.0/GNU-tools-for-STM32/bin/../lib/gcc/arm-none-eabi/12.3.1/../../../../arm-none-eabi/lib/thumb/v7-m/nofp/crt0.o
START GROUP
LOAD C:/ST/STM32CubeCLT_1.17.0/GNU-tools-for-STM32/bin/../lib/gcc/arm-none-eabi/12.3.1/../../../../arm-none-eabi/lib/thumb/v7-m/nofp\libc_nano.a
LOAD C:/ST/STM32CubeCLT_1.17.0/GNU-tools-for-STM32/bin/../lib/gcc/arm-none-eabi/12.3.1/../../../../arm-none-eabi/lib/thumb/v7-m/nofp\libm.a
END GROUP
LOAD CMakeFiles/Siemens_LinuxCNC_Interface.dir/Core/Src/main.c.obj
LOAD CMakeFiles/Siemens_LinuxCNC_Interface.dir/Core/Src/stm32l1xx_it.c.obj
LOAD CMakeFiles/Siemens_LinuxCNC_Interface.dir/Core/Src/stm32l1xx_hal_msp.c.obj
LOAD CMakeFiles/Siemens_LinuxCNC_Interface.dir/USB_DEVICE/App/usb_device.c.obj
LOAD CMakeFiles/Siemens_LinuxCNC_Interface.dir/USB_DEVICE/App/usbd_desc.c.obj
LOAD CMakeFiles/Siemens_LinuxCNC_Interface.dir/USB_DEVICE/App/usbd_cdc_if.c.obj
LOAD CMakeFiles/Siemens_LinuxCNC_Interface.dir/USB_DEVICE/Target/usbd_conf.c.obj
LOAD CMakeFiles/Siemens_LinuxCNC_Interface.dir/Drivers/STM32L1xx_HAL_Driver/Src/stm32l1xx_hal_pcd.c.obj
LOAD CMakeFiles/Siemens_LinuxCNC_Interface.dir/Drivers/STM32L1xx_HAL_Driver/Src/stm32l1xx_hal_pcd_ex.c.obj
LOAD CMakeFiles/Siemens_LinuxCNC_Interface.dir/Drivers/STM32L1xx_HAL_Driver/Src/stm32l1xx_ll_usb.c.obj
LOAD CMakeFiles/Siemens_LinuxCNC_Interface.dir/Drivers/STM32L1xx_HAL_Driver/Src/stm32l1xx_hal.c.obj
LOAD CMakeFiles/Siemens_LinuxCNC_Interface.dir/Drivers/STM32L1xx_HAL_Driver/Src/stm32l1xx_hal_rcc.c.obj
LOAD CMakeFiles/Siemens_LinuxCNC_Interface.dir/Drivers/STM32L1xx_HAL_Driver/Src/stm32l1xx_hal_rcc_ex.c.obj
LOAD CMakeFiles/Siemens_LinuxCNC_Interface.dir/Drivers/STM32L1xx_HAL_Driver/Src/stm32l1xx_hal_flash.c.obj
LOAD CMakeFiles/Siemens_LinuxCNC_Interface.dir/Drivers/STM32L1xx_HAL_Driver/Src/stm32l1xx_hal_flash_ex.c.obj
LOAD CMakeFiles/Siemens_LinuxCNC_Interface.dir/Drivers/STM32L1xx_HAL_Driver/Src/stm32l1xx_hal_flash_ramfunc.c.obj
LOAD CMakeFiles/Siemens_LinuxCNC_Interface.dir/Drivers/STM32L1xx_HAL_Driver/Src/stm32l1xx_hal_gpio.c.obj
LOAD CMakeFiles/Siemens_LinuxCNC_Interface.dir/Drivers/STM32L1xx_HAL_Driver/Src/stm32l1xx_hal_dma.c.obj
LOAD CMakeFiles/Siemens_LinuxCNC_Interface.dir/Drivers/STM32L1xx_HAL_Driver/Src/stm32l1xx_hal_pwr.c.obj
LOAD CMakeFiles/Siemens_LinuxCNC_Interface.dir/Drivers/STM32L1xx_HAL_Driver/Src/stm32l1xx_hal_pwr_ex.c.obj
LOAD CMakeFiles/Siemens_LinuxCNC_Interface.dir/Drivers/STM32L1xx_HAL_Driver/Src/stm32l1xx_hal_cortex.c.obj
LOAD CMakeFiles/Siemens_LinuxCNC_Interface.dir/Drivers/STM32L1xx_HAL_Driver/Src/stm32l1xx_hal_exti.c.obj
LOAD CMakeFiles/Siemens_LinuxCNC_Interface.dir/Drivers/STM32L1xx_HAL_Driver/Src/stm32l1xx_hal_adc.c.obj
LOAD CMakeFiles/Siemens_LinuxCNC_Interface.dir/Drivers/STM32L1xx_HAL_Driver/Src/stm32l1xx_hal_adc_ex.c.obj
LOAD CMakeFiles/Siemens_LinuxCNC_Interface.dir/Drivers/STM32L1xx_HAL_Driver/Src/stm32l1xx_hal_i2c.c.obj
LOAD CMakeFiles/Siemens_LinuxCNC_Interface.dir/Drivers/STM32L1xx_HAL_Driver/Src/stm32l1xx_hal_tim.c.obj
LOAD CMakeFiles/Siemens_LinuxCNC_Interface.dir/Drivers/STM32L1xx_HAL_Driver/Src/stm32l1xx_hal_tim_ex.c.obj
LOAD CMakeFiles/Siemens_LinuxCNC_Interface.dir/Core/Src/system_stm32l1xx.c.obj
LOAD CMakeFiles/Siemens_LinuxCNC_Interface.dir/Middlewares/ST/STM32_USB_Device_Library/Core/Src/usbd_core.c.obj
LOAD CMakeFiles/Siemens_LinuxCNC_Interface.dir/Middlewares/ST/STM32_USB_Device_Library/Core/Src/usbd_ctlreq.c.obj
LOAD CMakeFiles/Siemens_LinuxCNC_Interface.dir/Middlewares/ST/STM32_USB_Device_Library/Core/Src/usbd_ioreq.c.obj
LOAD CMakeFiles/Siemens_LinuxCNC_Interface.dir/Middlewares/ST/STM32_USB_Device_Library/Class/CDC/Src/usbd_cdc.c.obj
LOAD CMakeFiles/Siemens_LinuxCNC_Interface.dir/Core/Src/sysmem.c.obj
LOAD CMakeFiles/Siemens_LinuxCNC_Interface.dir/Core/Src/syscalls.c.obj
LOAD CMakeFiles/Siemens_LinuxCNC_Interface.dir/startup_stm32l151xc.s.obj
START GROUP
LOAD C:/ST/STM32CubeCLT_1.17.0/GNU-tools-for-STM32/bin/../lib/gcc/arm-none-eabi/12.3.1/thumb/v7-m/nofp\libgcc.a
LOAD C:/ST/STM32CubeCLT_1.17.0/GNU-tools-for-STM32/bin/../lib/gcc/arm-none-eabi/12.3.1/../../../../arm-none-eabi/lib/thumb/v7-m/nofp\libg_nano.a
LOAD C:/ST/STM32CubeCLT_1.17.0/GNU-tools-for-STM32/bin/../lib/gcc/arm-none-eabi/12.3.1/../../../../arm-none-eabi/lib/thumb/v7-m/nofp\libc_nano.a
END GROUP
START GROUP
LOAD C:/ST/STM32CubeCLT_1.17.0/GNU-tools-for-STM32/bin/../lib/gcc/arm-none-eabi/12.3.1/thumb/v7-m/nofp\libgcc.a
LOAD C:/ST/STM32CubeCLT_1.17.0/GNU-tools-for-STM32/bin/../lib/gcc/arm-none-eabi/12.3.1/../../../../arm-none-eabi/lib/thumb/v7-m/nofp\libc_nano.a
END GROUP
LOAD C:/ST/STM32CubeCLT_1.17.0/GNU-tools-for-STM32/bin/../lib/gcc/arm-none-eabi/12.3.1/thumb/v7-m/nofp/crtend.o
LOAD C:/ST/STM32CubeCLT_1.17.0/GNU-tools-for-STM32/bin/../lib/gcc/arm-none-eabi/12.3.1/thumb/v7-m/nofp/crtn.o
                0x20008000                        _estack = (ORIGIN (RAM) + LENGTH (RAM))
                0x00000200                        _Min_Heap_Size = 0x200
                0x00000400                        _Min_Stack_Size = 0x400

.isr_vector     0x08000000      0x13c
                0x08000000                        . = ALIGN (0x4)
 *(.isr_vector)
 .isr_vector    0x08000000      0x13c CMakeFiles/Siemens_LinuxCNC_Interface.dir/startup_stm32l151xc.s.obj
                0x08000000                g_pfnVectors
                0x0800013c                        . = ALIGN (0x4)

.text           0x0800013c     0xbc00
                0x0800013c                        . = ALIGN (0x4)
 *(.text)
 .text          0x0800013c       0x40 C:/ST/STM32CubeCLT_1.17.0/GNU-tools-for-STM32/bin/../lib/gcc/arm-none-eabi/12.3.1/thumb/v7-m/nofp/crtbegin.o
 .text          0x0800017c       0x30 C:/ST/STM32CubeCLT_1.17.0/GNU-tools-for-STM32/bin/../lib/gcc/arm-none-eabi/12.3.1/thumb/v7-m/nofp\libgcc.a(_aeabi_uldivmod.o)
                0x0800017c                __aeabi_uldivmod
 .text          0x080001ac      0x2b8 C:/ST/STM32CubeCLT_1.17.0/GNU-tools-for-STM32/bin/../lib/gcc/arm-none-eabi/12.3.1/thumb/v7-m/nofp\libgcc.a(_udivmoddi4.o)
                0x080001ac                __udivmoddi4
 .text          0x08000464        0x4 C:/ST/STM32CubeCLT_1.17.0/GNU-tools-for-STM32/bin/../lib/gcc/arm-none-eabi/12.3.1/thumb/v7-m/nofp\libgcc.a(_dvmd_tls.o)
                0x08000464                __aeabi_idiv0
                0x08000464                __aeabi_ldiv0
 .text          0x08000468       0x10 C:/ST/STM32CubeCLT_1.17.0/GNU-tools-for-STM32/bin/../lib/gcc/arm-none-eabi/12.3.1/../../../../arm-none-eabi/lib/thumb/v7-m/nofp\libg_nano.a(libc_a-strlen.o)
                0x08000468                strlen
 *(.text*)
 .text.__seofread
                0x08000478        0x4 C:/ST/STM32CubeCLT_1.17.0/GNU-tools-for-STM32/bin/../lib/gcc/arm-none-eabi/12.3.1/../../../../arm-none-eabi/lib/thumb/v7-m/nofp\libc_nano.a(libc_a-stdio.o)
                0x08000478                __seofread
 .text.memset   0x0800047c       0x10 C:/ST/STM32CubeCLT_1.17.0/GNU-tools-for-STM32/bin/../lib/gcc/arm-none-eabi/12.3.1/../../../../arm-none-eabi/lib/thumb/v7-m/nofp\libc_nano.a(libc_a-memset.o)
                0x0800047c                memset
 .text.__libc_init_array
                0x0800048c       0x48 C:/ST/STM32CubeCLT_1.17.0/GNU-tools-for-STM32/bin/../lib/gcc/arm-none-eabi/12.3.1/../../../../arm-none-eabi/lib/thumb/v7-m/nofp\libc_nano.a(libc_a-init.o)
                0x0800048c                __libc_init_array
 .text.__retarget_lock_acquire_recursive
                0x080004d4        0x2 C:/ST/STM32CubeCLT_1.17.0/GNU-tools-for-STM32/bin/../lib/gcc/arm-none-eabi/12.3.1/../../../../arm-none-eabi/lib/thumb/v7-m/nofp\libc_nano.a(libc_a-lock.o)
                0x080004d4                __retarget_lock_acquire_recursive
 .text.__retarget_lock_release_recursive
                0x080004d6        0x2 C:/ST/STM32CubeCLT_1.17.0/GNU-tools-for-STM32/bin/../lib/gcc/arm-none-eabi/12.3.1/../../../../arm-none-eabi/lib/thumb/v7-m/nofp\libc_nano.a(libc_a-lock.o)
                0x080004d6                __retarget_lock_release_recursive
 .text._free_r  0x080004d8       0x90 C:/ST/STM32CubeCLT_1.17.0/GNU-tools-for-STM32/bin/../lib/gcc/arm-none-eabi/12.3.1/../../../../arm-none-eabi/lib/thumb/v7-m/nofp\libc_nano.a(libc_a-freer.o)
                0x080004d8                _free_r
 .text.sbrk_aligned
                0x08000568       0x44 C:/ST/STM32CubeCLT_1.17.0/GNU-tools-for-STM32/bin/../lib/gcc/arm-none-eabi/12.3.1/../../../../arm-none-eabi/lib/thumb/v7-m/nofp\libc_nano.a(libc_a-mallocr.o)
 .text._malloc_r
                0x080005ac      0x100 C:/ST/STM32CubeCLT_1.17.0/GNU-tools-for-STM32/bin/../lib/gcc/arm-none-eabi/12.3.1/../../../../arm-none-eabi/lib/thumb/v7-m/nofp\libc_nano.a(libc_a-mallocr.o)
                0x080005ac                _malloc_r
 .text.__malloc_lock
                0x080006ac        0xc C:/ST/STM32CubeCLT_1.17.0/GNU-tools-for-STM32/bin/../lib/gcc/arm-none-eabi/12.3.1/../../../../arm-none-eabi/lib/thumb/v7-m/nofp\libc_nano.a(libc_a-mlock.o)
                0x080006ac                __malloc_lock
 .text.__malloc_unlock
                0x080006b8        0xc C:/ST/STM32CubeCLT_1.17.0/GNU-tools-for-STM32/bin/../lib/gcc/arm-none-eabi/12.3.1/../../../../arm-none-eabi/lib/thumb/v7-m/nofp\libc_nano.a(libc_a-mlock.o)
                0x080006b8                __malloc_unlock
 .text._sbrk_r  0x080006c4       0x20 C:/ST/STM32CubeCLT_1.17.0/GNU-tools-for-STM32/bin/../lib/gcc/arm-none-eabi/12.3.1/../../../../arm-none-eabi/lib/thumb/v7-m/nofp\libc_nano.a(libc_a-sbrkr.o)
                0x080006c4                _sbrk_r
 .text.pca9555_readRegister
                0x080006e4       0x98 CMakeFiles/Siemens_LinuxCNC_Interface.dir/Core/Src/main.c.obj
 .text.pca9555_writeRegister
                0x0800077c       0x8e CMakeFiles/Siemens_LinuxCNC_Interface.dir/Core/Src/main.c.obj
 .text.pca9555_updateRegisterBit
                0x0800080a       0xb2 CMakeFiles/Siemens_LinuxCNC_Interface.dir/Core/Src/main.c.obj
 .text.pca9555_init
                0x080008bc       0x46 CMakeFiles/Siemens_LinuxCNC_Interface.dir/Core/Src/main.c.obj
                0x080008bc                pca9555_init
 .text.pca9555_DigitalWrite
                0x08000902       0x80 CMakeFiles/Siemens_LinuxCNC_Interface.dir/Core/Src/main.c.obj
                0x08000902                pca9555_DigitalWrite
 .text.pca9555_pinMode
                0x08000982       0x70 CMakeFiles/Siemens_LinuxCNC_Interface.dir/Core/Src/main.c.obj
                0x08000982                pca9555_pinMode
 .text.main     0x080009f2       0x3c CMakeFiles/Siemens_LinuxCNC_Interface.dir/Core/Src/main.c.obj
                0x080009f2                main
 *fill*         0x08000a2e        0x2 
 .text.SystemClock_Config
                0x08000a30       0xa0 CMakeFiles/Siemens_LinuxCNC_Interface.dir/Core/Src/main.c.obj
                0x08000a30                SystemClock_Config
 .text.MX_ADC_Init
                0x08000ad0       0xb0 CMakeFiles/Siemens_LinuxCNC_Interface.dir/Core/Src/main.c.obj
 .text.MX_I2C1_Init
                0x08000b80       0x5c CMakeFiles/Siemens_LinuxCNC_Interface.dir/Core/Src/main.c.obj
 .text.MX_I2C2_Init
                0x08000bdc       0x5c CMakeFiles/Siemens_LinuxCNC_Interface.dir/Core/Src/main.c.obj
 .text.MX_TIM3_Init
                0x08000c38       0x9c CMakeFiles/Siemens_LinuxCNC_Interface.dir/Core/Src/main.c.obj
 .text.MX_GPIO_Init
                0x08000cd4       0xe4 CMakeFiles/Siemens_LinuxCNC_Interface.dir/Core/Src/main.c.obj
 .text.serial_com_Handler
                0x08000db8       0xfc CMakeFiles/Siemens_LinuxCNC_Interface.dir/Core/Src/main.c.obj
                0x08000db8                serial_com_Handler
 .text.init_dataregs
                0x08000eb4       0x64 CMakeFiles/Siemens_LinuxCNC_Interface.dir/Core/Src/main.c.obj
                0x08000eb4                init_dataregs
 .text.init_ExpOutputs
                0x08000f18       0xd0 CMakeFiles/Siemens_LinuxCNC_Interface.dir/Core/Src/main.c.obj
                0x08000f18                init_ExpOutputs
 .text.init_expanders
                0x08000fe8      0x1e0 CMakeFiles/Siemens_LinuxCNC_Interface.dir/Core/Src/main.c.obj
                0x08000fe8                init_expanders
 .text.HAL_GPIO_EXTI_Callback
                0x080011c8      0x184 CMakeFiles/Siemens_LinuxCNC_Interface.dir/Core/Src/main.c.obj
                0x080011c8                HAL_GPIO_EXTI_Callback
 .text.USB_CDC_RxHandler
                0x0800134c      0x15c CMakeFiles/Siemens_LinuxCNC_Interface.dir/Core/Src/main.c.obj
                0x0800134c                USB_CDC_RxHandler
 .text.sendData
                0x080014a8       0x4c CMakeFiles/Siemens_LinuxCNC_Interface.dir/Core/Src/main.c.obj
                0x080014a8                sendData
 .text.setOutput
                0x080014f4       0xac CMakeFiles/Siemens_LinuxCNC_Interface.dir/Core/Src/main.c.obj
                0x080014f4                setOutput
 .text.getinput
                0x080015a0       0x94 CMakeFiles/Siemens_LinuxCNC_Interface.dir/Core/Src/main.c.obj
                0x080015a0                getinput
 .text.updateEncoder
                0x08001634      0x1b0 CMakeFiles/Siemens_LinuxCNC_Interface.dir/Core/Src/main.c.obj
                0x08001634                updateEncoder
 .text.greyToBin
                0x080017e4       0x30 CMakeFiles/Siemens_LinuxCNC_Interface.dir/Core/Src/main.c.obj
                0x080017e4                greyToBin
 .text.readADC  0x08001814        0xc CMakeFiles/Siemens_LinuxCNC_Interface.dir/Core/Src/main.c.obj
                0x08001814                readADC
 .text.Error_Handler
                0x08001820        0xc CMakeFiles/Siemens_LinuxCNC_Interface.dir/Core/Src/main.c.obj
                0x08001820                Error_Handler
 .text.NMI_Handler
                0x0800182c        0x8 CMakeFiles/Siemens_LinuxCNC_Interface.dir/Core/Src/stm32l1xx_it.c.obj
                0x0800182c                NMI_Handler
 .text.HardFault_Handler
                0x08001834        0x8 CMakeFiles/Siemens_LinuxCNC_Interface.dir/Core/Src/stm32l1xx_it.c.obj
                0x08001834                HardFault_Handler
 .text.MemManage_Handler
                0x0800183c        0x8 CMakeFiles/Siemens_LinuxCNC_Interface.dir/Core/Src/stm32l1xx_it.c.obj
                0x0800183c                MemManage_Handler
 .text.BusFault_Handler
                0x08001844        0x8 CMakeFiles/Siemens_LinuxCNC_Interface.dir/Core/Src/stm32l1xx_it.c.obj
                0x08001844                BusFault_Handler
 .text.UsageFault_Handler
                0x0800184c        0x8 CMakeFiles/Siemens_LinuxCNC_Interface.dir/Core/Src/stm32l1xx_it.c.obj
                0x0800184c                UsageFault_Handler
 .text.SVC_Handler
                0x08001854        0xc CMakeFiles/Siemens_LinuxCNC_Interface.dir/Core/Src/stm32l1xx_it.c.obj
                0x08001854                SVC_Handler
 .text.DebugMon_Handler
                0x08001860        0xc CMakeFiles/Siemens_LinuxCNC_Interface.dir/Core/Src/stm32l1xx_it.c.obj
                0x08001860                DebugMon_Handler
 .text.PendSV_Handler
                0x0800186c        0xc CMakeFiles/Siemens_LinuxCNC_Interface.dir/Core/Src/stm32l1xx_it.c.obj
                0x0800186c                PendSV_Handler
 .text.SysTick_Handler
                0x08001878        0xc CMakeFiles/Siemens_LinuxCNC_Interface.dir/Core/Src/stm32l1xx_it.c.obj
                0x08001878                SysTick_Handler
 .text.EXTI4_IRQHandler
                0x08001884        0xe CMakeFiles/Siemens_LinuxCNC_Interface.dir/Core/Src/stm32l1xx_it.c.obj
                0x08001884                EXTI4_IRQHandler
 *fill*         0x08001892        0x2 
 .text.USB_LP_IRQHandler
                0x08001894       0x14 CMakeFiles/Siemens_LinuxCNC_Interface.dir/Core/Src/stm32l1xx_it.c.obj
                0x08001894                USB_LP_IRQHandler
 .text.EXTI9_5_IRQHandler
                0x080018a8       0x1e CMakeFiles/Siemens_LinuxCNC_Interface.dir/Core/Src/stm32l1xx_it.c.obj
                0x080018a8                EXTI9_5_IRQHandler
 *fill*         0x080018c6        0x2 
 .text.TIM3_IRQHandler
                0x080018c8       0x14 CMakeFiles/Siemens_LinuxCNC_Interface.dir/Core/Src/stm32l1xx_it.c.obj
                0x080018c8                TIM3_IRQHandler
 .text.EXTI15_10_IRQHandler
                0x080018dc       0x28 CMakeFiles/Siemens_LinuxCNC_Interface.dir/Core/Src/stm32l1xx_it.c.obj
                0x080018dc                EXTI15_10_IRQHandler
 .text.HAL_MspInit
                0x08001904       0x5c CMakeFiles/Siemens_LinuxCNC_Interface.dir/Core/Src/stm32l1xx_hal_msp.c.obj
                0x08001904                HAL_MspInit
 .text.HAL_ADC_MspInit
                0x08001960       0x80 CMakeFiles/Siemens_LinuxCNC_Interface.dir/Core/Src/stm32l1xx_hal_msp.c.obj
                0x08001960                HAL_ADC_MspInit
 .text.HAL_I2C_MspInit
                0x080019e0       0xe8 CMakeFiles/Siemens_LinuxCNC_Interface.dir/Core/Src/stm32l1xx_hal_msp.c.obj
                0x080019e0                HAL_I2C_MspInit
 .text.HAL_TIM_Base_MspInit
                0x08001ac8       0x4c CMakeFiles/Siemens_LinuxCNC_Interface.dir/Core/Src/stm32l1xx_hal_msp.c.obj
                0x08001ac8                HAL_TIM_Base_MspInit
 .text.MX_USB_DEVICE_Init
                0x08001b14       0x60 CMakeFiles/Siemens_LinuxCNC_Interface.dir/USB_DEVICE/App/usb_device.c.obj
                0x08001b14                MX_USB_DEVICE_Init
 .text.USBD_FS_DeviceDescriptor
                0x08001b74       0x24 CMakeFiles/Siemens_LinuxCNC_Interface.dir/USB_DEVICE/App/usbd_desc.c.obj
                0x08001b74                USBD_FS_DeviceDescriptor
 .text.USBD_FS_LangIDStrDescriptor
                0x08001b98       0x24 CMakeFiles/Siemens_LinuxCNC_Interface.dir/USB_DEVICE/App/usbd_desc.c.obj
                0x08001b98                USBD_FS_LangIDStrDescriptor
 .text.USBD_FS_ProductStrDescriptor
                0x08001bbc       0x3c CMakeFiles/Siemens_LinuxCNC_Interface.dir/USB_DEVICE/App/usbd_desc.c.obj
                0x08001bbc                USBD_FS_ProductStrDescriptor
 .text.USBD_FS_ManufacturerStrDescriptor
                0x08001bf8       0x28 CMakeFiles/Siemens_LinuxCNC_Interface.dir/USB_DEVICE/App/usbd_desc.c.obj
                0x08001bf8                USBD_FS_ManufacturerStrDescriptor
 .text.USBD_FS_SerialStrDescriptor
                0x08001c20       0x24 CMakeFiles/Siemens_LinuxCNC_Interface.dir/USB_DEVICE/App/usbd_desc.c.obj
                0x08001c20                USBD_FS_SerialStrDescriptor
 .text.USBD_FS_ConfigStrDescriptor
                0x08001c44       0x3c CMakeFiles/Siemens_LinuxCNC_Interface.dir/USB_DEVICE/App/usbd_desc.c.obj
                0x08001c44                USBD_FS_ConfigStrDescriptor
 .text.USBD_FS_InterfaceStrDescriptor
                0x08001c80       0x3c CMakeFiles/Siemens_LinuxCNC_Interface.dir/USB_DEVICE/App/usbd_desc.c.obj
                0x08001c80                USBD_FS_InterfaceStrDescriptor
 .text.Get_SerialNum
                0x08001cbc       0x58 CMakeFiles/Siemens_LinuxCNC_Interface.dir/USB_DEVICE/App/usbd_desc.c.obj
 .text.IntToUnicode
                0x08001d14       0x7c CMakeFiles/Siemens_LinuxCNC_Interface.dir/USB_DEVICE/App/usbd_desc.c.obj
 .text.CDC_Init_FS
                0x08001d90       0x28 CMakeFiles/Siemens_LinuxCNC_Interface.dir/USB_DEVICE/App/usbd_cdc_if.c.obj
 .text.CDC_DeInit_FS
                0x08001db8        0xe CMakeFiles/Siemens_LinuxCNC_Interface.dir/USB_DEVICE/App/usbd_cdc_if.c.obj
 *fill*         0x08001dc6        0x2 
 .text.CDC_Control_FS
                0x08001dc8       0xbc CMakeFiles/Siemens_LinuxCNC_Interface.dir/USB_DEVICE/App/usbd_cdc_if.c.obj
 .text.CDC_Receive_FS
                0x08001e84       0x44 CMakeFiles/Siemens_LinuxCNC_Interface.dir/USB_DEVICE/App/usbd_cdc_if.c.obj
 .text.CDC_Transmit_FS
                0x08001ec8       0x4c CMakeFiles/Siemens_LinuxCNC_Interface.dir/USB_DEVICE/App/usbd_cdc_if.c.obj
                0x08001ec8                CDC_Transmit_FS
 .text.HAL_PCDEx_SetConnectionState
                0x08001f14       0x3c CMakeFiles/Siemens_LinuxCNC_Interface.dir/USB_DEVICE/Target/usbd_conf.c.obj
                0x08001f14                HAL_PCDEx_SetConnectionState
 .text.HAL_PCD_MspInit
                0x08001f50       0x4c CMakeFiles/Siemens_LinuxCNC_Interface.dir/USB_DEVICE/Target/usbd_conf.c.obj
                0x08001f50                HAL_PCD_MspInit
 .text.HAL_PCD_SetupStageCallback
                0x08001f9c       0x24 CMakeFiles/Siemens_LinuxCNC_Interface.dir/USB_DEVICE/Target/usbd_conf.c.obj
                0x08001f9c                HAL_PCD_SetupStageCallback
 .text.HAL_PCD_DataOutStageCallback
                0x08001fc0       0x36 CMakeFiles/Siemens_LinuxCNC_Interface.dir/USB_DEVICE/Target/usbd_conf.c.obj
                0x08001fc0                HAL_PCD_DataOutStageCallback
 .text.HAL_PCD_DataInStageCallback
                0x08001ff6       0x34 CMakeFiles/Siemens_LinuxCNC_Interface.dir/USB_DEVICE/Target/usbd_conf.c.obj
                0x08001ff6                HAL_PCD_DataInStageCallback
 .text.HAL_PCD_SOFCallback
                0x0800202a       0x1c CMakeFiles/Siemens_LinuxCNC_Interface.dir/USB_DEVICE/Target/usbd_conf.c.obj
                0x0800202a                HAL_PCD_SOFCallback
 .text.HAL_PCD_ResetCallback
                0x08002046       0x3c CMakeFiles/Siemens_LinuxCNC_Interface.dir/USB_DEVICE/Target/usbd_conf.c.obj
                0x08002046                HAL_PCD_ResetCallback
 *fill*         0x08002082        0x2 
 .text.HAL_PCD_SuspendCallback
                0x08002084       0x34 CMakeFiles/Siemens_LinuxCNC_Interface.dir/USB_DEVICE/Target/usbd_conf.c.obj
                0x08002084                HAL_PCD_SuspendCallback
 .text.HAL_PCD_ResumeCallback
                0x080020b8       0x1c CMakeFiles/Siemens_LinuxCNC_Interface.dir/USB_DEVICE/Target/usbd_conf.c.obj
                0x080020b8                HAL_PCD_ResumeCallback
 .text.USBD_LL_Init
                0x080020d4       0xb4 CMakeFiles/Siemens_LinuxCNC_Interface.dir/USB_DEVICE/Target/usbd_conf.c.obj
                0x080020d4                USBD_LL_Init
 .text.USBD_LL_Start
                0x08002188       0x36 CMakeFiles/Siemens_LinuxCNC_Interface.dir/USB_DEVICE/Target/usbd_conf.c.obj
                0x08002188                USBD_LL_Start
 .text.USBD_LL_OpenEP
                0x080021be       0x4c CMakeFiles/Siemens_LinuxCNC_Interface.dir/USB_DEVICE/Target/usbd_conf.c.obj
                0x080021be                USBD_LL_OpenEP
 .text.USBD_LL_CloseEP
                0x0800220a       0x3e CMakeFiles/Siemens_LinuxCNC_Interface.dir/USB_DEVICE/Target/usbd_conf.c.obj
                0x0800220a                USBD_LL_CloseEP
 .text.USBD_LL_StallEP
                0x08002248       0x3e CMakeFiles/Siemens_LinuxCNC_Interface.dir/USB_DEVICE/Target/usbd_conf.c.obj
                0x08002248                USBD_LL_StallEP
 .text.USBD_LL_ClearStallEP
                0x08002286       0x3e CMakeFiles/Siemens_LinuxCNC_Interface.dir/USB_DEVICE/Target/usbd_conf.c.obj
                0x08002286                USBD_LL_ClearStallEP
 .text.USBD_LL_IsStallEP
                0x080022c4       0x58 CMakeFiles/Siemens_LinuxCNC_Interface.dir/USB_DEVICE/Target/usbd_conf.c.obj
                0x080022c4                USBD_LL_IsStallEP
 .text.USBD_LL_SetUSBAddress
                0x0800231c       0x3e CMakeFiles/Siemens_LinuxCNC_Interface.dir/USB_DEVICE/Target/usbd_conf.c.obj
                0x0800231c                USBD_LL_SetUSBAddress
 .text.USBD_LL_Transmit
                0x0800235a       0x46 CMakeFiles/Siemens_LinuxCNC_Interface.dir/USB_DEVICE/Target/usbd_conf.c.obj
                0x0800235a                USBD_LL_Transmit
 .text.USBD_LL_PrepareReceive
                0x080023a0       0x46 CMakeFiles/Siemens_LinuxCNC_Interface.dir/USB_DEVICE/Target/usbd_conf.c.obj
                0x080023a0                USBD_LL_PrepareReceive
 .text.USBD_LL_GetRxDataSize
                0x080023e6       0x26 CMakeFiles/Siemens_LinuxCNC_Interface.dir/USB_DEVICE/Target/usbd_conf.c.obj
                0x080023e6                USBD_LL_GetRxDataSize
 .text.USBD_static_malloc
                0x0800240c       0x18 CMakeFiles/Siemens_LinuxCNC_Interface.dir/USB_DEVICE/Target/usbd_conf.c.obj
                0x0800240c                USBD_static_malloc
 .text.USBD_static_free
                0x08002424       0x12 CMakeFiles/Siemens_LinuxCNC_Interface.dir/USB_DEVICE/Target/usbd_conf.c.obj
                0x08002424                USBD_static_free
 *fill*         0x08002436        0x2 
 .text.USBD_Get_USB_Status
                0x08002438       0x58 CMakeFiles/Siemens_LinuxCNC_Interface.dir/USB_DEVICE/Target/usbd_conf.c.obj
 .text.HAL_PCD_Init
                0x08002490      0x1a4 CMakeFiles/Siemens_LinuxCNC_Interface.dir/Drivers/STM32L1xx_HAL_Driver/Src/stm32l1xx_hal_pcd.c.obj
                0x08002490                HAL_PCD_Init
 .text.HAL_PCD_Start
                0x08002634       0x4c CMakeFiles/Siemens_LinuxCNC_Interface.dir/Drivers/STM32L1xx_HAL_Driver/Src/stm32l1xx_hal_pcd.c.obj
                0x08002634                HAL_PCD_Start
 .text.HAL_PCD_IRQHandler
                0x08002680      0x1a8 CMakeFiles/Siemens_LinuxCNC_Interface.dir/Drivers/STM32L1xx_HAL_Driver/Src/stm32l1xx_hal_pcd.c.obj
                0x08002680                HAL_PCD_IRQHandler
 .text.HAL_PCD_SetAddress
                0x08002828       0x4a CMakeFiles/Siemens_LinuxCNC_Interface.dir/Drivers/STM32L1xx_HAL_Driver/Src/stm32l1xx_hal_pcd.c.obj
                0x08002828                HAL_PCD_SetAddress
 .text.HAL_PCD_EP_Open
                0x08002872       0xba CMakeFiles/Siemens_LinuxCNC_Interface.dir/Drivers/STM32L1xx_HAL_Driver/Src/stm32l1xx_hal_pcd.c.obj
                0x08002872                HAL_PCD_EP_Open
 .text.HAL_PCD_EP_Close
                0x0800292c       0x90 CMakeFiles/Siemens_LinuxCNC_Interface.dir/Drivers/STM32L1xx_HAL_Driver/Src/stm32l1xx_hal_pcd.c.obj
                0x0800292c                HAL_PCD_EP_Close
 .text.HAL_PCD_EP_Receive
                0x080029bc       0x62 CMakeFiles/Siemens_LinuxCNC_Interface.dir/Drivers/STM32L1xx_HAL_Driver/Src/stm32l1xx_hal_pcd.c.obj
                0x080029bc                HAL_PCD_EP_Receive
 .text.HAL_PCD_EP_GetRxCount
                0x08002a1e       0x2e CMakeFiles/Siemens_LinuxCNC_Interface.dir/Drivers/STM32L1xx_HAL_Driver/Src/stm32l1xx_hal_pcd.c.obj
                0x08002a1e                HAL_PCD_EP_GetRxCount
 .text.HAL_PCD_EP_Transmit
                0x08002a4c       0x6e CMakeFiles/Siemens_LinuxCNC_Interface.dir/Drivers/STM32L1xx_HAL_Driver/Src/stm32l1xx_hal_pcd.c.obj
                0x08002a4c                HAL_PCD_EP_Transmit
 .text.HAL_PCD_EP_SetStall
                0x08002aba       0xa4 CMakeFiles/Siemens_LinuxCNC_Interface.dir/Drivers/STM32L1xx_HAL_Driver/Src/stm32l1xx_hal_pcd.c.obj
                0x08002aba                HAL_PCD_EP_SetStall
 .text.HAL_PCD_EP_ClrStall
                0x08002b5e       0xa8 CMakeFiles/Siemens_LinuxCNC_Interface.dir/Drivers/STM32L1xx_HAL_Driver/Src/stm32l1xx_hal_pcd.c.obj
                0x08002b5e                HAL_PCD_EP_ClrStall
 .text.PCD_EP_ISR_Handler
                0x08002c06      0x7a4 CMakeFiles/Siemens_LinuxCNC_Interface.dir/Drivers/STM32L1xx_HAL_Driver/Src/stm32l1xx_hal_pcd.c.obj
 .text.HAL_PCD_EP_DB_Receive
                0x080033aa      0x21a CMakeFiles/Siemens_LinuxCNC_Interface.dir/Drivers/STM32L1xx_HAL_Driver/Src/stm32l1xx_hal_pcd.c.obj
 .text.HAL_PCD_EP_DB_Transmit
                0x080035c4      0x7f4 CMakeFiles/Siemens_LinuxCNC_Interface.dir/Drivers/STM32L1xx_HAL_Driver/Src/stm32l1xx_hal_pcd.c.obj
 .text.HAL_PCDEx_PMAConfig
                0x08003db8       0x84 CMakeFiles/Siemens_LinuxCNC_Interface.dir/Drivers/STM32L1xx_HAL_Driver/Src/stm32l1xx_hal_pcd_ex.c.obj
                0x08003db8                HAL_PCDEx_PMAConfig
 .text.USB_EnableGlobalInt
                0x08003e3c       0x2c CMakeFiles/Siemens_LinuxCNC_Interface.dir/Drivers/STM32L1xx_HAL_Driver/Src/stm32l1xx_ll_usb.c.obj
                0x08003e3c                USB_EnableGlobalInt
 .text.USB_DisableGlobalInt
                0x08003e68       0x34 CMakeFiles/Siemens_LinuxCNC_Interface.dir/Drivers/STM32L1xx_HAL_Driver/Src/stm32l1xx_ll_usb.c.obj
                0x08003e68                USB_DisableGlobalInt
 .text.USB_DevInit
                0x08003e9c       0x40 CMakeFiles/Siemens_LinuxCNC_Interface.dir/Drivers/STM32L1xx_HAL_Driver/Src/stm32l1xx_ll_usb.c.obj
                0x08003e9c                USB_DevInit
 .text.USB_ActivateEndpoint
                0x08003edc      0x780 CMakeFiles/Siemens_LinuxCNC_Interface.dir/Drivers/STM32L1xx_HAL_Driver/Src/stm32l1xx_ll_usb.c.obj
                0x08003edc                USB_ActivateEndpoint
 .text.USB_DeactivateEndpoint
                0x0800465c      0x3d8 CMakeFiles/Siemens_LinuxCNC_Interface.dir/Drivers/STM32L1xx_HAL_Driver/Src/stm32l1xx_ll_usb.c.obj
                0x0800465c                USB_DeactivateEndpoint
 .text.USB_EPStartXfer
                0x08004a34     0x1762 CMakeFiles/Siemens_LinuxCNC_Interface.dir/Drivers/STM32L1xx_HAL_Driver/Src/stm32l1xx_ll_usb.c.obj
                0x08004a34                USB_EPStartXfer
 .text.USB_EPSetStall
                0x08006196       0xa0 CMakeFiles/Siemens_LinuxCNC_Interface.dir/Drivers/STM32L1xx_HAL_Driver/Src/stm32l1xx_ll_usb.c.obj
                0x08006196                USB_EPSetStall
 .text.USB_EPClearStall
                0x08006236      0x15a CMakeFiles/Siemens_LinuxCNC_Interface.dir/Drivers/STM32L1xx_HAL_Driver/Src/stm32l1xx_ll_usb.c.obj
                0x08006236                USB_EPClearStall
 .text.USB_SetDevAddress
                0x08006390       0x26 CMakeFiles/Siemens_LinuxCNC_Interface.dir/Drivers/STM32L1xx_HAL_Driver/Src/stm32l1xx_ll_usb.c.obj
                0x08006390                USB_SetDevAddress
 .text.USB_DevConnect
                0x080063b6       0x14 CMakeFiles/Siemens_LinuxCNC_Interface.dir/Drivers/STM32L1xx_HAL_Driver/Src/stm32l1xx_ll_usb.c.obj
                0x080063b6                USB_DevConnect
 .text.USB_ReadInterrupts
                0x080063ca       0x1e CMakeFiles/Siemens_LinuxCNC_Interface.dir/Drivers/STM32L1xx_HAL_Driver/Src/stm32l1xx_ll_usb.c.obj
                0x080063ca                USB_ReadInterrupts
 .text.USB_WritePMA
                0x080063e8       0x8a CMakeFiles/Siemens_LinuxCNC_Interface.dir/Drivers/STM32L1xx_HAL_Driver/Src/stm32l1xx_ll_usb.c.obj
                0x080063e8                USB_WritePMA
 .text.USB_ReadPMA
                0x08006472       0x9e CMakeFiles/Siemens_LinuxCNC_Interface.dir/Drivers/STM32L1xx_HAL_Driver/Src/stm32l1xx_ll_usb.c.obj
                0x08006472                USB_ReadPMA
 .text.HAL_Init
                0x08006510       0x30 CMakeFiles/Siemens_LinuxCNC_Interface.dir/Drivers/STM32L1xx_HAL_Driver/Src/stm32l1xx_hal.c.obj
                0x08006510                HAL_Init
 .text.HAL_InitTick
                0x08006540       0x74 CMakeFiles/Siemens_LinuxCNC_Interface.dir/Drivers/STM32L1xx_HAL_Driver/Src/stm32l1xx_hal.c.obj
                0x08006540                HAL_InitTick
 .text.HAL_IncTick
                0x080065b4       0x24 CMakeFiles/Siemens_LinuxCNC_Interface.dir/Drivers/STM32L1xx_HAL_Driver/Src/stm32l1xx_hal.c.obj
                0x080065b4                HAL_IncTick
 .text.HAL_GetTick
                0x080065d8       0x14 CMakeFiles/Siemens_LinuxCNC_Interface.dir/Drivers/STM32L1xx_HAL_Driver/Src/stm32l1xx_hal.c.obj
                0x080065d8                HAL_GetTick
 .text.HAL_Delay
                0x080065ec       0x44 CMakeFiles/Siemens_LinuxCNC_Interface.dir/Drivers/STM32L1xx_HAL_Driver/Src/stm32l1xx_hal.c.obj
                0x080065ec                HAL_Delay
 .text.HAL_RCC_OscConfig
                0x08006630      0x660 CMakeFiles/Siemens_LinuxCNC_Interface.dir/Drivers/STM32L1xx_HAL_Driver/Src/stm32l1xx_hal_rcc.c.obj
                0x08006630                HAL_RCC_OscConfig
 .text.HAL_RCC_ClockConfig
                0x08006c90      0x268 CMakeFiles/Siemens_LinuxCNC_Interface.dir/Drivers/STM32L1xx_HAL_Driver/Src/stm32l1xx_hal_rcc.c.obj
                0x08006c90                HAL_RCC_ClockConfig
 .text.HAL_RCC_GetSysClockFreq
                0x08006ef8      0x1fc CMakeFiles/Siemens_LinuxCNC_Interface.dir/Drivers/STM32L1xx_HAL_Driver/Src/stm32l1xx_hal_rcc.c.obj
                0x08006ef8                HAL_RCC_GetSysClockFreq
 .text.HAL_RCC_GetHCLKFreq
                0x080070f4       0x14 CMakeFiles/Siemens_LinuxCNC_Interface.dir/Drivers/STM32L1xx_HAL_Driver/Src/stm32l1xx_hal_rcc.c.obj
                0x080070f4                HAL_RCC_GetHCLKFreq
 .text.HAL_RCC_GetPCLK1Freq
                0x08007108       0x28 CMakeFiles/Siemens_LinuxCNC_Interface.dir/Drivers/STM32L1xx_HAL_Driver/Src/stm32l1xx_hal_rcc.c.obj
                0x08007108                HAL_RCC_GetPCLK1Freq
 .text.RCC_SetFlashLatencyFromMSIRange
                0x08007130       0xc0 CMakeFiles/Siemens_LinuxCNC_Interface.dir/Drivers/STM32L1xx_HAL_Driver/Src/stm32l1xx_hal_rcc.c.obj
 .text.HAL_GPIO_Init
                0x080071f0      0x300 CMakeFiles/Siemens_LinuxCNC_Interface.dir/Drivers/STM32L1xx_HAL_Driver/Src/stm32l1xx_hal_gpio.c.obj
                0x080071f0                HAL_GPIO_Init
 .text.HAL_GPIO_WritePin
                0x080074f0       0x30 CMakeFiles/Siemens_LinuxCNC_Interface.dir/Drivers/STM32L1xx_HAL_Driver/Src/stm32l1xx_hal_gpio.c.obj
                0x080074f0                HAL_GPIO_WritePin
 .text.HAL_GPIO_TogglePin
                0x08007520       0x32 CMakeFiles/Siemens_LinuxCNC_Interface.dir/Drivers/STM32L1xx_HAL_Driver/Src/stm32l1xx_hal_gpio.c.obj
                0x08007520                HAL_GPIO_TogglePin
 *fill*         0x08007552        0x2 
 .text.HAL_GPIO_EXTI_IRQHandler
                0x08007554       0x30 CMakeFiles/Siemens_LinuxCNC_Interface.dir/Drivers/STM32L1xx_HAL_Driver/Src/stm32l1xx_hal_gpio.c.obj
                0x08007554                HAL_GPIO_EXTI_IRQHandler
 .text.__NVIC_SetPriorityGrouping
                0x08007584       0x48 CMakeFiles/Siemens_LinuxCNC_Interface.dir/Drivers/STM32L1xx_HAL_Driver/Src/stm32l1xx_hal_cortex.c.obj
 .text.__NVIC_GetPriorityGrouping
                0x080075cc       0x1c CMakeFiles/Siemens_LinuxCNC_Interface.dir/Drivers/STM32L1xx_HAL_Driver/Src/stm32l1xx_hal_cortex.c.obj
 .text.__NVIC_EnableIRQ
                0x080075e8       0x38 CMakeFiles/Siemens_LinuxCNC_Interface.dir/Drivers/STM32L1xx_HAL_Driver/Src/stm32l1xx_hal_cortex.c.obj
 .text.__NVIC_SetPriority
                0x08007620       0x54 CMakeFiles/Siemens_LinuxCNC_Interface.dir/Drivers/STM32L1xx_HAL_Driver/Src/stm32l1xx_hal_cortex.c.obj
 .text.NVIC_EncodePriority
                0x08007674       0x64 CMakeFiles/Siemens_LinuxCNC_Interface.dir/Drivers/STM32L1xx_HAL_Driver/Src/stm32l1xx_hal_cortex.c.obj
 .text.SysTick_Config
                0x080076d8       0x44 CMakeFiles/Siemens_LinuxCNC_Interface.dir/Drivers/STM32L1xx_HAL_Driver/Src/stm32l1xx_hal_cortex.c.obj
 .text.HAL_NVIC_SetPriorityGrouping
                0x0800771c       0x16 CMakeFiles/Siemens_LinuxCNC_Interface.dir/Drivers/STM32L1xx_HAL_Driver/Src/stm32l1xx_hal_cortex.c.obj
                0x0800771c                HAL_NVIC_SetPriorityGrouping
 .text.HAL_NVIC_SetPriority
                0x08007732       0x38 CMakeFiles/Siemens_LinuxCNC_Interface.dir/Drivers/STM32L1xx_HAL_Driver/Src/stm32l1xx_hal_cortex.c.obj
                0x08007732                HAL_NVIC_SetPriority
 .text.HAL_NVIC_EnableIRQ
                0x0800776a       0x1c CMakeFiles/Siemens_LinuxCNC_Interface.dir/Drivers/STM32L1xx_HAL_Driver/Src/stm32l1xx_hal_cortex.c.obj
                0x0800776a                HAL_NVIC_EnableIRQ
 .text.HAL_SYSTICK_Config
                0x08007786       0x18 CMakeFiles/Siemens_LinuxCNC_Interface.dir/Drivers/STM32L1xx_HAL_Driver/Src/stm32l1xx_hal_cortex.c.obj
                0x08007786                HAL_SYSTICK_Config
 *fill*         0x0800779e        0x2 
 .text.HAL_ADC_Init
                0x080077a0      0x28c CMakeFiles/Siemens_LinuxCNC_Interface.dir/Drivers/STM32L1xx_HAL_Driver/Src/stm32l1xx_hal_adc.c.obj
                0x080077a0                HAL_ADC_Init
 .text.HAL_ADC_ConfigChannel
                0x08007a2c      0x2a0 CMakeFiles/Siemens_LinuxCNC_Interface.dir/Drivers/STM32L1xx_HAL_Driver/Src/stm32l1xx_hal_adc.c.obj
                0x08007a2c                HAL_ADC_ConfigChannel
 .text.HAL_I2C_Init
                0x08007ccc      0x288 CMakeFiles/Siemens_LinuxCNC_Interface.dir/Drivers/STM32L1xx_HAL_Driver/Src/stm32l1xx_hal_i2c.c.obj
                0x08007ccc                HAL_I2C_Init
 .text.HAL_I2C_Mem_Write
                0x08007f54      0x1f4 CMakeFiles/Siemens_LinuxCNC_Interface.dir/Drivers/STM32L1xx_HAL_Driver/Src/stm32l1xx_hal_i2c.c.obj
                0x08007f54                HAL_I2C_Mem_Write
 .text.HAL_I2C_Mem_Read
                0x08008148      0x44c CMakeFiles/Siemens_LinuxCNC_Interface.dir/Drivers/STM32L1xx_HAL_Driver/Src/stm32l1xx_hal_i2c.c.obj
                0x08008148                HAL_I2C_Mem_Read
 .text.HAL_I2C_IsDeviceReady
                0x08008594      0x25c CMakeFiles/Siemens_LinuxCNC_Interface.dir/Drivers/STM32L1xx_HAL_Driver/Src/stm32l1xx_hal_i2c.c.obj
                0x08008594                HAL_I2C_IsDeviceReady
 .text.I2C_RequestMemoryWrite
                0x080087f0      0x12c CMakeFiles/Siemens_LinuxCNC_Interface.dir/Drivers/STM32L1xx_HAL_Driver/Src/stm32l1xx_hal_i2c.c.obj
 .text.I2C_RequestMemoryRead
                0x0800891c      0x1d0 CMakeFiles/Siemens_LinuxCNC_Interface.dir/Drivers/STM32L1xx_HAL_Driver/Src/stm32l1xx_hal_i2c.c.obj
 .text.I2C_WaitOnFlagUntilTimeout
                0x08008aec       0xf4 CMakeFiles/Siemens_LinuxCNC_Interface.dir/Drivers/STM32L1xx_HAL_Driver/Src/stm32l1xx_hal_i2c.c.obj
 .text.I2C_WaitOnMasterAddressFlagUntilTimeout
                0x08008be0      0x140 CMakeFiles/Siemens_LinuxCNC_Interface.dir/Drivers/STM32L1xx_HAL_Driver/Src/stm32l1xx_hal_i2c.c.obj
 .text.I2C_WaitOnTXEFlagUntilTimeout
                0x08008d20       0x90 CMakeFiles/Siemens_LinuxCNC_Interface.dir/Drivers/STM32L1xx_HAL_Driver/Src/stm32l1xx_hal_i2c.c.obj
 .text.I2C_WaitOnBTFFlagUntilTimeout
                0x08008db0       0x90 CMakeFiles/Siemens_LinuxCNC_Interface.dir/Drivers/STM32L1xx_HAL_Driver/Src/stm32l1xx_hal_i2c.c.obj
 .text.I2C_WaitOnRXNEFlagUntilTimeout
                0x08008e40       0xba CMakeFiles/Siemens_LinuxCNC_Interface.dir/Drivers/STM32L1xx_HAL_Driver/Src/stm32l1xx_hal_i2c.c.obj
 .text.I2C_IsAcknowledgeFailed
                0x08008efa       0x5c CMakeFiles/Siemens_LinuxCNC_Interface.dir/Drivers/STM32L1xx_HAL_Driver/Src/stm32l1xx_hal_i2c.c.obj
 .text.HAL_TIM_Base_Init
                0x08008f56       0x7e CMakeFiles/Siemens_LinuxCNC_Interface.dir/Drivers/STM32L1xx_HAL_Driver/Src/stm32l1xx_hal_tim.c.obj
                0x08008f56                HAL_TIM_Base_Init
 .text.HAL_TIM_IRQHandler
                0x08008fd4      0x1b8 CMakeFiles/Siemens_LinuxCNC_Interface.dir/Drivers/STM32L1xx_HAL_Driver/Src/stm32l1xx_hal_tim.c.obj
                0x08008fd4                HAL_TIM_IRQHandler
 .text.HAL_TIM_ConfigClockSource
                0x0800918c      0x18e CMakeFiles/Siemens_LinuxCNC_Interface.dir/Drivers/STM32L1xx_HAL_Driver/Src/stm32l1xx_hal_tim.c.obj
                0x0800918c                HAL_TIM_ConfigClockSource
 .text.HAL_TIM_PeriodElapsedCallback
                0x0800931a       0x12 CMakeFiles/Siemens_LinuxCNC_Interface.dir/Drivers/STM32L1xx_HAL_Driver/Src/stm32l1xx_hal_tim.c.obj
                0x0800931a                HAL_TIM_PeriodElapsedCallback
 .text.HAL_TIM_OC_DelayElapsedCallback
                0x0800932c       0x12 CMakeFiles/Siemens_LinuxCNC_Interface.dir/Drivers/STM32L1xx_HAL_Driver/Src/stm32l1xx_hal_tim.c.obj
                0x0800932c                HAL_TIM_OC_DelayElapsedCallback
 .text.HAL_TIM_IC_CaptureCallback
                0x0800933e       0x12 CMakeFiles/Siemens_LinuxCNC_Interface.dir/Drivers/STM32L1xx_HAL_Driver/Src/stm32l1xx_hal_tim.c.obj
                0x0800933e                HAL_TIM_IC_CaptureCallback
 .text.HAL_TIM_PWM_PulseFinishedCallback
                0x08009350       0x12 CMakeFiles/Siemens_LinuxCNC_Interface.dir/Drivers/STM32L1xx_HAL_Driver/Src/stm32l1xx_hal_tim.c.obj
                0x08009350                HAL_TIM_PWM_PulseFinishedCallback
 .text.HAL_TIM_TriggerCallback
                0x08009362       0x12 CMakeFiles/Siemens_LinuxCNC_Interface.dir/Drivers/STM32L1xx_HAL_Driver/Src/stm32l1xx_hal_tim.c.obj
                0x08009362                HAL_TIM_TriggerCallback
 .text.TIM_Base_SetConfig
                0x08009374       0xe0 CMakeFiles/Siemens_LinuxCNC_Interface.dir/Drivers/STM32L1xx_HAL_Driver/Src/stm32l1xx_hal_tim.c.obj
 .text.TIM_TI1_ConfigInputStage
                0x08009454       0x5c CMakeFiles/Siemens_LinuxCNC_Interface.dir/Drivers/STM32L1xx_HAL_Driver/Src/stm32l1xx_hal_tim.c.obj
 .text.TIM_TI2_ConfigInputStage
                0x080094b0       0x5e CMakeFiles/Siemens_LinuxCNC_Interface.dir/Drivers/STM32L1xx_HAL_Driver/Src/stm32l1xx_hal_tim.c.obj
 .text.TIM_ITRx_SetConfig
                0x0800950e       0x34 CMakeFiles/Siemens_LinuxCNC_Interface.dir/Drivers/STM32L1xx_HAL_Driver/Src/stm32l1xx_hal_tim.c.obj
 .text.TIM_ETR_SetConfig
                0x08009542       0x3e CMakeFiles/Siemens_LinuxCNC_Interface.dir/Drivers/STM32L1xx_HAL_Driver/Src/stm32l1xx_hal_tim.c.obj
 .text.HAL_TIMEx_MasterConfigSynchronization
                0x08009580       0xbc CMakeFiles/Siemens_LinuxCNC_Interface.dir/Drivers/STM32L1xx_HAL_Driver/Src/stm32l1xx_hal_tim_ex.c.obj
                0x08009580                HAL_TIMEx_MasterConfigSynchronization
 .text.SystemInit
                0x0800963c        0xc CMakeFiles/Siemens_LinuxCNC_Interface.dir/Core/Src/system_stm32l1xx.c.obj
                0x0800963c                SystemInit
 .text.USBD_Init
                0x08009648       0x56 CMakeFiles/Siemens_LinuxCNC_Interface.dir/Middlewares/ST/STM32_USB_Device_Library/Core/Src/usbd_core.c.obj
                0x08009648                USBD_Init
 .text.USBD_RegisterClass
                0x0800969e       0x32 CMakeFiles/Siemens_LinuxCNC_Interface.dir/Middlewares/ST/STM32_USB_Device_Library/Core/Src/usbd_core.c.obj
                0x0800969e                USBD_RegisterClass
 .text.USBD_Start
                0x080096d0       0x18 CMakeFiles/Siemens_LinuxCNC_Interface.dir/Middlewares/ST/STM32_USB_Device_Library/Core/Src/usbd_core.c.obj
                0x080096d0                USBD_Start
 .text.USBD_RunTestMode
                0x080096e8       0x14 CMakeFiles/Siemens_LinuxCNC_Interface.dir/Middlewares/ST/STM32_USB_Device_Library/Core/Src/usbd_core.c.obj
                0x080096e8                USBD_RunTestMode
 .text.USBD_SetClassConfig
                0x080096fc       0x3e CMakeFiles/Siemens_LinuxCNC_Interface.dir/Middlewares/ST/STM32_USB_Device_Library/Core/Src/usbd_core.c.obj
                0x080096fc                USBD_SetClassConfig
 .text.USBD_ClrClassConfig
                0x0800973a       0x26 CMakeFiles/Siemens_LinuxCNC_Interface.dir/Middlewares/ST/STM32_USB_Device_Library/Core/Src/usbd_core.c.obj
                0x0800973a                USBD_ClrClassConfig
 .text.USBD_LL_SetupStage
                0x08009760       0x9a CMakeFiles/Siemens_LinuxCNC_Interface.dir/Middlewares/ST/STM32_USB_Device_Library/Core/Src/usbd_core.c.obj
                0x08009760                USBD_LL_SetupStage
 .text.USBD_LL_DataOutStage
                0x080097fa       0xe2 CMakeFiles/Siemens_LinuxCNC_Interface.dir/Middlewares/ST/STM32_USB_Device_Library/Core/Src/usbd_core.c.obj
                0x080097fa                USBD_LL_DataOutStage
 .text.USBD_LL_DataInStage
                0x080098dc      0x14a CMakeFiles/Siemens_LinuxCNC_Interface.dir/Middlewares/ST/STM32_USB_Device_Library/Core/Src/usbd_core.c.obj
                0x080098dc                USBD_LL_DataInStage
 .text.USBD_LL_Reset
                0x08009a26       0x82 CMakeFiles/Siemens_LinuxCNC_Interface.dir/Middlewares/ST/STM32_USB_Device_Library/Core/Src/usbd_core.c.obj
                0x08009a26                USBD_LL_Reset
 .text.USBD_LL_SetSpeed
                0x08009aa8       0x1e CMakeFiles/Siemens_LinuxCNC_Interface.dir/Middlewares/ST/STM32_USB_Device_Library/Core/Src/usbd_core.c.obj
                0x08009aa8                USBD_LL_SetSpeed
 .text.USBD_LL_Suspend
                0x08009ac6       0x28 CMakeFiles/Siemens_LinuxCNC_Interface.dir/Middlewares/ST/STM32_USB_Device_Library/Core/Src/usbd_core.c.obj
                0x08009ac6                USBD_LL_Suspend
 .text.USBD_LL_Resume
                0x08009aee       0x20 CMakeFiles/Siemens_LinuxCNC_Interface.dir/Middlewares/ST/STM32_USB_Device_Library/Core/Src/usbd_core.c.obj
                0x08009aee                USBD_LL_Resume
 .text.USBD_LL_SOF
                0x08009b0e       0x34 CMakeFiles/Siemens_LinuxCNC_Interface.dir/Middlewares/ST/STM32_USB_Device_Library/Core/Src/usbd_core.c.obj
                0x08009b0e                USBD_LL_SOF
 *fill*         0x08009b42        0x2 
 .text.USBD_StdDevReq
                0x08009b44       0xd4 CMakeFiles/Siemens_LinuxCNC_Interface.dir/Middlewares/ST/STM32_USB_Device_Library/Core/Src/usbd_ctlreq.c.obj
                0x08009b44                USBD_StdDevReq
 .text.USBD_StdItfReq
                0x08009c18       0x90 CMakeFiles/Siemens_LinuxCNC_Interface.dir/Middlewares/ST/STM32_USB_Device_Library/Core/Src/usbd_ctlreq.c.obj
                0x08009c18                USBD_StdItfReq
 .text.USBD_StdEPReq
                0x08009ca8      0x2c2 CMakeFiles/Siemens_LinuxCNC_Interface.dir/Middlewares/ST/STM32_USB_Device_Library/Core/Src/usbd_ctlreq.c.obj
                0x08009ca8                USBD_StdEPReq
 *fill*         0x08009f6a        0x2 
 .text.USBD_GetDescriptor
                0x08009f6c      0x1f4 CMakeFiles/Siemens_LinuxCNC_Interface.dir/Middlewares/ST/STM32_USB_Device_Library/Core/Src/usbd_ctlreq.c.obj
 .text.USBD_SetAddress
                0x0800a160       0x86 CMakeFiles/Siemens_LinuxCNC_Interface.dir/Middlewares/ST/STM32_USB_Device_Library/Core/Src/usbd_ctlreq.c.obj
 *fill*         0x0800a1e6        0x2 
 .text.USBD_SetConfig
                0x0800a1e8      0x11c CMakeFiles/Siemens_LinuxCNC_Interface.dir/Middlewares/ST/STM32_USB_Device_Library/Core/Src/usbd_ctlreq.c.obj
 .text.USBD_GetConfig
                0x0800a304       0x6a CMakeFiles/Siemens_LinuxCNC_Interface.dir/Middlewares/ST/STM32_USB_Device_Library/Core/Src/usbd_ctlreq.c.obj
 .text.USBD_GetStatus
                0x0800a36e       0x66 CMakeFiles/Siemens_LinuxCNC_Interface.dir/Middlewares/ST/STM32_USB_Device_Library/Core/Src/usbd_ctlreq.c.obj
 .text.USBD_SetFeature
                0x0800a3d4       0x28 CMakeFiles/Siemens_LinuxCNC_Interface.dir/Middlewares/ST/STM32_USB_Device_Library/Core/Src/usbd_ctlreq.c.obj
 .text.USBD_ClrFeature
                0x0800a3fc       0x42 CMakeFiles/Siemens_LinuxCNC_Interface.dir/Middlewares/ST/STM32_USB_Device_Library/Core/Src/usbd_ctlreq.c.obj
 .text.USBD_ParseSetupRequest
                0x0800a43e       0x72 CMakeFiles/Siemens_LinuxCNC_Interface.dir/Middlewares/ST/STM32_USB_Device_Library/Core/Src/usbd_ctlreq.c.obj
                0x0800a43e                USBD_ParseSetupRequest
 .text.USBD_CtlError
                0x0800a4b0       0x22 CMakeFiles/Siemens_LinuxCNC_Interface.dir/Middlewares/ST/STM32_USB_Device_Library/Core/Src/usbd_ctlreq.c.obj
                0x0800a4b0                USBD_CtlError
 .text.USBD_GetString
                0x0800a4d2       0x84 CMakeFiles/Siemens_LinuxCNC_Interface.dir/Middlewares/ST/STM32_USB_Device_Library/Core/Src/usbd_ctlreq.c.obj
                0x0800a4d2                USBD_GetString
 .text.USBD_GetLen
                0x0800a556       0x2e CMakeFiles/Siemens_LinuxCNC_Interface.dir/Middlewares/ST/STM32_USB_Device_Library/Core/Src/usbd_ctlreq.c.obj
 .text.USBD_CtlSendData
                0x0800a584       0x38 CMakeFiles/Siemens_LinuxCNC_Interface.dir/Middlewares/ST/STM32_USB_Device_Library/Core/Src/usbd_ioreq.c.obj
                0x0800a584                USBD_CtlSendData
 .text.USBD_CtlContinueSendData
                0x0800a5bc       0x24 CMakeFiles/Siemens_LinuxCNC_Interface.dir/Middlewares/ST/STM32_USB_Device_Library/Core/Src/usbd_ioreq.c.obj
                0x0800a5bc                USBD_CtlContinueSendData
 .text.USBD_CtlPrepareRx
                0x0800a5e0       0x3c CMakeFiles/Siemens_LinuxCNC_Interface.dir/Middlewares/ST/STM32_USB_Device_Library/Core/Src/usbd_ioreq.c.obj
                0x0800a5e0                USBD_CtlPrepareRx
 .text.USBD_CtlContinueRx
                0x0800a61c       0x24 CMakeFiles/Siemens_LinuxCNC_Interface.dir/Middlewares/ST/STM32_USB_Device_Library/Core/Src/usbd_ioreq.c.obj
                0x0800a61c                USBD_CtlContinueRx
 .text.USBD_CtlSendStatus
                0x0800a640       0x26 CMakeFiles/Siemens_LinuxCNC_Interface.dir/Middlewares/ST/STM32_USB_Device_Library/Core/Src/usbd_ioreq.c.obj
                0x0800a640                USBD_CtlSendStatus
 .text.USBD_CtlReceiveStatus
                0x0800a666       0x26 CMakeFiles/Siemens_LinuxCNC_Interface.dir/Middlewares/ST/STM32_USB_Device_Library/Core/Src/usbd_ioreq.c.obj
                0x0800a666                USBD_CtlReceiveStatus
 .text.USBD_CDC_Init
                0x0800a68c       0xf4 CMakeFiles/Siemens_LinuxCNC_Interface.dir/Middlewares/ST/STM32_USB_Device_Library/Class/CDC/Src/usbd_cdc.c.obj
 .text.USBD_CDC_DeInit
                0x0800a780       0x6e CMakeFiles/Siemens_LinuxCNC_Interface.dir/Middlewares/ST/STM32_USB_Device_Library/Class/CDC/Src/usbd_cdc.c.obj
 .text.USBD_CDC_Setup
                0x0800a7ee      0x146 CMakeFiles/Siemens_LinuxCNC_Interface.dir/Middlewares/ST/STM32_USB_Device_Library/Class/CDC/Src/usbd_cdc.c.obj
 .text.USBD_CDC_DataIn
                0x0800a934       0xa6 CMakeFiles/Siemens_LinuxCNC_Interface.dir/Middlewares/ST/STM32_USB_Device_Library/Class/CDC/Src/usbd_cdc.c.obj
 .text.USBD_CDC_DataOut
                0x0800a9da       0x56 CMakeFiles/Siemens_LinuxCNC_Interface.dir/Middlewares/ST/STM32_USB_Device_Library/Class/CDC/Src/usbd_cdc.c.obj
 .text.USBD_CDC_EP0_RxReady
                0x0800aa30       0x4e CMakeFiles/Siemens_LinuxCNC_Interface.dir/Middlewares/ST/STM32_USB_Device_Library/Class/CDC/Src/usbd_cdc.c.obj
 *fill*         0x0800aa7e        0x2 
 .text.USBD_CDC_GetFSCfgDesc
                0x0800aa80       0x20 CMakeFiles/Siemens_LinuxCNC_Interface.dir/Middlewares/ST/STM32_USB_Device_Library/Class/CDC/Src/usbd_cdc.c.obj
 .text.USBD_CDC_GetHSCfgDesc
                0x0800aaa0       0x20 CMakeFiles/Siemens_LinuxCNC_Interface.dir/Middlewares/ST/STM32_USB_Device_Library/Class/CDC/Src/usbd_cdc.c.obj
 .text.USBD_CDC_GetOtherSpeedCfgDesc
                0x0800aac0       0x20 CMakeFiles/Siemens_LinuxCNC_Interface.dir/Middlewares/ST/STM32_USB_Device_Library/Class/CDC/Src/usbd_cdc.c.obj
 .text.USBD_CDC_GetDeviceQualifierDescriptor
                0x0800aae0       0x20 CMakeFiles/Siemens_LinuxCNC_Interface.dir/Middlewares/ST/STM32_USB_Device_Library/Class/CDC/Src/usbd_cdc.c.obj
                0x0800aae0                USBD_CDC_GetDeviceQualifierDescriptor
 .text.USBD_CDC_RegisterInterface
                0x0800ab00       0x2c CMakeFiles/Siemens_LinuxCNC_Interface.dir/Middlewares/ST/STM32_USB_Device_Library/Class/CDC/Src/usbd_cdc.c.obj
                0x0800ab00                USBD_CDC_RegisterInterface
 .text.USBD_CDC_SetTxBuffer
                0x0800ab2c       0x32 CMakeFiles/Siemens_LinuxCNC_Interface.dir/Middlewares/ST/STM32_USB_Device_Library/Class/CDC/Src/usbd_cdc.c.obj
                0x0800ab2c                USBD_CDC_SetTxBuffer
 .text.USBD_CDC_SetRxBuffer
                0x0800ab5e       0x26 CMakeFiles/Siemens_LinuxCNC_Interface.dir/Middlewares/ST/STM32_USB_Device_Library/Class/CDC/Src/usbd_cdc.c.obj
                0x0800ab5e                USBD_CDC_SetRxBuffer
 .text.USBD_CDC_TransmitPacket
                0x0800ab84       0x5e CMakeFiles/Siemens_LinuxCNC_Interface.dir/Middlewares/ST/STM32_USB_Device_Library/Class/CDC/Src/usbd_cdc.c.obj
                0x0800ab84                USBD_CDC_TransmitPacket
 .text.USBD_CDC_ReceivePacket
                0x0800abe2       0x54 CMakeFiles/Siemens_LinuxCNC_Interface.dir/Middlewares/ST/STM32_USB_Device_Library/Class/CDC/Src/usbd_cdc.c.obj
                0x0800abe2                USBD_CDC_ReceivePacket
 *fill*         0x0800ac36        0x2 
 .text._sbrk    0x0800ac38       0x6c CMakeFiles/Siemens_LinuxCNC_Interface.dir/Core/Src/sysmem.c.obj
                0x0800ac38                _sbrk
 .text.Reset_Handler
                0x0800aca4       0x48 CMakeFiles/Siemens_LinuxCNC_Interface.dir/startup_stm32l151xc.s.obj
                0x0800aca4                Reset_Handler
 .text.Default_Handler
                0x0800acec        0x2 CMakeFiles/Siemens_LinuxCNC_Interface.dir/startup_stm32l151xc.s.obj
                0x0800acec                RTC_Alarm_IRQHandler
                0x0800acec                EXTI2_IRQHandler
                0x0800acec                COMP_ACQ_IRQHandler
                0x0800acec                TIM10_IRQHandler
                0x0800acec                USB_HP_IRQHandler
                0x0800acec                TIM6_IRQHandler
                0x0800acec                PVD_IRQHandler
                0x0800acec                EXTI3_IRQHandler
                0x0800acec                EXTI0_IRQHandler
                0x0800acec                I2C2_EV_IRQHandler
                0x0800acec                SPI1_IRQHandler
                0x0800acec                USB_FS_WKUP_IRQHandler
                0x0800acec                DMA2_Channel2_IRQHandler
                0x0800acec                DMA1_Channel4_IRQHandler
                0x0800acec                ADC1_IRQHandler
                0x0800acec                USART3_IRQHandler
                0x0800acec                DMA1_Channel7_IRQHandler
                0x0800acec                TIM4_IRQHandler
                0x0800acec                DMA2_Channel1_IRQHandler
                0x0800acec                I2C1_EV_IRQHandler
                0x0800acec                DMA1_Channel6_IRQHandler
                0x0800acec                DMA2_Channel4_IRQHandler
                0x0800acec                RCC_IRQHandler
                0x0800acec                DMA1_Channel1_IRQHandler
                0x0800acec                Default_Handler
                0x0800acec                TIM7_IRQHandler
                0x0800acec                TIM5_IRQHandler
                0x0800acec                TIM9_IRQHandler
                0x0800acec                TAMPER_STAMP_IRQHandler
                0x0800acec                RTC_WKUP_IRQHandler
                0x0800acec                SPI2_IRQHandler
                0x0800acec                DMA2_Channel5_IRQHandler
                0x0800acec                DMA1_Channel5_IRQHandler
                0x0800acec                DMA1_Channel3_IRQHandler
                0x0800acec                COMP_IRQHandler
                0x0800acec                WWDG_IRQHandler
                0x0800acec                TIM2_IRQHandler
                0x0800acec                DAC_IRQHandler
                0x0800acec                EXTI1_IRQHandler
                0x0800acec                TIM11_IRQHandler
                0x0800acec                USART2_IRQHandler
                0x0800acec                I2C2_ER_IRQHandler
                0x0800acec                DMA1_Channel2_IRQHandler
                0x0800acec                FLASH_IRQHandler
                0x0800acec                USART1_IRQHandler
                0x0800acec                SPI3_IRQHandler
                0x0800acec                I2C1_ER_IRQHandler
                0x0800acec                DMA2_Channel3_IRQHandler
 *fill*         0x0800acee        0x2 
 .text.sprintf  0x0800acf0       0x40 C:/ST/STM32CubeCLT_1.17.0/GNU-tools-for-STM32/bin/../lib/gcc/arm-none-eabi/12.3.1/../../../../arm-none-eabi/lib/thumb/v7-m/nofp\libg_nano.a(libc_a-sprintf.o)
                0x0800acf0                siprintf
                0x0800acf0                sprintf
 .text.sscanf   0x0800ad30       0x54 C:/ST/STM32CubeCLT_1.17.0/GNU-tools-for-STM32/bin/../lib/gcc/arm-none-eabi/12.3.1/../../../../arm-none-eabi/lib/thumb/v7-m/nofp\libg_nano.a(libc_a-sscanf.o)
                0x0800ad30                siscanf
                0x0800ad30                sscanf
 .text.__errno  0x0800ad84        0xc C:/ST/STM32CubeCLT_1.17.0/GNU-tools-for-STM32/bin/../lib/gcc/arm-none-eabi/12.3.1/../../../../arm-none-eabi/lib/thumb/v7-m/nofp\libg_nano.a(libc_a-errno.o)
                0x0800ad84                __errno
 .text.__ssputs_r
                0x0800ad90       0xb6 C:/ST/STM32CubeCLT_1.17.0/GNU-tools-for-STM32/bin/../lib/gcc/arm-none-eabi/12.3.1/../../../../arm-none-eabi/lib/thumb/v7-m/nofp\libg_nano.a(libc_a-nano-svfprintf.o)
                0x0800ad90                __ssputs_r
 *fill*         0x0800ae46        0x2 
 .text._svfprintf_r
                0x0800ae48      0x1f8 C:/ST/STM32CubeCLT_1.17.0/GNU-tools-for-STM32/bin/../lib/gcc/arm-none-eabi/12.3.1/../../../../arm-none-eabi/lib/thumb/v7-m/nofp\libg_nano.a(libc_a-nano-svfprintf.o)
                0x0800ae48                _svfiprintf_r
                0x0800ae48                _svfprintf_r
 .text._sungetc_r
                0x0800b040       0x76 C:/ST/STM32CubeCLT_1.17.0/GNU-tools-for-STM32/bin/../lib/gcc/arm-none-eabi/12.3.1/../../../../arm-none-eabi/lib/thumb/v7-m/nofp\libg_nano.a(libc_a-nano-svfscanf.o)
                0x0800b040                _sungetc_r
 .text.__ssrefill_r
                0x0800b0b6       0x3a C:/ST/STM32CubeCLT_1.17.0/GNU-tools-for-STM32/bin/../lib/gcc/arm-none-eabi/12.3.1/../../../../arm-none-eabi/lib/thumb/v7-m/nofp\libg_nano.a(libc_a-nano-svfscanf.o)
                0x0800b0b6                __ssrefill_r
 .text.__ssvfscanf_r
                0x0800b0f0      0x2e4 C:/ST/STM32CubeCLT_1.17.0/GNU-tools-for-STM32/bin/../lib/gcc/arm-none-eabi/12.3.1/../../../../arm-none-eabi/lib/thumb/v7-m/nofp\libg_nano.a(libc_a-nano-svfscanf.o)
                0x0800b0f0                __ssvfiscanf_r
                0x0800b0f0                __ssvfscanf_r
 .text._printf_common
                0x0800b3d4       0xe4 C:/ST/STM32CubeCLT_1.17.0/GNU-tools-for-STM32/bin/../lib/gcc/arm-none-eabi/12.3.1/../../../../arm-none-eabi/lib/thumb/v7-m/nofp\libg_nano.a(libc_a-nano-vfprintf_i.o)
                0x0800b3d4                _printf_common
 .text._printf_i
                0x0800b4b8      0x240 C:/ST/STM32CubeCLT_1.17.0/GNU-tools-for-STM32/bin/../lib/gcc/arm-none-eabi/12.3.1/../../../../arm-none-eabi/lib/thumb/v7-m/nofp\libg_nano.a(libc_a-nano-vfprintf_i.o)
                0x0800b4b8                _printf_i
 .text._scanf_chars
                0x0800b6f8       0xb4 C:/ST/STM32CubeCLT_1.17.0/GNU-tools-for-STM32/bin/../lib/gcc/arm-none-eabi/12.3.1/../../../../arm-none-eabi/lib/thumb/v7-m/nofp\libg_nano.a(libc_a-nano-vfscanf_i.o)
                0x0800b6f8                _scanf_chars
 .text._scanf_i
                0x0800b7ac      0x1e4 C:/ST/STM32CubeCLT_1.17.0/GNU-tools-for-STM32/bin/../lib/gcc/arm-none-eabi/12.3.1/../../../../arm-none-eabi/lib/thumb/v7-m/nofp\libg_nano.a(libc_a-nano-vfscanf_i.o)
                0x0800b7ac                _scanf_i
 .text.__sccl   0x0800b990       0x72 C:/ST/STM32CubeCLT_1.17.0/GNU-tools-for-STM32/bin/../lib/gcc/arm-none-eabi/12.3.1/../../../../arm-none-eabi/lib/thumb/v7-m/nofp\libg_nano.a(libc_a-sccl.o)
                0x0800b990                __sccl
 .text.__submore
                0x0800ba02       0x70 C:/ST/STM32CubeCLT_1.17.0/GNU-tools-for-STM32/bin/../lib/gcc/arm-none-eabi/12.3.1/../../../../arm-none-eabi/lib/thumb/v7-m/nofp\libg_nano.a(libc_a-ungetc.o)
                0x0800ba02                __submore
 .text.memmove  0x0800ba72       0x34 C:/ST/STM32CubeCLT_1.17.0/GNU-tools-for-STM32/bin/../lib/gcc/arm-none-eabi/12.3.1/../../../../arm-none-eabi/lib/thumb/v7-m/nofp\libg_nano.a(libc_a-memmove.o)
                0x0800ba72                memmove
 .text.memchr   0x0800baa6       0x1c C:/ST/STM32CubeCLT_1.17.0/GNU-tools-for-STM32/bin/../lib/gcc/arm-none-eabi/12.3.1/../../../../arm-none-eabi/lib/thumb/v7-m/nofp\libg_nano.a(libc_a-memchr-stub.o)
                0x0800baa6                memchr
 .text.memcpy   0x0800bac2       0x1c C:/ST/STM32CubeCLT_1.17.0/GNU-tools-for-STM32/bin/../lib/gcc/arm-none-eabi/12.3.1/../../../../arm-none-eabi/lib/thumb/v7-m/nofp\libg_nano.a(libc_a-memcpy-stub.o)
                0x0800bac2                memcpy
 .text._realloc_r
                0x0800bade       0x5c C:/ST/STM32CubeCLT_1.17.0/GNU-tools-for-STM32/bin/../lib/gcc/arm-none-eabi/12.3.1/../../../../arm-none-eabi/lib/thumb/v7-m/nofp\libg_nano.a(libc_a-reallocr.o)
                0x0800bade                _realloc_r
 *fill*         0x0800bb3a        0x2 
 .text._strtol_l.constprop.0
                0x0800bb3c       0xf4 C:/ST/STM32CubeCLT_1.17.0/GNU-tools-for-STM32/bin/../lib/gcc/arm-none-eabi/12.3.1/../../../../arm-none-eabi/lib/thumb/v7-m/nofp\libg_nano.a(libc_a-strtol.o)
 .text._strtol_r
                0x0800bc30        0x4 C:/ST/STM32CubeCLT_1.17.0/GNU-tools-for-STM32/bin/../lib/gcc/arm-none-eabi/12.3.1/../../../../arm-none-eabi/lib/thumb/v7-m/nofp\libg_nano.a(libc_a-strtol.o)
                0x0800bc30                _strtol_r
 .text._strtoul_l.constprop.0
                0x0800bc34       0xdc C:/ST/STM32CubeCLT_1.17.0/GNU-tools-for-STM32/bin/../lib/gcc/arm-none-eabi/12.3.1/../../../../arm-none-eabi/lib/thumb/v7-m/nofp\libg_nano.a(libc_a-strtoul.o)
 .text._strtoul_r
                0x0800bd10        0x4 C:/ST/STM32CubeCLT_1.17.0/GNU-tools-for-STM32/bin/../lib/gcc/arm-none-eabi/12.3.1/../../../../arm-none-eabi/lib/thumb/v7-m/nofp\libg_nano.a(libc_a-strtoul.o)
                0x0800bd10                _strtoul_r
 .text._malloc_usable_size_r
                0x0800bd14       0x10 C:/ST/STM32CubeCLT_1.17.0/GNU-tools-for-STM32/bin/../lib/gcc/arm-none-eabi/12.3.1/../../../../arm-none-eabi/lib/thumb/v7-m/nofp\libg_nano.a(libc_a-msizer.o)
                0x0800bd14                _malloc_usable_size_r
 *(.glue_7)
 .glue_7        0x0800bd24        0x0 linker stubs
 *(.glue_7t)
 .glue_7t       0x0800bd24        0x0 linker stubs
 *(.eh_frame)
 .eh_frame      0x0800bd24        0x0 C:/ST/STM32CubeCLT_1.17.0/GNU-tools-for-STM32/bin/../lib/gcc/arm-none-eabi/12.3.1/thumb/v7-m/nofp/crtbegin.o
 *(.init)
 .init          0x0800bd24        0x4 C:/ST/STM32CubeCLT_1.17.0/GNU-tools-for-STM32/bin/../lib/gcc/arm-none-eabi/12.3.1/thumb/v7-m/nofp/crti.o
                0x0800bd24                _init
 .init          0x0800bd28        0x8 C:/ST/STM32CubeCLT_1.17.0/GNU-tools-for-STM32/bin/../lib/gcc/arm-none-eabi/12.3.1/thumb/v7-m/nofp/crtn.o
 *(.fini)
 .fini          0x0800bd30        0x4 C:/ST/STM32CubeCLT_1.17.0/GNU-tools-for-STM32/bin/../lib/gcc/arm-none-eabi/12.3.1/thumb/v7-m/nofp/crti.o
                0x0800bd30                _fini
 .fini          0x0800bd34        0x8 C:/ST/STM32CubeCLT_1.17.0/GNU-tools-for-STM32/bin/../lib/gcc/arm-none-eabi/12.3.1/thumb/v7-m/nofp/crtn.o
                0x0800bd3c                        . = ALIGN (0x4)
                0x0800bd3c                        _etext = .

.vfp11_veneer   0x0800bd3c        0x0
 .vfp11_veneer  0x0800bd3c        0x0 linker stubs

.v4_bx          0x0800bd3c        0x0
 .v4_bx         0x0800bd3c        0x0 linker stubs

.iplt           0x0800bd3c        0x0
 .iplt          0x0800bd3c        0x0 C:/ST/STM32CubeCLT_1.17.0/GNU-tools-for-STM32/bin/../lib/gcc/arm-none-eabi/12.3.1/thumb/v7-m/nofp/crtbegin.o

.rodata         0x0800bd3c      0x338
                0x0800bd3c                        . = ALIGN (0x4)
 *(.rodata)
 .rodata        0x0800bd3c       0xa8 CMakeFiles/Siemens_LinuxCNC_Interface.dir/Core/Src/main.c.obj
 .rodata        0x0800bde4       0x4e CMakeFiles/Siemens_LinuxCNC_Interface.dir/USB_DEVICE/App/usbd_desc.c.obj
 *fill*         0x0800be32        0x2 
 .rodata        0x0800be34        0xc C:/ST/STM32CubeCLT_1.17.0/GNU-tools-for-STM32/bin/../lib/gcc/arm-none-eabi/12.3.1/../../../../arm-none-eabi/lib/thumb/v7-m/nofp\libg_nano.a(libc_a-nano-vfscanf_i.o)
 *(.rodata*)
 .rodata.outputs.1
                0x0800be40       0x40 CMakeFiles/Siemens_LinuxCNC_Interface.dir/Core/Src/main.c.obj
 .rodata.inputs.0
                0x0800be80       0x80 CMakeFiles/Siemens_LinuxCNC_Interface.dir/Core/Src/main.c.obj
 .rodata.PLLMulTable
                0x0800bf00        0x9 CMakeFiles/Siemens_LinuxCNC_Interface.dir/Core/Src/system_stm32l1xx.c.obj
                0x0800bf00                PLLMulTable
 *fill*         0x0800bf09        0x3 
 .rodata.AHBPrescTable
                0x0800bf0c       0x10 CMakeFiles/Siemens_LinuxCNC_Interface.dir/Core/Src/system_stm32l1xx.c.obj
                0x0800bf0c                AHBPrescTable
 .rodata.APBPrescTable
                0x0800bf1c        0x8 CMakeFiles/Siemens_LinuxCNC_Interface.dir/Core/Src/system_stm32l1xx.c.obj
                0x0800bf1c                APBPrescTable
 .rodata._svfprintf_r.str1.1
                0x0800bf24       0x11 C:/ST/STM32CubeCLT_1.17.0/GNU-tools-for-STM32/bin/../lib/gcc/arm-none-eabi/12.3.1/../../../../arm-none-eabi/lib/thumb/v7-m/nofp\libg_nano.a(libc_a-nano-svfprintf.o)
 .rodata.__ssvfscanf_r.str1.1
                0x0800bf35        0x4 C:/ST/STM32CubeCLT_1.17.0/GNU-tools-for-STM32/bin/../lib/gcc/arm-none-eabi/12.3.1/../../../../arm-none-eabi/lib/thumb/v7-m/nofp\libg_nano.a(libc_a-nano-svfscanf.o)
 .rodata._printf_i.str1.1
                0x0800bf35       0x22 C:/ST/STM32CubeCLT_1.17.0/GNU-tools-for-STM32/bin/../lib/gcc/arm-none-eabi/12.3.1/../../../../arm-none-eabi/lib/thumb/v7-m/nofp\libg_nano.a(libc_a-nano-vfprintf_i.o)
 .rodata._scanf_i.str1.1
                0x0800bf57       0x12 C:/ST/STM32CubeCLT_1.17.0/GNU-tools-for-STM32/bin/../lib/gcc/arm-none-eabi/12.3.1/../../../../arm-none-eabi/lib/thumb/v7-m/nofp\libg_nano.a(libc_a-nano-vfscanf_i.o)
 .rodata.str1.1
                0x0800bf69        0x9 C:/ST/STM32CubeCLT_1.17.0/GNU-tools-for-STM32/bin/../lib/gcc/arm-none-eabi/12.3.1/../../../../arm-none-eabi/lib/thumb/v7-m/nofp\libg_nano.a(libc_a-nano-vfscanf_i.o)
 .rodata._ctype_
                0x0800bf72      0x101 C:/ST/STM32CubeCLT_1.17.0/GNU-tools-for-STM32/bin/../lib/gcc/arm-none-eabi/12.3.1/../../../../arm-none-eabi/lib/thumb/v7-m/nofp\libg_nano.a(libc_a-ctype_.o)
                0x0800bf72                _ctype_
                0x0800c074                        . = ALIGN (0x4)
 *fill*         0x0800c073        0x1 

.ARM.extab
 *(.ARM.extab* .gnu.linkonce.armextab.*)

.ARM            0x0800c074        0x8
                0x0800c074                        __exidx_start = .
 *(.ARM.exidx*)
 .ARM.exidx     0x0800c074        0x8 C:/ST/STM32CubeCLT_1.17.0/GNU-tools-for-STM32/bin/../lib/gcc/arm-none-eabi/12.3.1/thumb/v7-m/nofp\libgcc.a(_udivmoddi4.o)
 .ARM.exidx     0x0800c07c        0x0 C:/ST/STM32CubeCLT_1.17.0/GNU-tools-for-STM32/bin/../lib/gcc/arm-none-eabi/12.3.1/../../../../arm-none-eabi/lib/thumb/v7-m/nofp\libg_nano.a(libc_a-strlen.o)
                                  0x8 (size before relaxing)
                0x0800c07c                        __exidx_end = .

.rel.dyn        0x0800c07c        0x0
 .rel.iplt      0x0800c07c        0x0 C:/ST/STM32CubeCLT_1.17.0/GNU-tools-for-STM32/bin/../lib/gcc/arm-none-eabi/12.3.1/thumb/v7-m/nofp/crtbegin.o

.preinit_array  0x0800c07c        0x0
                0x0800c07c                        PROVIDE (__preinit_array_start = .)
 *(.preinit_array*)
                0x0800c07c                        PROVIDE (__preinit_array_end = .)

.init_array     0x0800c07c        0x4
                0x0800c07c                        PROVIDE (__init_array_start = .)
 *(SORT_BY_NAME(.init_array.*))
 *(.init_array*)
 .init_array    0x0800c07c        0x4 C:/ST/STM32CubeCLT_1.17.0/GNU-tools-for-STM32/bin/../lib/gcc/arm-none-eabi/12.3.1/thumb/v7-m/nofp/crtbegin.o
                0x0800c080                        PROVIDE (__init_array_end = .)

.fini_array     0x0800c080        0x4
                [!provide]                        PROVIDE (__fini_array_start = .)
 *(SORT_BY_NAME(.fini_array.*))
 *(.fini_array*)
 .fini_array    0x0800c080        0x4 C:/ST/STM32CubeCLT_1.17.0/GNU-tools-for-STM32/bin/../lib/gcc/arm-none-eabi/12.3.1/thumb/v7-m/nofp/crtbegin.o
                [!provide]                        PROVIDE (__fini_array_end = .)
                0x0800c084                        _sidata = LOADADDR (.data)

.data           0x20000000      0x1d4 load address 0x0800c084
                0x20000000                        . = ALIGN (0x4)
                0x20000000                        _sdata = .
 *(.data)
 *(.data*)
 .data._impure_ptr
                0x20000000        0x4 C:/ST/STM32CubeCLT_1.17.0/GNU-tools-for-STM32/bin/../lib/gcc/arm-none-eabi/12.3.1/../../../../arm-none-eabi/lib/thumb/v7-m/nofp\libc_nano.a(libc_a-impure.o)
                0x20000000                _impure_ptr
 .data._impure_data
                0x20000004       0x4c C:/ST/STM32CubeCLT_1.17.0/GNU-tools-for-STM32/bin/../lib/gcc/arm-none-eabi/12.3.1/../../../../arm-none-eabi/lib/thumb/v7-m/nofp\libc_nano.a(libc_a-impure.o)
                0x20000004                _impure_data
 .data.input_expander
                0x20000050        0x5 CMakeFiles/Siemens_LinuxCNC_Interface.dir/Core/Src/main.c.obj
                0x20000050                input_expander
 *fill*         0x20000055        0x3 
 .data.FS_Desc  0x20000058       0x1c CMakeFiles/Siemens_LinuxCNC_Interface.dir/USB_DEVICE/App/usbd_desc.c.obj
                0x20000058                FS_Desc
 .data.USBD_FS_DeviceDesc
                0x20000074       0x12 CMakeFiles/Siemens_LinuxCNC_Interface.dir/USB_DEVICE/App/usbd_desc.c.obj
                0x20000074                USBD_FS_DeviceDesc
 *fill*         0x20000086        0x2 
 .data.USBD_LangIDDesc
                0x20000088        0x4 CMakeFiles/Siemens_LinuxCNC_Interface.dir/USB_DEVICE/App/usbd_desc.c.obj
                0x20000088                USBD_LangIDDesc
 .data.USBD_StringSerial
                0x2000008c       0x1a CMakeFiles/Siemens_LinuxCNC_Interface.dir/USB_DEVICE/App/usbd_desc.c.obj
                0x2000008c                USBD_StringSerial
 *fill*         0x200000a6        0x2 
 .data.USBD_Interface_fops_FS
                0x200000a8       0x10 CMakeFiles/Siemens_LinuxCNC_Interface.dir/USB_DEVICE/App/usbd_cdc_if.c.obj
                0x200000a8                USBD_Interface_fops_FS
 .data.uwTickPrio
                0x200000b8        0x4 CMakeFiles/Siemens_LinuxCNC_Interface.dir/Drivers/STM32L1xx_HAL_Driver/Src/stm32l1xx_hal.c.obj
                0x200000b8                uwTickPrio
 .data.uwTickFreq
                0x200000bc        0x4 CMakeFiles/Siemens_LinuxCNC_Interface.dir/Drivers/STM32L1xx_HAL_Driver/Src/stm32l1xx_hal.c.obj
                0x200000bc                uwTickFreq
 .data.SystemCoreClock
                0x200000c0        0x4 CMakeFiles/Siemens_LinuxCNC_Interface.dir/Core/Src/system_stm32l1xx.c.obj
                0x200000c0                SystemCoreClock
 .data.USBD_CDC_DeviceQualifierDesc
                0x200000c4        0xa CMakeFiles/Siemens_LinuxCNC_Interface.dir/Middlewares/ST/STM32_USB_Device_Library/Class/CDC/Src/usbd_cdc.c.obj
 *fill*         0x200000ce        0x2 
 .data.USBD_CDC
                0x200000d0       0x38 CMakeFiles/Siemens_LinuxCNC_Interface.dir/Middlewares/ST/STM32_USB_Device_Library/Class/CDC/Src/usbd_cdc.c.obj
                0x200000d0                USBD_CDC
 .data.USBD_CDC_CfgHSDesc
                0x20000108       0x43 CMakeFiles/Siemens_LinuxCNC_Interface.dir/Middlewares/ST/STM32_USB_Device_Library/Class/CDC/Src/usbd_cdc.c.obj
                0x20000108                USBD_CDC_CfgHSDesc
 *fill*         0x2000014b        0x1 
 .data.USBD_CDC_CfgFSDesc
                0x2000014c       0x43 CMakeFiles/Siemens_LinuxCNC_Interface.dir/Middlewares/ST/STM32_USB_Device_Library/Class/CDC/Src/usbd_cdc.c.obj
                0x2000014c                USBD_CDC_CfgFSDesc
 *fill*         0x2000018f        0x1 
 .data.USBD_CDC_OtherSpeedCfgDesc
                0x20000190       0x43 CMakeFiles/Siemens_LinuxCNC_Interface.dir/Middlewares/ST/STM32_USB_Device_Library/Class/CDC/Src/usbd_cdc.c.obj
                0x20000190                USBD_CDC_OtherSpeedCfgDesc
                0x200001d4                        . = ALIGN (0x4)
 *fill*         0x200001d3        0x1 
                0x200001d4                        _edata = .

.igot.plt       0x200001d4        0x0 load address 0x0800c258
 .igot.plt      0x200001d4        0x0 C:/ST/STM32CubeCLT_1.17.0/GNU-tools-for-STM32/bin/../lib/gcc/arm-none-eabi/12.3.1/thumb/v7-m/nofp/crtbegin.o
                0x200001d4                        . = ALIGN (0x4)

.bss            0x200001d4     0x14b8 load address 0x0800c258
                0x200001d4                        _sbss = .
                0x200001d4                        __bss_start__ = _sbss
 *(.bss)
 .bss           0x200001d4       0x1c C:/ST/STM32CubeCLT_1.17.0/GNU-tools-for-STM32/bin/../lib/gcc/arm-none-eabi/12.3.1/thumb/v7-m/nofp/crtbegin.o
 *(.bss*)
 .bss.__sf      0x200001f0      0x138 C:/ST/STM32CubeCLT_1.17.0/GNU-tools-for-STM32/bin/../lib/gcc/arm-none-eabi/12.3.1/../../../../arm-none-eabi/lib/thumb/v7-m/nofp\libc_nano.a(libc_a-findfp.o)
                0x200001f0                __sf
 .bss.errno     0x20000328        0x4 C:/ST/STM32CubeCLT_1.17.0/GNU-tools-for-STM32/bin/../lib/gcc/arm-none-eabi/12.3.1/../../../../arm-none-eabi/lib/thumb/v7-m/nofp\libc_nano.a(libc_a-reent.o)
                0x20000328                errno
 .bss.__lock___malloc_recursive_mutex
                0x2000032c        0x1 C:/ST/STM32CubeCLT_1.17.0/GNU-tools-for-STM32/bin/../lib/gcc/arm-none-eabi/12.3.1/../../../../arm-none-eabi/lib/thumb/v7-m/nofp\libc_nano.a(libc_a-lock.o)
                0x2000032c                __lock___malloc_recursive_mutex
 *fill*         0x2000032d        0x3 
 .bss.__malloc_sbrk_start
                0x20000330        0x4 C:/ST/STM32CubeCLT_1.17.0/GNU-tools-for-STM32/bin/../lib/gcc/arm-none-eabi/12.3.1/../../../../arm-none-eabi/lib/thumb/v7-m/nofp\libc_nano.a(libc_a-mallocr.o)
                0x20000330                __malloc_sbrk_start
 .bss.__malloc_free_list
                0x20000334        0x4 C:/ST/STM32CubeCLT_1.17.0/GNU-tools-for-STM32/bin/../lib/gcc/arm-none-eabi/12.3.1/../../../../arm-none-eabi/lib/thumb/v7-m/nofp\libc_nano.a(libc_a-mallocr.o)
                0x20000334                __malloc_free_list
 .bss.hadc      0x20000338       0x54 CMakeFiles/Siemens_LinuxCNC_Interface.dir/Core/Src/main.c.obj
                0x20000338                hadc
 .bss.hi2c1     0x2000038c       0x54 CMakeFiles/Siemens_LinuxCNC_Interface.dir/Core/Src/main.c.obj
                0x2000038c                hi2c1
 .bss.hi2c2     0x200003e0       0x54 CMakeFiles/Siemens_LinuxCNC_Interface.dir/Core/Src/main.c.obj
                0x200003e0                hi2c2
 .bss.htim3     0x20000434       0x40 CMakeFiles/Siemens_LinuxCNC_Interface.dir/Core/Src/main.c.obj
                0x20000434                htim3
 .bss.SerialConnected
                0x20000474        0x1 CMakeFiles/Siemens_LinuxCNC_Interface.dir/Core/Src/main.c.obj
                0x20000474                SerialConnected
 *fill*         0x20000475        0x3 
 .bss.LastTickConnected
                0x20000478        0x4 CMakeFiles/Siemens_LinuxCNC_Interface.dir/Core/Src/main.c.obj
                0x20000478                LastTickConnected
 .bss.manual_CMD_Mode
                0x2000047c        0x1 CMakeFiles/Siemens_LinuxCNC_Interface.dir/Core/Src/main.c.obj
                0x2000047c                manual_CMD_Mode
 *fill*         0x2000047d        0x3 
 .bss.exp       0x20000480       0x40 CMakeFiles/Siemens_LinuxCNC_Interface.dir/Core/Src/main.c.obj
                0x20000480                exp
 .bss.raw_exp_inputdata
                0x200004c0        0xa CMakeFiles/Siemens_LinuxCNC_Interface.dir/Core/Src/main.c.obj
                0x200004c0                raw_exp_inputdata
 *fill*         0x200004ca        0x2 
 .bss.enc_gray  0x200004cc        0x2 CMakeFiles/Siemens_LinuxCNC_Interface.dir/Core/Src/main.c.obj
                0x200004cc                enc_gray
 *fill*         0x200004ce        0x2 
 .bss.enc_pos   0x200004d0        0x2 CMakeFiles/Siemens_LinuxCNC_Interface.dir/Core/Src/main.c.obj
                0x200004d0                enc_pos
 *fill*         0x200004d2        0x2 
 .bss.enc_retval
                0x200004d4        0x2 CMakeFiles/Siemens_LinuxCNC_Interface.dir/Core/Src/main.c.obj
                0x200004d4                enc_retval
 *fill*         0x200004d6        0x2 
 .bss.hUsbDeviceFS
                0x200004d8      0x29c CMakeFiles/Siemens_LinuxCNC_Interface.dir/USB_DEVICE/App/usb_device.c.obj
                0x200004d8                hUsbDeviceFS
 .bss.USBD_StrDesc
                0x20000774      0x200 CMakeFiles/Siemens_LinuxCNC_Interface.dir/USB_DEVICE/App/usbd_desc.c.obj
                0x20000774                USBD_StrDesc
 .bss.UserRxBufferFS
                0x20000974      0x400 CMakeFiles/Siemens_LinuxCNC_Interface.dir/USB_DEVICE/App/usbd_cdc_if.c.obj
                0x20000974                UserRxBufferFS
 .bss.UserTxBufferFS
                0x20000d74      0x400 CMakeFiles/Siemens_LinuxCNC_Interface.dir/USB_DEVICE/App/usbd_cdc_if.c.obj
                0x20000d74                UserTxBufferFS
 .bss.hpcd_USB_FS
                0x20001174      0x2ec CMakeFiles/Siemens_LinuxCNC_Interface.dir/USB_DEVICE/Target/usbd_conf.c.obj
                0x20001174                hpcd_USB_FS
 .bss.mem.0     0x20001460      0x220 CMakeFiles/Siemens_LinuxCNC_Interface.dir/USB_DEVICE/Target/usbd_conf.c.obj
 .bss.uwTick    0x20001680        0x4 CMakeFiles/Siemens_LinuxCNC_Interface.dir/Drivers/STM32L1xx_HAL_Driver/Src/stm32l1xx_hal.c.obj
                0x20001680                uwTick
 .bss.cfgidx.0  0x20001684        0x1 CMakeFiles/Siemens_LinuxCNC_Interface.dir/Middlewares/ST/STM32_USB_Device_Library/Core/Src/usbd_ctlreq.c.obj
 *fill*         0x20001685        0x3 
 .bss.__sbrk_heap_end
                0x20001688        0x4 CMakeFiles/Siemens_LinuxCNC_Interface.dir/Core/Src/sysmem.c.obj
 *(COMMON)
                0x2000168c                        . = ALIGN (0x4)
                0x2000168c                        _ebss = .
                0x2000168c                        __bss_end__ = _ebss

._user_heap_stack
                0x2000168c      0x604 load address 0x0800c258
                0x20001690                        . = ALIGN (0x8)
 *fill*         0x2000168c        0x4 
                [!provide]                        PROVIDE (end = .)
                0x20001690                        PROVIDE (_end = .)
                0x20001890                        . = (. + _Min_Heap_Size)
 *fill*         0x20001690      0x200 
                0x20001c90                        . = (. + _Min_Stack_Size)
 *fill*         0x20001890      0x400 
                0x20001c90                        . = ALIGN (0x8)

/DISCARD/
 libc.a(*)
 libm.a(*)
 libgcc.a(*)

.ARM.attributes
                0x00000000       0x29
 *(.ARM.attributes)
 .ARM.attributes
                0x00000000       0x1d C:/ST/STM32CubeCLT_1.17.0/GNU-tools-for-STM32/bin/../lib/gcc/arm-none-eabi/12.3.1/thumb/v7-m/nofp/crti.o
 .ARM.attributes
                0x0000001d       0x2d C:/ST/STM32CubeCLT_1.17.0/GNU-tools-for-STM32/bin/../lib/gcc/arm-none-eabi/12.3.1/thumb/v7-m/nofp/crtbegin.o
 .ARM.attributes
                0x0000004a       0x2d C:/ST/STM32CubeCLT_1.17.0/GNU-tools-for-STM32/bin/../lib/gcc/arm-none-eabi/12.3.1/../../../../arm-none-eabi/lib/thumb/v7-m/nofp\libc_nano.a(libc_a-findfp.o)
 .ARM.attributes
                0x00000077       0x2d C:/ST/STM32CubeCLT_1.17.0/GNU-tools-for-STM32/bin/../lib/gcc/arm-none-eabi/12.3.1/../../../../arm-none-eabi/lib/thumb/v7-m/nofp\libc_nano.a(libc_a-stdio.o)
 .ARM.attributes
                0x000000a4       0x2d C:/ST/STM32CubeCLT_1.17.0/GNU-tools-for-STM32/bin/../lib/gcc/arm-none-eabi/12.3.1/../../../../arm-none-eabi/lib/thumb/v7-m/nofp\libc_nano.a(libc_a-memset.o)
 .ARM.attributes
                0x000000d1       0x2d C:/ST/STM32CubeCLT_1.17.0/GNU-tools-for-STM32/bin/../lib/gcc/arm-none-eabi/12.3.1/../../../../arm-none-eabi/lib/thumb/v7-m/nofp\libc_nano.a(libc_a-reent.o)
 .ARM.attributes
                0x000000fe       0x2d C:/ST/STM32CubeCLT_1.17.0/GNU-tools-for-STM32/bin/../lib/gcc/arm-none-eabi/12.3.1/../../../../arm-none-eabi/lib/thumb/v7-m/nofp\libc_nano.a(libc_a-impure.o)
 .ARM.attributes
                0x0000012b       0x2d C:/ST/STM32CubeCLT_1.17.0/GNU-tools-for-STM32/bin/../lib/gcc/arm-none-eabi/12.3.1/../../../../arm-none-eabi/lib/thumb/v7-m/nofp\libc_nano.a(libc_a-init.o)
 .ARM.attributes
                0x00000158       0x2d C:/ST/STM32CubeCLT_1.17.0/GNU-tools-for-STM32/bin/../lib/gcc/arm-none-eabi/12.3.1/../../../../arm-none-eabi/lib/thumb/v7-m/nofp\libc_nano.a(libc_a-lock.o)
 .ARM.attributes
                0x00000185       0x2d C:/ST/STM32CubeCLT_1.17.0/GNU-tools-for-STM32/bin/../lib/gcc/arm-none-eabi/12.3.1/../../../../arm-none-eabi/lib/thumb/v7-m/nofp\libc_nano.a(libc_a-freer.o)
 .ARM.attributes
                0x000001b2       0x2d C:/ST/STM32CubeCLT_1.17.0/GNU-tools-for-STM32/bin/../lib/gcc/arm-none-eabi/12.3.1/../../../../arm-none-eabi/lib/thumb/v7-m/nofp\libc_nano.a(libc_a-mallocr.o)
 .ARM.attributes
                0x000001df       0x2d C:/ST/STM32CubeCLT_1.17.0/GNU-tools-for-STM32/bin/../lib/gcc/arm-none-eabi/12.3.1/../../../../arm-none-eabi/lib/thumb/v7-m/nofp\libc_nano.a(libc_a-mlock.o)
 .ARM.attributes
                0x0000020c       0x2d C:/ST/STM32CubeCLT_1.17.0/GNU-tools-for-STM32/bin/../lib/gcc/arm-none-eabi/12.3.1/../../../../arm-none-eabi/lib/thumb/v7-m/nofp\libc_nano.a(libc_a-sbrkr.o)
 .ARM.attributes
                0x00000239       0x2d CMakeFiles/Siemens_LinuxCNC_Interface.dir/Core/Src/main.c.obj
 .ARM.attributes
                0x00000266       0x2d CMakeFiles/Siemens_LinuxCNC_Interface.dir/Core/Src/stm32l1xx_it.c.obj
 .ARM.attributes
                0x00000293       0x2d CMakeFiles/Siemens_LinuxCNC_Interface.dir/Core/Src/stm32l1xx_hal_msp.c.obj
 .ARM.attributes
                0x000002c0       0x2d CMakeFiles/Siemens_LinuxCNC_Interface.dir/USB_DEVICE/App/usb_device.c.obj
 .ARM.attributes
                0x000002ed       0x2d CMakeFiles/Siemens_LinuxCNC_Interface.dir/USB_DEVICE/App/usbd_desc.c.obj
 .ARM.attributes
                0x0000031a       0x2d CMakeFiles/Siemens_LinuxCNC_Interface.dir/USB_DEVICE/App/usbd_cdc_if.c.obj
 .ARM.attributes
                0x00000347       0x2d CMakeFiles/Siemens_LinuxCNC_Interface.dir/USB_DEVICE/Target/usbd_conf.c.obj
 .ARM.attributes
                0x00000374       0x2d CMakeFiles/Siemens_LinuxCNC_Interface.dir/Drivers/STM32L1xx_HAL_Driver/Src/stm32l1xx_hal_pcd.c.obj
 .ARM.attributes
                0x000003a1       0x2d CMakeFiles/Siemens_LinuxCNC_Interface.dir/Drivers/STM32L1xx_HAL_Driver/Src/stm32l1xx_hal_pcd_ex.c.obj
 .ARM.attributes
                0x000003ce       0x2d CMakeFiles/Siemens_LinuxCNC_Interface.dir/Drivers/STM32L1xx_HAL_Driver/Src/stm32l1xx_ll_usb.c.obj
 .ARM.attributes
                0x000003fb       0x2d CMakeFiles/Siemens_LinuxCNC_Interface.dir/Drivers/STM32L1xx_HAL_Driver/Src/stm32l1xx_hal.c.obj
 .ARM.attributes
                0x00000428       0x2d CMakeFiles/Siemens_LinuxCNC_Interface.dir/Drivers/STM32L1xx_HAL_Driver/Src/stm32l1xx_hal_rcc.c.obj
 .ARM.attributes
                0x00000455       0x2d CMakeFiles/Siemens_LinuxCNC_Interface.dir/Drivers/STM32L1xx_HAL_Driver/Src/stm32l1xx_hal_gpio.c.obj
 .ARM.attributes
                0x00000482       0x2d CMakeFiles/Siemens_LinuxCNC_Interface.dir/Drivers/STM32L1xx_HAL_Driver/Src/stm32l1xx_hal_cortex.c.obj
 .ARM.attributes
                0x000004af       0x2d CMakeFiles/Siemens_LinuxCNC_Interface.dir/Drivers/STM32L1xx_HAL_Driver/Src/stm32l1xx_hal_adc.c.obj
 .ARM.attributes
                0x000004dc       0x2d CMakeFiles/Siemens_LinuxCNC_Interface.dir/Drivers/STM32L1xx_HAL_Driver/Src/stm32l1xx_hal_i2c.c.obj
 .ARM.attributes
                0x00000509       0x2d CMakeFiles/Siemens_LinuxCNC_Interface.dir/Drivers/STM32L1xx_HAL_Driver/Src/stm32l1xx_hal_tim.c.obj
 .ARM.attributes
                0x00000536       0x2d CMakeFiles/Siemens_LinuxCNC_Interface.dir/Drivers/STM32L1xx_HAL_Driver/Src/stm32l1xx_hal_tim_ex.c.obj
 .ARM.attributes
                0x00000563       0x2d CMakeFiles/Siemens_LinuxCNC_Interface.dir/Core/Src/system_stm32l1xx.c.obj
 .ARM.attributes
                0x00000590       0x2d CMakeFiles/Siemens_LinuxCNC_Interface.dir/Middlewares/ST/STM32_USB_Device_Library/Core/Src/usbd_core.c.obj
 .ARM.attributes
                0x000005bd       0x2d CMakeFiles/Siemens_LinuxCNC_Interface.dir/Middlewares/ST/STM32_USB_Device_Library/Core/Src/usbd_ctlreq.c.obj
 .ARM.attributes
                0x000005ea       0x2d CMakeFiles/Siemens_LinuxCNC_Interface.dir/Middlewares/ST/STM32_USB_Device_Library/Core/Src/usbd_ioreq.c.obj
 .ARM.attributes
                0x00000617       0x2d CMakeFiles/Siemens_LinuxCNC_Interface.dir/Middlewares/ST/STM32_USB_Device_Library/Class/CDC/Src/usbd_cdc.c.obj
 .ARM.attributes
                0x00000644       0x2d CMakeFiles/Siemens_LinuxCNC_Interface.dir/Core/Src/sysmem.c.obj
 .ARM.attributes
                0x00000671       0x21 CMakeFiles/Siemens_LinuxCNC_Interface.dir/startup_stm32l151xc.s.obj
 .ARM.attributes
                0x00000692       0x1d C:/ST/STM32CubeCLT_1.17.0/GNU-tools-for-STM32/bin/../lib/gcc/arm-none-eabi/12.3.1/thumb/v7-m/nofp\libgcc.a(_aeabi_uldivmod.o)
 .ARM.attributes
                0x000006af       0x2d C:/ST/STM32CubeCLT_1.17.0/GNU-tools-for-STM32/bin/../lib/gcc/arm-none-eabi/12.3.1/thumb/v7-m/nofp\libgcc.a(_udivmoddi4.o)
 .ARM.attributes
                0x000006dc       0x1d C:/ST/STM32CubeCLT_1.17.0/GNU-tools-for-STM32/bin/../lib/gcc/arm-none-eabi/12.3.1/thumb/v7-m/nofp\libgcc.a(_dvmd_tls.o)
 .ARM.attributes
                0x000006f9       0x2d C:/ST/STM32CubeCLT_1.17.0/GNU-tools-for-STM32/bin/../lib/gcc/arm-none-eabi/12.3.1/../../../../arm-none-eabi/lib/thumb/v7-m/nofp\libg_nano.a(libc_a-sprintf.o)
 .ARM.attributes
                0x00000726       0x2d C:/ST/STM32CubeCLT_1.17.0/GNU-tools-for-STM32/bin/../lib/gcc/arm-none-eabi/12.3.1/../../../../arm-none-eabi/lib/thumb/v7-m/nofp\libg_nano.a(libc_a-sscanf.o)
 .ARM.attributes
                0x00000753       0x2d C:/ST/STM32CubeCLT_1.17.0/GNU-tools-for-STM32/bin/../lib/gcc/arm-none-eabi/12.3.1/../../../../arm-none-eabi/lib/thumb/v7-m/nofp\libg_nano.a(libc_a-errno.o)
 .ARM.attributes
                0x00000780       0x17 C:/ST/STM32CubeCLT_1.17.0/GNU-tools-for-STM32/bin/../lib/gcc/arm-none-eabi/12.3.1/../../../../arm-none-eabi/lib/thumb/v7-m/nofp\libg_nano.a(libc_a-strlen.o)
 .ARM.attributes
                0x00000797       0x2d C:/ST/STM32CubeCLT_1.17.0/GNU-tools-for-STM32/bin/../lib/gcc/arm-none-eabi/12.3.1/../../../../arm-none-eabi/lib/thumb/v7-m/nofp\libg_nano.a(libc_a-nano-svfprintf.o)
 .ARM.attributes
                0x000007c4       0x2d C:/ST/STM32CubeCLT_1.17.0/GNU-tools-for-STM32/bin/../lib/gcc/arm-none-eabi/12.3.1/../../../../arm-none-eabi/lib/thumb/v7-m/nofp\libg_nano.a(libc_a-nano-svfscanf.o)
 .ARM.attributes
                0x000007f1       0x2d C:/ST/STM32CubeCLT_1.17.0/GNU-tools-for-STM32/bin/../lib/gcc/arm-none-eabi/12.3.1/../../../../arm-none-eabi/lib/thumb/v7-m/nofp\libg_nano.a(libc_a-nano-vfprintf_i.o)
 .ARM.attributes
                0x0000081e       0x2d C:/ST/STM32CubeCLT_1.17.0/GNU-tools-for-STM32/bin/../lib/gcc/arm-none-eabi/12.3.1/../../../../arm-none-eabi/lib/thumb/v7-m/nofp\libg_nano.a(libc_a-nano-vfscanf_i.o)
 .ARM.attributes
                0x0000084b       0x2d C:/ST/STM32CubeCLT_1.17.0/GNU-tools-for-STM32/bin/../lib/gcc/arm-none-eabi/12.3.1/../../../../arm-none-eabi/lib/thumb/v7-m/nofp\libg_nano.a(libc_a-sccl.o)
 .ARM.attributes
                0x00000878       0x2d C:/ST/STM32CubeCLT_1.17.0/GNU-tools-for-STM32/bin/../lib/gcc/arm-none-eabi/12.3.1/../../../../arm-none-eabi/lib/thumb/v7-m/nofp\libg_nano.a(libc_a-ungetc.o)
 .ARM.attributes
                0x000008a5       0x2d C:/ST/STM32CubeCLT_1.17.0/GNU-tools-for-STM32/bin/../lib/gcc/arm-none-eabi/12.3.1/../../../../arm-none-eabi/lib/thumb/v7-m/nofp\libg_nano.a(libc_a-memmove.o)
 .ARM.attributes
                0x000008d2       0x2d C:/ST/STM32CubeCLT_1.17.0/GNU-tools-for-STM32/bin/../lib/gcc/arm-none-eabi/12.3.1/../../../../arm-none-eabi/lib/thumb/v7-m/nofp\libg_nano.a(libc_a-memchr-stub.o)
 .ARM.attributes
                0x000008ff       0x2d C:/ST/STM32CubeCLT_1.17.0/GNU-tools-for-STM32/bin/../lib/gcc/arm-none-eabi/12.3.1/../../../../arm-none-eabi/lib/thumb/v7-m/nofp\libg_nano.a(libc_a-memcpy-stub.o)
 .ARM.attributes
                0x0000092c       0x2d C:/ST/STM32CubeCLT_1.17.0/GNU-tools-for-STM32/bin/../lib/gcc/arm-none-eabi/12.3.1/../../../../arm-none-eabi/lib/thumb/v7-m/nofp\libg_nano.a(libc_a-reallocr.o)
 .ARM.attributes
                0x00000959       0x2d C:/ST/STM32CubeCLT_1.17.0/GNU-tools-for-STM32/bin/../lib/gcc/arm-none-eabi/12.3.1/../../../../arm-none-eabi/lib/thumb/v7-m/nofp\libg_nano.a(libc_a-strtol.o)
 .ARM.attributes
                0x00000986       0x2d C:/ST/STM32CubeCLT_1.17.0/GNU-tools-for-STM32/bin/../lib/gcc/arm-none-eabi/12.3.1/../../../../arm-none-eabi/lib/thumb/v7-m/nofp\libg_nano.a(libc_a-strtoul.o)
 .ARM.attributes
                0x000009b3       0x2d C:/ST/STM32CubeCLT_1.17.0/GNU-tools-for-STM32/bin/../lib/gcc/arm-none-eabi/12.3.1/../../../../arm-none-eabi/lib/thumb/v7-m/nofp\libg_nano.a(libc_a-ctype_.o)
 .ARM.attributes
                0x000009e0       0x2d C:/ST/STM32CubeCLT_1.17.0/GNU-tools-for-STM32/bin/../lib/gcc/arm-none-eabi/12.3.1/../../../../arm-none-eabi/lib/thumb/v7-m/nofp\libg_nano.a(libc_a-msizer.o)
 .ARM.attributes
                0x00000a0d       0x1d C:/ST/STM32CubeCLT_1.17.0/GNU-tools-for-STM32/bin/../lib/gcc/arm-none-eabi/12.3.1/thumb/v7-m/nofp/crtn.o
OUTPUT(Siemens_LinuxCNC_Interface.elf elf32-littlearm)
LOAD linker stubs
LOAD C:/ST/STM32CubeCLT_1.17.0/GNU-tools-for-STM32/bin/../lib/gcc/arm-none-eabi/12.3.1/../../../../arm-none-eabi/lib/thumb/v7-m/nofp\libc.a
LOAD C:/ST/STM32CubeCLT_1.17.0/GNU-tools-for-STM32/bin/../lib/gcc/arm-none-eabi/12.3.1/../../../../arm-none-eabi/lib/thumb/v7-m/nofp\libm.a
LOAD C:/ST/STM32CubeCLT_1.17.0/GNU-tools-for-STM32/bin/../lib/gcc/arm-none-eabi/12.3.1/thumb/v7-m/nofp\libgcc.a

.debug_frame    0x00000000     0x5780
 .debug_frame   0x00000000      0x144 C:/ST/STM32CubeCLT_1.17.0/GNU-tools-for-STM32/bin/../lib/gcc/arm-none-eabi/12.3.1/../../../../arm-none-eabi/lib/thumb/v7-m/nofp\libc_nano.a(libc_a-findfp.o)
 .debug_frame   0x00000144       0x88 C:/ST/STM32CubeCLT_1.17.0/GNU-tools-for-STM32/bin/../lib/gcc/arm-none-eabi/12.3.1/../../../../arm-none-eabi/lib/thumb/v7-m/nofp\libc_nano.a(libc_a-stdio.o)
 .debug_frame   0x000001cc       0x20 C:/ST/STM32CubeCLT_1.17.0/GNU-tools-for-STM32/bin/../lib/gcc/arm-none-eabi/12.3.1/../../../../arm-none-eabi/lib/thumb/v7-m/nofp\libc_nano.a(libc_a-memset.o)
 .debug_frame   0x000001ec       0x38 C:/ST/STM32CubeCLT_1.17.0/GNU-tools-for-STM32/bin/../lib/gcc/arm-none-eabi/12.3.1/../../../../arm-none-eabi/lib/thumb/v7-m/nofp\libc_nano.a(libc_a-reent.o)
 .debug_frame   0x00000224       0x2c C:/ST/STM32CubeCLT_1.17.0/GNU-tools-for-STM32/bin/../lib/gcc/arm-none-eabi/12.3.1/../../../../arm-none-eabi/lib/thumb/v7-m/nofp\libc_nano.a(libc_a-init.o)
 .debug_frame   0x00000250       0xb0 C:/ST/STM32CubeCLT_1.17.0/GNU-tools-for-STM32/bin/../lib/gcc/arm-none-eabi/12.3.1/../../../../arm-none-eabi/lib/thumb/v7-m/nofp\libc_nano.a(libc_a-lock.o)
 .debug_frame   0x00000300       0x38 C:/ST/STM32CubeCLT_1.17.0/GNU-tools-for-STM32/bin/../lib/gcc/arm-none-eabi/12.3.1/../../../../arm-none-eabi/lib/thumb/v7-m/nofp\libc_nano.a(libc_a-freer.o)
 .debug_frame   0x00000338       0x50 C:/ST/STM32CubeCLT_1.17.0/GNU-tools-for-STM32/bin/../lib/gcc/arm-none-eabi/12.3.1/../../../../arm-none-eabi/lib/thumb/v7-m/nofp\libc_nano.a(libc_a-mallocr.o)
 .debug_frame   0x00000388       0x30 C:/ST/STM32CubeCLT_1.17.0/GNU-tools-for-STM32/bin/../lib/gcc/arm-none-eabi/12.3.1/../../../../arm-none-eabi/lib/thumb/v7-m/nofp\libc_nano.a(libc_a-mlock.o)
 .debug_frame   0x000003b8       0x2c C:/ST/STM32CubeCLT_1.17.0/GNU-tools-for-STM32/bin/../lib/gcc/arm-none-eabi/12.3.1/../../../../arm-none-eabi/lib/thumb/v7-m/nofp\libc_nano.a(libc_a-sbrkr.o)
 .debug_frame   0x000003e4      0x40c CMakeFiles/Siemens_LinuxCNC_Interface.dir/Core/Src/main.c.obj
 .debug_frame   0x000007f0      0x190 CMakeFiles/Siemens_LinuxCNC_Interface.dir/Core/Src/stm32l1xx_it.c.obj
 .debug_frame   0x00000980      0x110 CMakeFiles/Siemens_LinuxCNC_Interface.dir/Core/Src/stm32l1xx_hal_msp.c.obj
 .debug_frame   0x00000a90       0x2c CMakeFiles/Siemens_LinuxCNC_Interface.dir/USB_DEVICE/App/usb_device.c.obj
 .debug_frame   0x00000abc      0x160 CMakeFiles/Siemens_LinuxCNC_Interface.dir/USB_DEVICE/App/usbd_desc.c.obj
 .debug_frame   0x00000c1c       0xbc CMakeFiles/Siemens_LinuxCNC_Interface.dir/USB_DEVICE/App/usbd_cdc_if.c.obj
 .debug_frame   0x00000cd8      0x4a4 CMakeFiles/Siemens_LinuxCNC_Interface.dir/USB_DEVICE/Target/usbd_conf.c.obj
 .debug_frame   0x0000117c      0x598 CMakeFiles/Siemens_LinuxCNC_Interface.dir/Drivers/STM32L1xx_HAL_Driver/Src/stm32l1xx_hal_pcd.c.obj
 .debug_frame   0x00001714       0xb0 CMakeFiles/Siemens_LinuxCNC_Interface.dir/Drivers/STM32L1xx_HAL_Driver/Src/stm32l1xx_hal_pcd_ex.c.obj
 .debug_frame   0x000017c4      0x388 CMakeFiles/Siemens_LinuxCNC_Interface.dir/Drivers/STM32L1xx_HAL_Driver/Src/stm32l1xx_ll_usb.c.obj
 .debug_frame   0x00001b4c      0x33c CMakeFiles/Siemens_LinuxCNC_Interface.dir/Drivers/STM32L1xx_HAL_Driver/Src/stm32l1xx_hal.c.obj
 .debug_frame   0x00001e88      0x224 CMakeFiles/Siemens_LinuxCNC_Interface.dir/Drivers/STM32L1xx_HAL_Driver/Src/stm32l1xx_hal_rcc.c.obj
 .debug_frame   0x000020ac      0x14c CMakeFiles/Siemens_LinuxCNC_Interface.dir/Drivers/STM32L1xx_HAL_Driver/Src/stm32l1xx_hal_gpio.c.obj
 .debug_frame   0x000021f8      0x498 CMakeFiles/Siemens_LinuxCNC_Interface.dir/Drivers/STM32L1xx_HAL_Driver/Src/stm32l1xx_hal_cortex.c.obj
 .debug_frame   0x00002690      0x40c CMakeFiles/Siemens_LinuxCNC_Interface.dir/Drivers/STM32L1xx_HAL_Driver/Src/stm32l1xx_hal_adc.c.obj
 .debug_frame   0x00002a9c      0xc84 CMakeFiles/Siemens_LinuxCNC_Interface.dir/Drivers/STM32L1xx_HAL_Driver/Src/stm32l1xx_hal_i2c.c.obj