Archive member included to satisfy reference by file (symbol)

C:/ST/STM32CubeCLT_1.17.0/GNU-tools-for-STM32/bin/../lib/gcc/arm-none-eabi/12.3.1/../../../../arm-none-eabi/lib/thumb/v7-m/nofp\libc_nano.a(libc_a-exit.o)
                              C:/ST/STM32CubeCLT_1.17.0/GNU-tools-for-STM32/bin/../lib/gcc/arm-none-eabi/12.3.1/../../../../arm-none-eabi/lib/thumb/v7-m/nofp/crt0.o (exit)
C:/ST/STM32CubeCLT_1.17.0/GNU-tools-for-STM32/bin/../lib/gcc/arm-none-eabi/12.3.1/../../../../arm-none-eabi/lib/thumb/v7-m/nofp\libc_nano.a(libc_a-findfp.o)
                              C:/ST/STM32CubeCLT_1.17.0/GNU-tools-for-STM32/bin/../lib/gcc/arm-none-eabi/12.3.1/../../../../arm-none-eabi/lib/thumb/v7-m/nofp\libc_nano.a(libc_a-exit.o) (__stdio_exit_handler)
C:/ST/STM32CubeCLT_1.17.0/GNU-tools-for-STM32/bin/../lib/gcc/arm-none-eabi/12.3.1/../../../../arm-none-eabi/lib/thumb/v7-m/nofp\libc_nano.a(libc_a-fwalk.o)
                              C:/ST/STM32CubeCLT_1.17.0/GNU-tools-for-STM32/bin/../lib/gcc/arm-none-eabi/12.3.1/../../../../arm-none-eabi/lib/thumb/v7-m/nofp\libc_nano.a(libc_a-findfp.o) (_fwalk_sglue)
C:/ST/STM32CubeCLT_1.17.0/GNU-tools-for-STM32/bin/../lib/gcc/arm-none-eabi/12.3.1/../../../../arm-none-eabi/lib/thumb/v7-m/nofp\libc_nano.a(libc_a-stdio.o)
                              C:/ST/STM32CubeCLT_1.17.0/GNU-tools-for-STM32/bin/../lib/gcc/arm-none-eabi/12.3.1/../../../../arm-none-eabi/lib/thumb/v7-m/nofp\libc_nano.a(libc_a-findfp.o) (__sread)
C:/ST/STM32CubeCLT_1.17.0/GNU-tools-for-STM32/bin/../lib/gcc/arm-none-eabi/12.3.1/../../../../arm-none-eabi/lib/thumb/v7-m/nofp\libc_nano.a(libc_a-memset.o)
                              C:/ST/STM32CubeCLT_1.17.0/GNU-tools-for-STM32/bin/../lib/gcc/arm-none-eabi/12.3.1/../../../../arm-none-eabi/lib/thumb/v7-m/nofp/crt0.o (memset)
C:/ST/STM32CubeCLT_1.17.0/GNU-tools-for-STM32/bin/../lib/gcc/arm-none-eabi/12.3.1/../../../../arm-none-eabi/lib/thumb/v7-m/nofp\libc_nano.a(libc_a-closer.o)
                              C:/ST/STM32CubeCLT_1.17.0/GNU-tools-for-STM32/bin/../lib/gcc/arm-none-eabi/12.3.1/../../../../arm-none-eabi/lib/thumb/v7-m/nofp\libc_nano.a(libc_a-stdio.o) (_close_r)
C:/ST/STM32CubeCLT_1.17.0/GNU-tools-for-STM32/bin/../lib/gcc/arm-none-eabi/12.3.1/../../../../arm-none-eabi/lib/thumb/v7-m/nofp\libc_nano.a(libc_a-reent.o)
                              C:/ST/STM32CubeCLT_1.17.0/GNU-tools-for-STM32/bin/../lib/gcc/arm-none-eabi/12.3.1/../../../../arm-none-eabi/lib/thumb/v7-m/nofp\libc_nano.a(libc_a-closer.o) (errno)
C:/ST/STM32CubeCLT_1.17.0/GNU-tools-for-STM32/bin/../lib/gcc/arm-none-eabi/12.3.1/../../../../arm-none-eabi/lib/thumb/v7-m/nofp\libc_nano.a(libc_a-impure.o)
                              C:/ST/STM32CubeCLT_1.17.0/GNU-tools-for-STM32/bin/../lib/gcc/arm-none-eabi/12.3.1/../../../../arm-none-eabi/lib/thumb/v7-m/nofp\libc_nano.a(libc_a-reent.o) (_impure_ptr)
C:/ST/STM32CubeCLT_1.17.0/GNU-tools-for-STM32/bin/../lib/gcc/arm-none-eabi/12.3.1/../../../../arm-none-eabi/lib/thumb/v7-m/nofp\libc_nano.a(libc_a-lseekr.o)
                              C:/ST/STM32CubeCLT_1.17.0/GNU-tools-for-STM32/bin/../lib/gcc/arm-none-eabi/12.3.1/../../../../arm-none-eabi/lib/thumb/v7-m/nofp\libc_nano.a(libc_a-stdio.o) (_lseek_r)
C:/ST/STM32CubeCLT_1.17.0/GNU-tools-for-STM32/bin/../lib/gcc/arm-none-eabi/12.3.1/../../../../arm-none-eabi/lib/thumb/v7-m/nofp\libc_nano.a(libc_a-readr.o)
                              C:/ST/STM32CubeCLT_1.17.0/GNU-tools-for-STM32/bin/../lib/gcc/arm-none-eabi/12.3.1/../../../../arm-none-eabi/lib/thumb/v7-m/nofp\libc_nano.a(libc_a-stdio.o) (_read_r)
C:/ST/STM32CubeCLT_1.17.0/GNU-tools-for-STM32/bin/../lib/gcc/arm-none-eabi/12.3.1/../../../../arm-none-eabi/lib/thumb/v7-m/nofp\libc_nano.a(libc_a-writer.o)
                              C:/ST/STM32CubeCLT_1.17.0/GNU-tools-for-STM32/bin/../lib/gcc/arm-none-eabi/12.3.1/../../../../arm-none-eabi/lib/thumb/v7-m/nofp\libc_nano.a(libc_a-stdio.o) (_write_r)
C:/ST/STM32CubeCLT_1.17.0/GNU-tools-for-STM32/bin/../lib/gcc/arm-none-eabi/12.3.1/../../../../arm-none-eabi/lib/thumb/v7-m/nofp\libc_nano.a(libc_a-init.o)
                              C:/ST/STM32CubeCLT_1.17.0/GNU-tools-for-STM32/bin/../lib/gcc/arm-none-eabi/12.3.1/../../../../arm-none-eabi/lib/thumb/v7-m/nofp/crt0.o (__libc_init_array)
C:/ST/STM32CubeCLT_1.17.0/GNU-tools-for-STM32/bin/../lib/gcc/arm-none-eabi/12.3.1/../../../../arm-none-eabi/lib/thumb/v7-m/nofp\libc_nano.a(libc_a-lock.o)
                              C:/ST/STM32CubeCLT_1.17.0/GNU-tools-for-STM32/bin/../lib/gcc/arm-none-eabi/12.3.1/../../../../arm-none-eabi/lib/thumb/v7-m/nofp\libc_nano.a(libc_a-findfp.o) (__retarget_lock_init_recursive)
C:/ST/STM32CubeCLT_1.17.0/GNU-tools-for-STM32/bin/../lib/gcc/arm-none-eabi/12.3.1/../../../../arm-none-eabi/lib/thumb/v7-m/nofp\libc_nano.a(libc_a-freer.o)
                              C:/ST/STM32CubeCLT_1.17.0/GNU-tools-for-STM32/bin/../lib/gcc/arm-none-eabi/12.3.1/../../../../arm-none-eabi/lib/thumb/v7-m/nofp\libc_nano.a(libc_a-reent.o) (_free_r)
[...]
Memory Configuration

Name             Origin             Length             Attributes
RAM              0x20000000         0x00008000         xrw
FLASH            0x08000000         0x00040000         xr
*default*        0x00000000         0xffffffff

Linker script and memory map

LOAD C:/ST/STM32CubeCLT_1.17.0/GNU-tools-for-STM32/bin/../lib/gcc/arm-none-eabi/12.3.1/thumb/v7-m/nofp/crti.o
LOAD C:/ST/STM32CubeCLT_1.17.0/GNU-tools-for-STM32/bin/../lib/gcc/arm-none-eabi/12.3.1/thumb/v7-m/nofp/crtbegin.o
LOAD C:/ST/STM32CubeCLT_1.17.0/GNU-tools-for-STM32/bin/../lib/gcc/arm-none-eabi/12.3.1/../../../../arm-none-eabi/lib/thumb/v7-m/nofp/crt0.o
START GROUP
LOAD C:/ST/STM32CubeCLT_1.17.0/GNU-tools-for-STM32/bin/../lib/gcc/arm-none-eabi/12.3.1/../../../../arm-none-eabi/lib/thumb/v7-m/nofp\libc_nano.a
LOAD C:/ST/STM32CubeCLT_1.17.0/GNU-tools-for-STM32/bin/../lib/gcc/arm-none-eabi/12.3.1/../../../../arm-none-eabi/lib/thumb/v7-m/nofp\libm.a
END GROUP
LOAD cmake/stm32cubemx/CMakeFiles/STM32_Drivers.dir/__/__/Core/Src/system_stm32l1xx.c.obj
LOAD cmake/stm32cubemx/CMakeFiles/STM32_Drivers.dir/__/__/Drivers/STM32L1xx_HAL_Driver/Src/stm32l1xx_hal_pcd.c.obj
LOAD cmake/stm32cubemx/CMakeFiles/STM32_Drivers.dir/__/__/Drivers/STM32L1xx_HAL_Driver/Src/stm32l1xx_hal_pcd_ex.c.obj
LOAD cmake/stm32cubemx/CMakeFiles/STM32_Drivers.dir/__/__/Drivers/STM32L1xx_HAL_Driver/Src/stm32l1xx_ll_usb.c.obj
LOAD cmake/stm32cubemx/CMakeFiles/STM32_Drivers.dir/__/__/Drivers/STM32L1xx_HAL_Driver/Src/stm32l1xx_hal.c.obj
LOAD cmake/stm32cubemx/CMakeFiles/STM32_Drivers.dir/__/__/Drivers/STM32L1xx_HAL_Driver/Src/stm32l1xx_hal_rcc.c.obj
LOAD cmake/stm32cubemx/CMakeFiles/STM32_Drivers.dir/__/__/Drivers/STM32L1xx_HAL_Driver/Src/stm32l1xx_hal_rcc_ex.c.obj
LOAD cmake/stm32cubemx/CMakeFiles/STM32_Drivers.dir/__/__/Drivers/STM32L1xx_HAL_Driver/Src/stm32l1xx_hal_flash.c.obj
LOAD cmake/stm32cubemx/CMakeFiles/STM32_Drivers.dir/__/__/Drivers/STM32L1xx_HAL_Driver/Src/stm32l1xx_hal_flash_ex.c.obj
LOAD cmake/stm32cubemx/CMakeFiles/STM32_Drivers.dir/__/__/Drivers/STM32L1xx_HAL_Driver/Src/stm32l1xx_hal_flash_ramfunc.c.obj
LOAD cmake/stm32cubemx/CMakeFiles/STM32_Drivers.dir/__/__/Drivers/STM32L1xx_HAL_Driver/Src/stm32l1xx_hal_gpio.c.obj
LOAD cmake/stm32cubemx/CMakeFiles/STM32_Drivers.dir/__/__/Drivers/STM32L1xx_HAL_Driver/Src/stm32l1xx_hal_dma.c.obj
LOAD cmake/stm32cubemx/CMakeFiles/STM32_Drivers.dir/__/__/Drivers/STM32L1xx_HAL_Driver/Src/stm32l1xx_hal_pwr.c.obj
LOAD cmake/stm32cubemx/CMakeFiles/STM32_Drivers.dir/__/__/Drivers/STM32L1xx_HAL_Driver/Src/stm32l1xx_hal_pwr_ex.c.obj
LOAD cmake/stm32cubemx/CMakeFiles/STM32_Drivers.dir/__/__/Drivers/STM32L1xx_HAL_Driver/Src/stm32l1xx_hal_cortex.c.obj
LOAD cmake/stm32cubemx/CMakeFiles/STM32_Drivers.dir/__/__/Drivers/STM32L1xx_HAL_Driver/Src/stm32l1xx_hal_exti.c.obj
LOAD cmake/stm32cubemx/CMakeFiles/STM32_Drivers.dir/__/__/Drivers/STM32L1xx_HAL_Driver/Src/stm32l1xx_hal_adc.c.obj
LOAD cmake/stm32cubemx/CMakeFiles/STM32_Drivers.dir/__/__/Drivers/STM32L1xx_HAL_Driver/Src/stm32l1xx_hal_adc_ex.c.obj
LOAD cmake/stm32cubemx/CMakeFiles/STM32_Drivers.dir/__/__/Drivers/STM32L1xx_HAL_Driver/Src/stm32l1xx_hal_i2c.c.obj
LOAD cmake/stm32cubemx/CMakeFiles/STM32_Drivers.dir/__/__/Drivers/STM32L1xx_HAL_Driver/Src/stm32l1xx_hal_tim.c.obj
LOAD cmake/stm32cubemx/CMakeFiles/STM32_Drivers.dir/__/__/Drivers/STM32L1xx_HAL_Driver/Src/stm32l1xx_hal_tim_ex.c.obj
LOAD cmake/stm32cubemx/CMakeFiles/USB_Device_Library.dir/__/__/Middlewares/ST/STM32_USB_Device_Library/Core/Src/usbd_core.c.obj
LOAD cmake/stm32cubemx/CMakeFiles/USB_Device_Library.dir/__/__/Middlewares/ST/STM32_USB_Device_Library/Core/Src/usbd_ctlreq.c.obj
LOAD cmake/stm32cubemx/CMakeFiles/USB_Device_Library.dir/__/__/Middlewares/ST/STM32_USB_Device_Library/Core/Src/usbd_ioreq.c.obj
LOAD cmake/stm32cubemx/CMakeFiles/USB_Device_Library.dir/__/__/Middlewares/ST/STM32_USB_Device_Library/Class/CDC/Src/usbd_cdc.c.obj
LOAD CMakeFiles/Siemens_LinuxCNC_Interface.dir/USB_DEVICE/Target/usbd_conf.c.obj
LOAD CMakeFiles/Siemens_LinuxCNC_Interface.dir/USB_DEVICE/App/usb_device.c.obj
LOAD CMakeFiles/Siemens_LinuxCNC_Interface.dir/USB_DEVICE/App/usbd_desc.c.obj
LOAD CMakeFiles/Siemens_LinuxCNC_Interface.dir/USB_DEVICE/App/usbd_cdc_if.c.obj
LOAD CMakeFiles/Siemens_LinuxCNC_Interface.dir/Core/Src/main.c.obj
LOAD CMakeFiles/Siemens_LinuxCNC_Interface.dir/Core/Src/stm32l1xx_it.c.obj
LOAD CMakeFiles/Siemens_LinuxCNC_Interface.dir/Core/Src/stm32l1xx_hal_msp.c.obj
LOAD CMakeFiles/Siemens_LinuxCNC_Interface.dir/Core/Src/sysmem.c.obj
LOAD CMakeFiles/Siemens_LinuxCNC_Interface.dir/Core/Src/syscalls.c.obj
LOAD CMakeFiles/Siemens_LinuxCNC_Interface.dir/startup_stm32l151xc.s.obj
START GROUP
LOAD C:/ST/STM32CubeCLT_1.17.0/GNU-tools-for-STM32/bin/../lib/gcc/arm-none-eabi/12.3.1/thumb/v7-m/nofp\libgcc.a
LOAD C:/ST/STM32CubeCLT_1.17.0/GNU-tools-for-STM32/bin/../lib/gcc/arm-none-eabi/12.3.1/../../../../arm-none-eabi/lib/thumb/v7-m/nofp\libg_nano.a
LOAD C:/ST/STM32CubeCLT_1.17.0/GNU-tools-for-STM32/bin/../lib/gcc/arm-none-eabi/12.3.1/../../../../arm-none-eabi/lib/thumb/v7-m/nofp\libc_nano.a
END GROUP
START GROUP
LOAD C:/ST/STM32CubeCLT_1.17.0/GNU-tools-for-STM32/bin/../lib/gcc/arm-none-eabi/12.3.1/thumb/v7-m/nofp\libgcc.a
LOAD C:/ST/STM32CubeCLT_1.17.0/GNU-tools-for-STM32/bin/../lib/gcc/arm-none-eabi/12.3.1/../../../../arm-none-eabi/lib/thumb/v7-m/nofp\libc_nano.a
END GROUP
LOAD C:/ST/STM32CubeCLT_1.17.0/GNU-tools-for-STM32/bin/../lib/gcc/arm-none-eabi/12.3.1/thumb/v7-m/nofp/crtend.o
LOAD C:/ST/STM32CubeCLT_1.17.0/GNU-tools-for-STM32/bin/../lib/gcc/arm-none-eabi/12.3.1/thumb/v7-m/nofp/crtn.o
                0x20008000                        _estack = (ORIGIN (RAM) + LENGTH (RAM))
                0x00000200                        _Min_Heap_Size = 0x200
                0x00000400                        _Min_Stack_Size = 0x400

.isr_vector     0x08000000      0x13c
                0x08000000                        . = ALIGN (0x4)
 *(.isr_vector)
 .isr_vector    0x08000000      0x13c CMakeFiles/Siemens_LinuxCNC_Interface.dir/startup_stm32l151xc.s.obj
                0x08000000                g_pfnVectors
                0x0800013c                        . = ALIGN (0x4)

.text           0x0800013c     0xc230
                0x0800013c                        . = ALIGN (0x4)
 *(.text)
 .text          0x0800013c       0x40 C:/ST/STM32CubeCLT_1.17.0/GNU-tools-for-STM32/bin/../lib/gcc/arm-none-eabi/12.3.1/thumb/v7-m/nofp/crtbegin.o
 .text          0x0800017c       0x30 C:/ST/STM32CubeCLT_1.17.0/GNU-tools-for-STM32/bin/../lib/gcc/arm-none-eabi/12.3.1/thumb/v7-m/nofp\libgcc.a(_aeabi_uldivmod.o)
                0x0800017c                __aeabi_uldivmod
 .text          0x080001ac      0x2b8 C:/ST/STM32CubeCLT_1.17.0/GNU-tools-for-STM32/bin/../lib/gcc/arm-none-eabi/12.3.1/thumb/v7-m/nofp\libgcc.a(_udivmoddi4.o)
                0x080001ac                __udivmoddi4
 .text          0x08000464        0x4 C:/ST/STM32CubeCLT_1.17.0/GNU-tools-for-STM32/bin/../lib/gcc/arm-none-eabi/12.3.1/thumb/v7-m/nofp\libgcc.a(_dvmd_tls.o)
                0x08000464                __aeabi_idiv0
                0x08000464                __aeabi_ldiv0
 .text          0x08000468       0x10 C:/ST/STM32CubeCLT_1.17.0/GNU-tools-for-STM32/bin/../lib/gcc/arm-none-eabi/12.3.1/../../../../arm-none-eabi/lib/thumb/v7-m/nofp\libg_nano.a(libc_a-strlen.o)
                0x08000468                strlen
 *(.text*)
 .text.__seofread
                0x08000478        0x4 C:/ST/STM32CubeCLT_1.17.0/GNU-tools-for-STM32/bin/../lib/gcc/arm-none-eabi/12.3.1/../../../../arm-none-eabi/lib/thumb/v7-m/nofp\libc_nano.a(libc_a-stdio.o)
                0x08000478                __seofread
 .text.memset   0x0800047c       0x10 C:/ST/STM32CubeCLT_1.17.0/GNU-tools-for-STM32/bin/../lib/gcc/arm-none-eabi/12.3.1/../../../../arm-none-eabi/lib/thumb/v7-m/nofp\libc_nano.a(libc_a-memset.o)
                0x0800047c                memset
 .text.__libc_init_array
                0x0800048c       0x48 C:/ST/STM32CubeCLT_1.17.0/GNU-tools-for-STM32/bin/../lib/gcc/arm-none-eabi/12.3.1/../../../../arm-none-eabi/lib/thumb/v7-m/nofp\libc_nano.a(libc_a-init.o)
                0x0800048c                __libc_init_array
 .text.__retarget_lock_acquire_recursive
                0x080004d4        0x2 C:/ST/STM32CubeCLT_1.17.0/GNU-tools-for-STM32/bin/../lib/gcc/arm-none-eabi/12.3.1/../../../../arm-none-eabi/lib/thumb/v7-m/nofp\libc_nano.a(libc_a-lock.o)
                0x080004d4                __retarget_lock_acquire_recursive
 .text.__retarget_lock_release_recursive
                0x080004d6        0x2 C:/ST/STM32CubeCLT_1.17.0/GNU-tools-for-STM32/bin/../lib/gcc/arm-none-eabi/12.3.1/../../../../arm-none-eabi/lib/thumb/v7-m/nofp\libc_nano.a(libc_a-lock.o)
                0x080004d6                __retarget_lock_release_recursive
 .text._free_r  0x080004d8       0x90 C:/ST/STM32CubeCLT_1.17.0/GNU-tools-for-STM32/bin/../lib/gcc/arm-none-eabi/12.3.1/../../../../arm-none-eabi/lib/thumb/v7-m/nofp\libc_nano.a(libc_a-freer.o)
                0x080004d8                _free_r
 .text.sbrk_aligned
                0x08000568       0x44 C:/ST/STM32CubeCLT_1.17.0/GNU-tools-for-STM32/bin/../lib/gcc/arm-none-eabi/12.3.1/../../../../arm-none-eabi/lib/thumb/v7-m/nofp\libc_nano.a(libc_a-mallocr.o)
 .text._malloc_r
                0x080005ac      0x100 C:/ST/STM32CubeCLT_1.17.0/GNU-tools-for-STM32/bin/../lib/gcc/arm-none-eabi/12.3.1/../../../../arm-none-eabi/lib/thumb/v7-m/nofp\libc_nano.a(libc_a-mallocr.o)
                0x080005ac                _malloc_r
 .text.__malloc_lock
                0x080006ac        0xc C:/ST/STM32CubeCLT_1.17.0/GNU-tools-for-STM32/bin/../lib/gcc/arm-none-eabi/12.3.1/../../../../arm-none-eabi/lib/thumb/v7-m/nofp\libc_nano.a(libc_a-mlock.o)
                0x080006ac                __malloc_lock
 .text.__malloc_unlock
                0x080006b8        0xc C:/ST/STM32CubeCLT_1.17.0/GNU-tools-for-STM32/bin/../lib/gcc/arm-none-eabi/12.3.1/../../../../arm-none-eabi/lib/thumb/v7-m/nofp\libc_nano.a(libc_a-mlock.o)
                0x080006b8                __malloc_unlock
 .text._sbrk_r  0x080006c4       0x20 C:/ST/STM32CubeCLT_1.17.0/GNU-tools-for-STM32/bin/../lib/gcc/arm-none-eabi/12.3.1/../../../../arm-none-eabi/lib/thumb/v7-m/nofp\libc_nano.a(libc_a-sbrkr.o)
                0x080006c4                _sbrk_r
 .text.SystemInit
                0x080006e4        0xc cmake/stm32cubemx/CMakeFiles/STM32_Drivers.dir/__/__/Core/Src/system_stm32l1xx.c.obj
                0x080006e4                SystemInit
 .text.HAL_PCD_Init
                0x080006f0      0x18e cmake/stm32cubemx/CMakeFiles/STM32_Drivers.dir/__/__/Drivers/STM32L1xx_HAL_Driver/Src/stm32l1xx_hal_pcd.c.obj
                0x080006f0                HAL_PCD_Init
 .text.HAL_PCD_Start
                0x0800087e       0x4c cmake/stm32cubemx/CMakeFiles/STM32_Drivers.dir/__/__/Drivers/STM32L1xx_HAL_Driver/Src/stm32l1xx_hal_pcd.c.obj
                0x0800087e                HAL_PCD_Start
 .text.HAL_PCD_IRQHandler
                0x080008ca      0x1a8 cmake/stm32cubemx/CMakeFiles/STM32_Drivers.dir/__/__/Drivers/STM32L1xx_HAL_Driver/Src/stm32l1xx_hal_pcd.c.obj
                0x080008ca                HAL_PCD_IRQHandler
 .text.HAL_PCD_SetAddress
                0x08000a72       0x48 cmake/stm32cubemx/CMakeFiles/STM32_Drivers.dir/__/__/Drivers/STM32L1xx_HAL_Driver/Src/stm32l1xx_hal_pcd.c.obj
                0x08000a72                HAL_PCD_SetAddress
 .text.HAL_PCD_EP_Open
                0x08000aba       0xbe cmake/stm32cubemx/CMakeFiles/STM32_Drivers.dir/__/__/Drivers/STM32L1xx_HAL_Driver/Src/stm32l1xx_hal_pcd.c.obj
                0x08000aba                HAL_PCD_EP_Open
 .text.HAL_PCD_EP_Close
                0x08000b78       0x90 cmake/stm32cubemx/CMakeFiles/STM32_Drivers.dir/__/__/Drivers/STM32L1xx_HAL_Driver/Src/stm32l1xx_hal_pcd.c.obj
                0x08000b78                HAL_PCD_EP_Close
 .text.HAL_PCD_EP_Receive
                0x08000c08       0x62 cmake/stm32cubemx/CMakeFiles/STM32_Drivers.dir/__/__/Drivers/STM32L1xx_HAL_Driver/Src/stm32l1xx_hal_pcd.c.obj
                0x08000c08                HAL_PCD_EP_Receive
 .text.HAL_PCD_EP_GetRxCount
                0x08000c6a       0x2e cmake/stm32cubemx/CMakeFiles/STM32_Drivers.dir/__/__/Drivers/STM32L1xx_HAL_Driver/Src/stm32l1xx_hal_pcd.c.obj
                0x08000c6a                HAL_PCD_EP_GetRxCount
 .text.HAL_PCD_EP_Transmit
                0x08000c98       0x6e cmake/stm32cubemx/CMakeFiles/STM32_Drivers.dir/__/__/Drivers/STM32L1xx_HAL_Driver/Src/stm32l1xx_hal_pcd.c.obj
                0x08000c98                HAL_PCD_EP_Transmit
 .text.HAL_PCD_EP_SetStall
                0x08000d06       0xa4 cmake/stm32cubemx/CMakeFiles/STM32_Drivers.dir/__/__/Drivers/STM32L1xx_HAL_Driver/Src/stm32l1xx_hal_pcd.c.obj
                0x08000d06                HAL_PCD_EP_SetStall
 .text.HAL_PCD_EP_ClrStall
                0x08000daa       0xa8 cmake/stm32cubemx/CMakeFiles/STM32_Drivers.dir/__/__/Drivers/STM32L1xx_HAL_Driver/Src/stm32l1xx_hal_pcd.c.obj
                0x08000daa                HAL_PCD_EP_ClrStall
 .text.PCD_EP_ISR_Handler
                0x08000e52      0x72c cmake/stm32cubemx/CMakeFiles/STM32_Drivers.dir/__/__/Drivers/STM32L1xx_HAL_Driver/Src/stm32l1xx_hal_pcd.c.obj
 .text.HAL_PCD_EP_DB_Receive
                0x0800157e      0x21a cmake/stm32cubemx/CMakeFiles/STM32_Drivers.dir/__/__/Drivers/STM32L1xx_HAL_Driver/Src/stm32l1xx_hal_pcd.c.obj
 .text.HAL_PCD_EP_DB_Transmit
                0x08001798      0x880 cmake/stm32cubemx/CMakeFiles/STM32_Drivers.dir/__/__/Drivers/STM32L1xx_HAL_Driver/Src/stm32l1xx_hal_pcd.c.obj
 .text.HAL_PCDEx_PMAConfig
                0x08002018       0x84 cmake/stm32cubemx/CMakeFiles/STM32_Drivers.dir/__/__/Drivers/STM32L1xx_HAL_Driver/Src/stm32l1xx_hal_pcd_ex.c.obj
                0x08002018                HAL_PCDEx_PMAConfig
 .text.USB_EnableGlobalInt
                0x0800209c       0x2c cmake/stm32cubemx/CMakeFiles/STM32_Drivers.dir/__/__/Drivers/STM32L1xx_HAL_Driver/Src/stm32l1xx_ll_usb.c.obj
                0x0800209c                USB_EnableGlobalInt
 .text.USB_DisableGlobalInt
                0x080020c8       0x34 cmake/stm32cubemx/CMakeFiles/STM32_Drivers.dir/__/__/Drivers/STM32L1xx_HAL_Driver/Src/stm32l1xx_ll_usb.c.obj
                0x080020c8                USB_DisableGlobalInt
 .text.USB_DevInit
                0x080020fc       0x3a cmake/stm32cubemx/CMakeFiles/STM32_Drivers.dir/__/__/Drivers/STM32L1xx_HAL_Driver/Src/stm32l1xx_ll_usb.c.obj
                0x080020fc                USB_DevInit
 *fill*         0x08002136        0x2 
 .text.USB_ActivateEndpoint
                0x08002138      0x9c8 cmake/stm32cubemx/CMakeFiles/STM32_Drivers.dir/__/__/Drivers/STM32L1xx_HAL_Driver/Src/stm32l1xx_ll_usb.c.obj
                0x08002138                USB_ActivateEndpoint
 .text.USB_DeactivateEndpoint
                0x08002b00      0x3d8 cmake/stm32cubemx/CMakeFiles/STM32_Drivers.dir/__/__/Drivers/STM32L1xx_HAL_Driver/Src/stm32l1xx_ll_usb.c.obj
                0x08002b00                USB_DeactivateEndpoint
 .text.USB_EPStartXfer
                0x08002ed8      0xb5e cmake/stm32cubemx/CMakeFiles/STM32_Drivers.dir/__/__/Drivers/STM32L1xx_HAL_Driver/Src/stm32l1xx_ll_usb.c.obj
                0x08002ed8                USB_EPStartXfer
 .text.USB_EPSetStall
                0x08003a36       0xa0 cmake/stm32cubemx/CMakeFiles/STM32_Drivers.dir/__/__/Drivers/STM32L1xx_HAL_Driver/Src/stm32l1xx_ll_usb.c.obj
                0x08003a36                USB_EPSetStall
 .text.USB_EPClearStall
                0x08003ad6      0x150 cmake/stm32cubemx/CMakeFiles/STM32_Drivers.dir/__/__/Drivers/STM32L1xx_HAL_Driver/Src/stm32l1xx_ll_usb.c.obj
                0x08003ad6                USB_EPClearStall
 .text.USB_SetDevAddress
                0x08003c26       0x26 cmake/stm32cubemx/CMakeFiles/STM32_Drivers.dir/__/__/Drivers/STM32L1xx_HAL_Driver/Src/stm32l1xx_ll_usb.c.obj
                0x08003c26                USB_SetDevAddress
 .text.USB_DevConnect
                0x08003c4c       0x14 cmake/stm32cubemx/CMakeFiles/STM32_Drivers.dir/__/__/Drivers/STM32L1xx_HAL_Driver/Src/stm32l1xx_ll_usb.c.obj
                0x08003c4c                USB_DevConnect
 .text.USB_ReadInterrupts
                0x08003c60       0x1e cmake/stm32cubemx/CMakeFiles/STM32_Drivers.dir/__/__/Drivers/STM32L1xx_HAL_Driver/Src/stm32l1xx_ll_usb.c.obj
                0x08003c60                USB_ReadInterrupts
 .text.USB_WritePMA
                0x08003c7e       0x8a cmake/stm32cubemx/CMakeFiles/STM32_Drivers.dir/__/__/Drivers/STM32L1xx_HAL_Driver/Src/stm32l1xx_ll_usb.c.obj
                0x08003c7e                USB_WritePMA
 .text.USB_ReadPMA
                0x08003d08       0x9e cmake/stm32cubemx/CMakeFiles/STM32_Drivers.dir/__/__/Drivers/STM32L1xx_HAL_Driver/Src/stm32l1xx_ll_usb.c.obj
                0x08003d08                USB_ReadPMA
 .text.HAL_Init
                0x08003da6       0x30 cmake/stm32cubemx/CMakeFiles/STM32_Drivers.dir/__/__/Drivers/STM32L1xx_HAL_Driver/Src/stm32l1xx_hal.c.obj
                0x08003da6                HAL_Init
 *fill*         0x08003dd6        0x2 
 .text.HAL_InitTick
                0x08003dd8       0x74 cmake/stm32cubemx/CMakeFiles/STM32_Drivers.dir/__/__/Drivers/STM32L1xx_HAL_Driver/Src/stm32l1xx_hal.c.obj
                0x08003dd8                HAL_InitTick
 .text.HAL_IncTick
                0x08003e4c       0x24 cmake/stm32cubemx/CMakeFiles/STM32_Drivers.dir/__/__/Drivers/STM32L1xx_HAL_Driver/Src/stm32l1xx_hal.c.obj
                0x08003e4c                HAL_IncTick
 .text.HAL_GetTick
                0x08003e70       0x14 cmake/stm32cubemx/CMakeFiles/STM32_Drivers.dir/__/__/Drivers/STM32L1xx_HAL_Driver/Src/stm32l1xx_hal.c.obj
                0x08003e70                HAL_GetTick
 .text.HAL_Delay
                0x08003e84       0x44 cmake/stm32cubemx/CMakeFiles/STM32_Drivers.dir/__/__/Drivers/STM32L1xx_HAL_Driver/Src/stm32l1xx_hal.c.obj
                0x08003e84                HAL_Delay
 .text.HAL_RCC_OscConfig
                0x08003ec8      0x660 cmake/stm32cubemx/CMakeFiles/STM32_Drivers.dir/__/__/Drivers/STM32L1xx_HAL_Driver/Src/stm32l1xx_hal_rcc.c.obj
                0x08003ec8                HAL_RCC_OscConfig
 .text.HAL_RCC_ClockConfig
                0x08004528      0x268 cmake/stm32cubemx/CMakeFiles/STM32_Drivers.dir/__/__/Drivers/STM32L1xx_HAL_Driver/Src/stm32l1xx_hal_rcc.c.obj
                0x08004528                HAL_RCC_ClockConfig
 .text.HAL_RCC_GetSysClockFreq
                0x08004790      0x1fc cmake/stm32cubemx/CMakeFiles/STM32_Drivers.dir/__/__/Drivers/STM32L1xx_HAL_Driver/Src/stm32l1xx_hal_rcc.c.obj
                0x08004790                HAL_RCC_GetSysClockFreq
 .text.HAL_RCC_GetHCLKFreq
                0x0800498c       0x14 cmake/stm32cubemx/CMakeFiles/STM32_Drivers.dir/__/__/Drivers/STM32L1xx_HAL_Driver/Src/stm32l1xx_hal_rcc.c.obj
                0x0800498c                HAL_RCC_GetHCLKFreq
 .text.HAL_RCC_GetPCLK1Freq
                0x080049a0       0x28 cmake/stm32cubemx/CMakeFiles/STM32_Drivers.dir/__/__/Drivers/STM32L1xx_HAL_Driver/Src/stm32l1xx_hal_rcc.c.obj
                0x080049a0                HAL_RCC_GetPCLK1Freq
 .text.RCC_SetFlashLatencyFromMSIRange
                0x080049c8       0xc0 cmake/stm32cubemx/CMakeFiles/STM32_Drivers.dir/__/__/Drivers/STM32L1xx_HAL_Driver/Src/stm32l1xx_hal_rcc.c.obj
 .text.HAL_GPIO_Init
                0x08004a88      0x300 cmake/stm32cubemx/CMakeFiles/STM32_Drivers.dir/__/__/Drivers/STM32L1xx_HAL_Driver/Src/stm32l1xx_hal_gpio.c.obj
                0x08004a88                HAL_GPIO_Init
 .text.HAL_GPIO_WritePin
                0x08004d88       0x30 cmake/stm32cubemx/CMakeFiles/STM32_Drivers.dir/__/__/Drivers/STM32L1xx_HAL_Driver/Src/stm32l1xx_hal_gpio.c.obj
                0x08004d88                HAL_GPIO_WritePin
 .text.HAL_GPIO_TogglePin
                0x08004db8       0x32 cmake/stm32cubemx/CMakeFiles/STM32_Drivers.dir/__/__/Drivers/STM32L1xx_HAL_Driver/Src/stm32l1xx_hal_gpio.c.obj
                0x08004db8                HAL_GPIO_TogglePin
 *fill*         0x08004dea        0x2 
 .text.HAL_GPIO_EXTI_IRQHandler
                0x08004dec       0x30 cmake/stm32cubemx/CMakeFiles/STM32_Drivers.dir/__/__/Drivers/STM32L1xx_HAL_Driver/Src/stm32l1xx_hal_gpio.c.obj
                0x08004dec                HAL_GPIO_EXTI_IRQHandler
 .text.HAL_DMA_Init
                0x08004e1c       0xe8 cmake/stm32cubemx/CMakeFiles/STM32_Drivers.dir/__/__/Drivers/STM32L1xx_HAL_Driver/Src/stm32l1xx_hal_dma.c.obj
                0x08004e1c                HAL_DMA_Init
 .text.HAL_DMA_Start_IT
                0x08004f04       0xc0 cmake/stm32cubemx/CMakeFiles/STM32_Drivers.dir/__/__/Drivers/STM32L1xx_HAL_Driver/Src/stm32l1xx_hal_dma.c.obj
                0x08004f04                HAL_DMA_Start_IT
 .text.HAL_DMA_IRQHandler
                0x08004fc4      0x15e cmake/stm32cubemx/CMakeFiles/STM32_Drivers.dir/__/__/Drivers/STM32L1xx_HAL_Driver/Src/stm32l1xx_hal_dma.c.obj
                0x08004fc4                HAL_DMA_IRQHandler
 .text.DMA_SetConfig
                0x08005122       0x5e cmake/stm32cubemx/CMakeFiles/STM32_Drivers.dir/__/__/Drivers/STM32L1xx_HAL_Driver/Src/stm32l1xx_hal_dma.c.obj
 .text.__NVIC_SetPriorityGrouping
                0x08005180       0x48 cmake/stm32cubemx/CMakeFiles/STM32_Drivers.dir/__/__/Drivers/STM32L1xx_HAL_Driver/Src/stm32l1xx_hal_cortex.c.obj
 .text.__NVIC_GetPriorityGrouping
                0x080051c8       0x1c cmake/stm32cubemx/CMakeFiles/STM32_Drivers.dir/__/__/Drivers/STM32L1xx_HAL_Driver/Src/stm32l1xx_hal_cortex.c.obj
 .text.__NVIC_EnableIRQ
                0x080051e4       0x38 cmake/stm32cubemx/CMakeFiles/STM32_Drivers.dir/__/__/Drivers/STM32L1xx_HAL_Driver/Src/stm32l1xx_hal_cortex.c.obj
 .text.__NVIC_SetPriority
                0x0800521c       0x54 cmake/stm32cubemx/CMakeFiles/STM32_Drivers.dir/__/__/Drivers/STM32L1xx_HAL_Driver/Src/stm32l1xx_hal_cortex.c.obj
 .text.NVIC_EncodePriority
                0x08005270       0x64 cmake/stm32cubemx/CMakeFiles/STM32_Drivers.dir/__/__/Drivers/STM32L1xx_HAL_Driver/Src/stm32l1xx_hal_cortex.c.obj
 .text.SysTick_Config
                0x080052d4       0x44 cmake/stm32cubemx/CMakeFiles/STM32_Drivers.dir/__/__/Drivers/STM32L1xx_HAL_Driver/Src/stm32l1xx_hal_cortex.c.obj
 .text.HAL_NVIC_SetPriorityGrouping
                0x08005318       0x16 cmake/stm32cubemx/CMakeFiles/STM32_Drivers.dir/__/__/Drivers/STM32L1xx_HAL_Driver/Src/stm32l1xx_hal_cortex.c.obj
                0x08005318                HAL_NVIC_SetPriorityGrouping
 .text.HAL_NVIC_SetPriority
                0x0800532e       0x38 cmake/stm32cubemx/CMakeFiles/STM32_Drivers.dir/__/__/Drivers/STM32L1xx_HAL_Driver/Src/stm32l1xx_hal_cortex.c.obj
                0x0800532e                HAL_NVIC_SetPriority
 .text.HAL_NVIC_EnableIRQ
                0x08005366       0x1c cmake/stm32cubemx/CMakeFiles/STM32_Drivers.dir/__/__/Drivers/STM32L1xx_HAL_Driver/Src/stm32l1xx_hal_cortex.c.obj
                0x08005366                HAL_NVIC_EnableIRQ
 .text.HAL_SYSTICK_Config
                0x08005382       0x18 cmake/stm32cubemx/CMakeFiles/STM32_Drivers.dir/__/__/Drivers/STM32L1xx_HAL_Driver/Src/stm32l1xx_hal_cortex.c.obj
                0x08005382                HAL_SYSTICK_Config
 *fill*         0x0800539a        0x2 
 .text.HAL_ADC_Init
                0x0800539c      0x28c cmake/stm32cubemx/CMakeFiles/STM32_Drivers.dir/__/__/Drivers/STM32L1xx_HAL_Driver/Src/stm32l1xx_hal_adc.c.obj
                0x0800539c                HAL_ADC_Init
 .text.HAL_ADC_Start_DMA
                0x08005628      0x120 cmake/stm32cubemx/CMakeFiles/STM32_Drivers.dir/__/__/Drivers/STM32L1xx_HAL_Driver/Src/stm32l1xx_hal_adc.c.obj
                0x08005628                HAL_ADC_Start_DMA
 .text.HAL_ADC_IRQHandler
                0x08005748      0x1ee cmake/stm32cubemx/CMakeFiles/STM32_Drivers.dir/__/__/Drivers/STM32L1xx_HAL_Driver/Src/stm32l1xx_hal_adc.c.obj
                0x08005748                HAL_ADC_IRQHandler
 .text.HAL_ADC_ConvHalfCpltCallback
                0x08005936       0x12 cmake/stm32cubemx/CMakeFiles/STM32_Drivers.dir/__/__/Drivers/STM32L1xx_HAL_Driver/Src/stm32l1xx_hal_adc.c.obj
                0x08005936                HAL_ADC_ConvHalfCpltCallback
 .text.HAL_ADC_LevelOutOfWindowCallback
                0x08005948       0x12 cmake/stm32cubemx/CMakeFiles/STM32_Drivers.dir/__/__/Drivers/STM32L1xx_HAL_Driver/Src/stm32l1xx_hal_adc.c.obj
                0x08005948                HAL_ADC_LevelOutOfWindowCallback
 .text.HAL_ADC_ErrorCallback
                0x0800595a       0x12 cmake/stm32cubemx/CMakeFiles/STM32_Drivers.dir/__/__/Drivers/STM32L1xx_HAL_Driver/Src/stm32l1xx_hal_adc.c.obj
                0x0800595a                HAL_ADC_ErrorCallback
 .text.HAL_ADC_ConfigChannel
                0x0800596c      0x2a0 cmake/stm32cubemx/CMakeFiles/STM32_Drivers.dir/__/__/Drivers/STM32L1xx_HAL_Driver/Src/stm32l1xx_hal_adc.c.obj
                0x0800596c                HAL_ADC_ConfigChannel
 .text.ADC_Enable
                0x08005c0c       0xb8 cmake/stm32cubemx/CMakeFiles/STM32_Drivers.dir/__/__/Drivers/STM32L1xx_HAL_Driver/Src/stm32l1xx_hal_adc.c.obj
                0x08005c0c                ADC_Enable
 .text.ADC_DMAConvCplt
                0x08005cc4       0xa8 cmake/stm32cubemx/CMakeFiles/STM32_Drivers.dir/__/__/Drivers/STM32L1xx_HAL_Driver/Src/stm32l1xx_hal_adc.c.obj
 .text.ADC_DMAHalfConvCplt
                0x08005d6c       0x1c cmake/stm32cubemx/CMakeFiles/STM32_Drivers.dir/__/__/Drivers/STM32L1xx_HAL_Driver/Src/stm32l1xx_hal_adc.c.obj
 .text.ADC_DMAError
                0x08005d88       0x34 cmake/stm32cubemx/CMakeFiles/STM32_Drivers.dir/__/__/Drivers/STM32L1xx_HAL_Driver/Src/stm32l1xx_hal_adc.c.obj
 .text.HAL_ADCEx_InjectedConvCpltCallback
                0x08005dbc       0x12 cmake/stm32cubemx/CMakeFiles/STM32_Drivers.dir/__/__/Drivers/STM32L1xx_HAL_Driver/Src/stm32l1xx_hal_adc_ex.c.obj
                0x08005dbc                HAL_ADCEx_InjectedConvCpltCallback
 *fill*         0x08005dce        0x2 
 .text.HAL_I2C_Init
                0x08005dd0      0x288 cmake/stm32cubemx/CMakeFiles/STM32_Drivers.dir/__/__/Drivers/STM32L1xx_HAL_Driver/Src/stm32l1xx_hal_i2c.c.obj
                0x08005dd0                HAL_I2C_Init
 .text.HAL_I2C_Mem_Write
                0x08006058      0x1f4 cmake/stm32cubemx/CMakeFiles/STM32_Drivers.dir/__/__/Drivers/STM32L1xx_HAL_Driver/Src/stm32l1xx_hal_i2c.c.obj
                0x08006058                HAL_I2C_Mem_Write
 .text.HAL_I2C_Mem_Read
                0x0800624c      0x464 cmake/stm32cubemx/CMakeFiles/STM32_Drivers.dir/__/__/Drivers/STM32L1xx_HAL_Driver/Src/stm32l1xx_hal_i2c.c.obj
                0x0800624c                HAL_I2C_Mem_Read
 .text.HAL_I2C_IsDeviceReady
                0x080066b0      0x25c cmake/stm32cubemx/CMakeFiles/STM32_Drivers.dir/__/__/Drivers/STM32L1xx_HAL_Driver/Src/stm32l1xx_hal_i2c.c.obj
                0x080066b0                HAL_I2C_IsDeviceReady
 .text.I2C_RequestMemoryWrite
                0x0800690c      0x12c cmake/stm32cubemx/CMakeFiles/STM32_Drivers.dir/__/__/Drivers/STM32L1xx_HAL_Driver/Src/stm32l1xx_hal_i2c.c.obj
 .text.I2C_RequestMemoryRead
                0x08006a38      0x1d0 cmake/stm32cubemx/CMakeFiles/STM32_Drivers.dir/__/__/Drivers/STM32L1xx_HAL_Driver/Src/stm32l1xx_hal_i2c.c.obj
 .text.I2C_WaitOnFlagUntilTimeout
                0x08006c08       0xf4 cmake/stm32cubemx/CMakeFiles/STM32_Drivers.dir/__/__/Drivers/STM32L1xx_HAL_Driver/Src/stm32l1xx_hal_i2c.c.obj
 .text.I2C_WaitOnMasterAddressFlagUntilTimeout
                0x08006cfc      0x140 cmake/stm32cubemx/CMakeFiles/STM32_Drivers.dir/__/__/Drivers/STM32L1xx_HAL_Driver/Src/stm32l1xx_hal_i2c.c.obj
 .text.I2C_WaitOnTXEFlagUntilTimeout
                0x08006e3c       0x90 cmake/stm32cubemx/CMakeFiles/STM32_Drivers.dir/__/__/Drivers/STM32L1xx_HAL_Driver/Src/stm32l1xx_hal_i2c.c.obj
 .text.I2C_WaitOnBTFFlagUntilTimeout
                0x08006ecc       0x90 cmake/stm32cubemx/CMakeFiles/STM32_Drivers.dir/__/__/Drivers/STM32L1xx_HAL_Driver/Src/stm32l1xx_hal_i2c.c.obj
 .text.I2C_WaitOnRXNEFlagUntilTimeout
                0x08006f5c       0xba cmake/stm32cubemx/CMakeFiles/STM32_Drivers.dir/__/__/Drivers/STM32L1xx_HAL_Driver/Src/stm32l1xx_hal_i2c.c.obj
 .text.I2C_IsAcknowledgeFailed
                0x08007016       0x5c cmake/stm32cubemx/CMakeFiles/STM32_Drivers.dir/__/__/Drivers/STM32L1xx_HAL_Driver/Src/stm32l1xx_hal_i2c.c.obj
 .text.HAL_TIM_Base_Init
                0x08007072       0x7e cmake/stm32cubemx/CMakeFiles/STM32_Drivers.dir/__/__/Drivers/STM32L1xx_HAL_Driver/Src/stm32l1xx_hal_tim.c.obj
                0x08007072                HAL_TIM_Base_Init
 .text.HAL_TIM_IRQHandler
                0x080070f0      0x198 cmake/stm32cubemx/CMakeFiles/STM32_Drivers.dir/__/__/Drivers/STM32L1xx_HAL_Driver/Src/stm32l1xx_hal_tim.c.obj
                0x080070f0                HAL_TIM_IRQHandler
 .text.HAL_TIM_ConfigClockSource
                0x08007288      0x18e cmake/stm32cubemx/CMakeFiles/STM32_Drivers.dir/__/__/Drivers/STM32L1xx_HAL_Driver/Src/stm32l1xx_hal_tim.c.obj
                0x08007288                HAL_TIM_ConfigClockSource
 .text.HAL_TIM_PeriodElapsedCallback
                0x08007416       0x12 cmake/stm32cubemx/CMakeFiles/STM32_Drivers.dir/__/__/Drivers/STM32L1xx_HAL_Driver/Src/stm32l1xx_hal_tim.c.obj
                0x08007416                HAL_TIM_PeriodElapsedCallback
 .text.HAL_TIM_OC_DelayElapsedCallback
                0x08007428       0x12 cmake/stm32cubemx/CMakeFiles/STM32_Drivers.dir/__/__/Drivers/STM32L1xx_HAL_Driver/Src/stm32l1xx_hal_tim.c.obj
                0x08007428                HAL_TIM_OC_DelayElapsedCallback
 .text.HAL_TIM_IC_CaptureCallback
                0x0800743a       0x12 cmake/stm32cubemx/CMakeFiles/STM32_Drivers.dir/__/__/Drivers/STM32L1xx_HAL_Driver/Src/stm32l1xx_hal_tim.c.obj
                0x0800743a                HAL_TIM_IC_CaptureCallback
 .text.HAL_TIM_PWM_PulseFinishedCallback
                0x0800744c       0x12 cmake/stm32cubemx/CMakeFiles/STM32_Drivers.dir/__/__/Drivers/STM32L1xx_HAL_Driver/Src/stm32l1xx_hal_tim.c.obj
                0x0800744c                HAL_TIM_PWM_PulseFinishedCallback
 .text.HAL_TIM_TriggerCallback
                0x0800745e       0x12 cmake/stm32cubemx/CMakeFiles/STM32_Drivers.dir/__/__/Drivers/STM32L1xx_HAL_Driver/Src/stm32l1xx_hal_tim.c.obj
                0x0800745e                HAL_TIM_TriggerCallback
 .text.TIM_Base_SetConfig
                0x08007470       0xec cmake/stm32cubemx/CMakeFiles/STM32_Drivers.dir/__/__/Drivers/STM32L1xx_HAL_Driver/Src/stm32l1xx_hal_tim.c.obj
 .text.TIM_TI1_ConfigInputStage
                0x0800755c       0x5c cmake/stm32cubemx/CMakeFiles/STM32_Drivers.dir/__/__/Drivers/STM32L1xx_HAL_Driver/Src/stm32l1xx_hal_tim.c.obj
 .text.TIM_TI2_ConfigInputStage
                0x080075b8       0x5e cmake/stm32cubemx/CMakeFiles/STM32_Drivers.dir/__/__/Drivers/STM32L1xx_HAL_Driver/Src/stm32l1xx_hal_tim.c.obj
 .text.TIM_ITRx_SetConfig
                0x08007616       0x34 cmake/stm32cubemx/CMakeFiles/STM32_Drivers.dir/__/__/Drivers/STM32L1xx_HAL_Driver/Src/stm32l1xx_hal_tim.c.obj
 .text.TIM_ETR_SetConfig
                0x0800764a       0x3e cmake/stm32cubemx/CMakeFiles/STM32_Drivers.dir/__/__/Drivers/STM32L1xx_HAL_Driver/Src/stm32l1xx_hal_tim.c.obj
 .text.HAL_TIMEx_MasterConfigSynchronization
                0x08007688       0xbc cmake/stm32cubemx/CMakeFiles/STM32_Drivers.dir/__/__/Drivers/STM32L1xx_HAL_Driver/Src/stm32l1xx_hal_tim_ex.c.obj
                0x08007688                HAL_TIMEx_MasterConfigSynchronization
 .text.USBD_Init
                0x08007744       0x56 cmake/stm32cubemx/CMakeFiles/USB_Device_Library.dir/__/__/Middlewares/ST/STM32_USB_Device_Library/Core/Src/usbd_core.c.obj
                0x08007744                USBD_Init
 .text.USBD_RegisterClass
                0x0800779a       0x32 cmake/stm32cubemx/CMakeFiles/USB_Device_Library.dir/__/__/Middlewares/ST/STM32_USB_Device_Library/Core/Src/usbd_core.c.obj
                0x0800779a                USBD_RegisterClass
 .text.USBD_Start
                0x080077cc       0x18 cmake/stm32cubemx/CMakeFiles/USB_Device_Library.dir/__/__/Middlewares/ST/STM32_USB_Device_Library/Core/Src/usbd_core.c.obj
                0x080077cc                USBD_Start
 .text.USBD_RunTestMode
                0x080077e4       0x14 cmake/stm32cubemx/CMakeFiles/USB_Device_Library.dir/__/__/Middlewares/ST/STM32_USB_Device_Library/Core/Src/usbd_core.c.obj
                0x080077e4                USBD_RunTestMode
 .text.USBD_SetClassConfig
                0x080077f8       0x3e cmake/stm32cubemx/CMakeFiles/USB_Device_Library.dir/__/__/Middlewares/ST/STM32_USB_Device_Library/Core/Src/usbd_core.c.obj
                0x080077f8                USBD_SetClassConfig
 .text.USBD_ClrClassConfig
                0x08007836       0x26 cmake/stm32cubemx/CMakeFiles/USB_Device_Library.dir/__/__/Middlewares/ST/STM32_USB_Device_Library/Core/Src/usbd_core.c.obj
                0x08007836                USBD_ClrClassConfig
 .text.USBD_LL_SetupStage
                0x0800785c       0x9a cmake/stm32cubemx/CMakeFiles/USB_Device_Library.dir/__/__/Middlewares/ST/STM32_USB_Device_Library/Core/Src/usbd_core.c.obj
                0x0800785c                USBD_LL_SetupStage
 .text.USBD_LL_DataOutStage
                0x080078f6       0xe2 cmake/stm32cubemx/CMakeFiles/USB_Device_Library.dir/__/__/Middlewares/ST/STM32_USB_Device_Library/Core/Src/usbd_core.c.obj
                0x080078f6                USBD_LL_DataOutStage
 .text.USBD_LL_DataInStage
                0x080079d8      0x14a cmake/stm32cubemx/CMakeFiles/USB_Device_Library.dir/__/__/Middlewares/ST/STM32_USB_Device_Library/Core/Src/usbd_core.c.obj
                0x080079d8                USBD_LL_DataInStage
 .text.USBD_LL_Reset
                0x08007b22       0x82 cmake/stm32cubemx/CMakeFiles/USB_Device_Library.dir/__/__/Middlewares/ST/STM32_USB_Device_Library/Core/Src/usbd_core.c.obj
                0x08007b22                USBD_LL_Reset
 .text.USBD_LL_SetSpeed
                0x08007ba4       0x1e cmake/stm32cubemx/CMakeFiles/USB_Device_Library.dir/__/__/Middlewares/ST/STM32_USB_Device_Library/Core/Src/usbd_core.c.obj
                0x08007ba4                USBD_LL_SetSpeed
 .text.USBD_LL_Suspend
                0x08007bc2       0x28 cmake/stm32cubemx/CMakeFiles/USB_Device_Library.dir/__/__/Middlewares/ST/STM32_USB_Device_Library/Core/Src/usbd_core.c.obj
                0x08007bc2                USBD_LL_Suspend
 .text.USBD_LL_Resume
                0x08007bea       0x20 cmake/stm32cubemx/CMakeFiles/USB_Device_Library.dir/__/__/Middlewares/ST/STM32_USB_Device_Library/Core/Src/usbd_core.c.obj
                0x08007bea                USBD_LL_Resume
 .text.USBD_LL_SOF
                0x08007c0a       0x34 cmake/stm32cubemx/CMakeFiles/USB_Device_Library.dir/__/__/Middlewares/ST/STM32_USB_Device_Library/Core/Src/usbd_core.c.obj
                0x08007c0a                USBD_LL_SOF
 *fill*         0x08007c3e        0x2 
 .text.USBD_StdDevReq
                0x08007c40       0xd4 cmake/stm32cubemx/CMakeFiles/USB_Device_Library.dir/__/__/Middlewares/ST/STM32_USB_Device_Library/Core/Src/usbd_ctlreq.c.obj
                0x08007c40                USBD_StdDevReq
 .text.USBD_StdItfReq
                0x08007d14       0x90 cmake/stm32cubemx/CMakeFiles/USB_Device_Library.dir/__/__/Middlewares/ST/STM32_USB_Device_Library/Core/Src/usbd_ctlreq.c.obj
                0x08007d14                USBD_StdItfReq
 .text.USBD_StdEPReq
                0x08007da4      0x2c2 cmake/stm32cubemx/CMakeFiles/USB_Device_Library.dir/__/__/Middlewares/ST/STM32_USB_Device_Library/Core/Src/usbd_ctlreq.c.obj
                0x08007da4                USBD_StdEPReq
 *fill*         0x08008066        0x2 
 .text.USBD_GetDescriptor
                0x08008068      0x1f4 cmake/stm32cubemx/CMakeFiles/USB_Device_Library.dir/__/__/Middlewares/ST/STM32_USB_Device_Library/Core/Src/usbd_ctlreq.c.obj
 .text.USBD_SetAddress
                0x0800825c       0x86 cmake/stm32cubemx/CMakeFiles/USB_Device_Library.dir/__/__/Middlewares/ST/STM32_USB_Device_Library/Core/Src/usbd_ctlreq.c.obj
 *fill*         0x080082e2        0x2 
 .text.USBD_SetConfig
                0x080082e4      0x11c cmake/stm32cubemx/CMakeFiles/USB_Device_Library.dir/__/__/Middlewares/ST/STM32_USB_Device_Library/Core/Src/usbd_ctlreq.c.obj
 .text.USBD_GetConfig
                0x08008400       0x6a cmake/stm32cubemx/CMakeFiles/USB_Device_Library.dir/__/__/Middlewares/ST/STM32_USB_Device_Library/Core/Src/usbd_ctlreq.c.obj
 .text.USBD_GetStatus
                0x0800846a       0x66 cmake/stm32cubemx/CMakeFiles/USB_Device_Library.dir/__/__/Middlewares/ST/STM32_USB_Device_Library/Core/Src/usbd_ctlreq.c.obj
 .text.USBD_SetFeature
                0x080084d0       0x28 cmake/stm32cubemx/CMakeFiles/USB_Device_Library.dir/__/__/Middlewares/ST/STM32_USB_Device_Library/Core/Src/usbd_ctlreq.c.obj
 .text.USBD_ClrFeature
                0x080084f8       0x42 cmake/stm32cubemx/CMakeFiles/USB_Device_Library.dir/__/__/Middlewares/ST/STM32_USB_Device_Library/Core/Src/usbd_ctlreq.c.obj
 .text.USBD_ParseSetupRequest
                0x0800853a       0x72 cmake/stm32cubemx/CMakeFiles/USB_Device_Library.dir/__/__/Middlewares/ST/STM32_USB_Device_Library/Core/Src/usbd_ctlreq.c.obj
                0x0800853a                USBD_ParseSetupRequest
 .text.USBD_CtlError
                0x080085ac       0x22 cmake/stm32cubemx/CMakeFiles/USB_Device_Library.dir/__/__/Middlewares/ST/STM32_USB_Device_Library/Core/Src/usbd_ctlreq.c.obj
                0x080085ac                USBD_CtlError
 .text.USBD_GetString
                0x080085ce       0x84 cmake/stm32cubemx/CMakeFiles/USB_Device_Library.dir/__/__/Middlewares/ST/STM32_USB_Device_Library/Core/Src/usbd_ctlreq.c.obj
                0x080085ce                USBD_GetString
 .text.USBD_GetLen
                0x08008652       0x2e cmake/stm32cubemx/CMakeFiles/USB_Device_Library.dir/__/__/Middlewares/ST/STM32_USB_Device_Library/Core/Src/usbd_ctlreq.c.obj
 .text.USBD_CtlSendData
                0x08008680       0x38 cmake/stm32cubemx/CMakeFiles/USB_Device_Library.dir/__/__/Middlewares/ST/STM32_USB_Device_Library/Core/Src/usbd_ioreq.c.obj
                0x08008680                USBD_CtlSendData
 .text.USBD_CtlContinueSendData
                0x080086b8       0x24 cmake/stm32cubemx/CMakeFiles/USB_Device_Library.dir/__/__/Middlewares/ST/STM32_USB_Device_Library/Core/Src/usbd_ioreq.c.obj
                0x080086b8                USBD_CtlContinueSendData
 .text.USBD_CtlPrepareRx
                0x080086dc       0x3c cmake/stm32cubemx/CMakeFiles/USB_Device_Library.dir/__/__/Middlewares/ST/STM32_USB_Device_Library/Core/Src/usbd_ioreq.c.obj
                0x080086dc                USBD_CtlPrepareRx
 .text.USBD_CtlContinueRx
                0x08008718       0x24 cmake/stm32cubemx/CMakeFiles/USB_Device_Library.dir/__/__/Middlewares/ST/STM32_USB_Device_Library/Core/Src/usbd_ioreq.c.obj
                0x08008718                USBD_CtlContinueRx
 .text.USBD_CtlSendStatus
                0x0800873c       0x26 cmake/stm32cubemx/CMakeFiles/USB_Device_Library.dir/__/__/Middlewares/ST/STM32_USB_Device_Library/Core/Src/usbd_ioreq.c.obj
                0x0800873c                USBD_CtlSendStatus
 .text.USBD_CtlReceiveStatus
                0x08008762       0x26 cmake/stm32cubemx/CMakeFiles/USB_Device_Library.dir/__/__/Middlewares/ST/STM32_USB_Device_Library/Core/Src/usbd_ioreq.c.obj
                0x08008762                USBD_CtlReceiveStatus
 .text.USBD_CDC_Init
                0x08008788       0xf4 cmake/stm32cubemx/CMakeFiles/USB_Device_Library.dir/__/__/Middlewares/ST/STM32_USB_Device_Library/Class/CDC/Src/usbd_cdc.c.obj
 .text.USBD_CDC_DeInit
                0x0800887c       0x6e cmake/stm32cubemx/CMakeFiles/USB_Device_Library.dir/__/__/Middlewares/ST/STM32_USB_Device_Library/Class/CDC/Src/usbd_cdc.c.obj
 .text.USBD_CDC_Setup
                0x080088ea      0x146 cmake/stm32cubemx/CMakeFiles/USB_Device_Library.dir/__/__/Middlewares/ST/STM32_USB_Device_Library/Class/CDC/Src/usbd_cdc.c.obj
 .text.USBD_CDC_DataIn
                0x08008a30       0xa6 cmake/stm32cubemx/CMakeFiles/USB_Device_Library.dir/__/__/Middlewares/ST/STM32_USB_Device_Library/Class/CDC/Src/usbd_cdc.c.obj
 .text.USBD_CDC_DataOut
                0x08008ad6       0x56 cmake/stm32cubemx/CMakeFiles/USB_Device_Library.dir/__/__/Middlewares/ST/STM32_USB_Device_Library/Class/CDC/Src/usbd_cdc.c.obj
 .text.USBD_CDC_EP0_RxReady
                0x08008b2c       0x4e cmake/stm32cubemx/CMakeFiles/USB_Device_Library.dir/__/__/Middlewares/ST/STM32_USB_Device_Library/Class/CDC/Src/usbd_cdc.c.obj
 *fill*         0x08008b7a        0x2 
 .text.USBD_CDC_GetFSCfgDesc
                0x08008b7c       0x20 cmake/stm32cubemx/CMakeFiles/USB_Device_Library.dir/__/__/Middlewares/ST/STM32_USB_Device_Library/Class/CDC/Src/usbd_cdc.c.obj
 .text.USBD_CDC_GetHSCfgDesc
                0x08008b9c       0x20 cmake/stm32cubemx/CMakeFiles/USB_Device_Library.dir/__/__/Middlewares/ST/STM32_USB_Device_Library/Class/CDC/Src/usbd_cdc.c.obj
 .text.USBD_CDC_GetOtherSpeedCfgDesc
                0x08008bbc       0x20 cmake/stm32cubemx/CMakeFiles/USB_Device_Library.dir/__/__/Middlewares/ST/STM32_USB_Device_Library/Class/CDC/Src/usbd_cdc.c.obj
 .text.USBD_CDC_GetDeviceQualifierDescriptor
                0x08008bdc       0x20 cmake/stm32cubemx/CMakeFiles/USB_Device_Library.dir/__/__/Middlewares/ST/STM32_USB_Device_Library/Class/CDC/Src/usbd_cdc.c.obj
                0x08008bdc                USBD_CDC_GetDeviceQualifierDescriptor
 .text.USBD_CDC_RegisterInterface
                0x08008bfc       0x2c cmake/stm32cubemx/CMakeFiles/USB_Device_Library.dir/__/__/Middlewares/ST/STM32_USB_Device_Library/Class/CDC/Src/usbd_cdc.c.obj
                0x08008bfc                USBD_CDC_RegisterInterface
 .text.USBD_CDC_SetTxBuffer
                0x08008c28       0x32 cmake/stm32cubemx/CMakeFiles/USB_Device_Library.dir/__/__/Middlewares/ST/STM32_USB_Device_Library/Class/CDC/Src/usbd_cdc.c.obj
                0x08008c28                USBD_CDC_SetTxBuffer
 .text.USBD_CDC_SetRxBuffer
                0x08008c5a       0x26 cmake/stm32cubemx/CMakeFiles/USB_Device_Library.dir/__/__/Middlewares/ST/STM32_USB_Device_Library/Class/CDC/Src/usbd_cdc.c.obj
                0x08008c5a                USBD_CDC_SetRxBuffer
 .text.USBD_CDC_TransmitPacket
                0x08008c80       0x5e cmake/stm32cubemx/CMakeFiles/USB_Device_Library.dir/__/__/Middlewares/ST/STM32_USB_Device_Library/Class/CDC/Src/usbd_cdc.c.obj
                0x08008c80                USBD_CDC_TransmitPacket
 .text.USBD_CDC_ReceivePacket
                0x08008cde       0x54 cmake/stm32cubemx/CMakeFiles/USB_Device_Library.dir/__/__/Middlewares/ST/STM32_USB_Device_Library/Class/CDC/Src/usbd_cdc.c.obj
                0x08008cde                USBD_CDC_ReceivePacket
 *fill*         0x08008d32        0x2 
 .text.HAL_PCDEx_SetConnectionState
                0x08008d34       0x3c CMakeFiles/Siemens_LinuxCNC_Interface.dir/USB_DEVICE/Target/usbd_conf.c.obj
                0x08008d34                HAL_PCDEx_SetConnectionState
 .text.HAL_PCD_MspInit
                0x08008d70       0x4c CMakeFiles/Siemens_LinuxCNC_Interface.dir/USB_DEVICE/Target/usbd_conf.c.obj
                0x08008d70                HAL_PCD_MspInit
 .text.HAL_PCD_SetupStageCallback
                0x08008dbc       0x24 CMakeFiles/Siemens_LinuxCNC_Interface.dir/USB_DEVICE/Target/usbd_conf.c.obj
                0x08008dbc                HAL_PCD_SetupStageCallback
 .text.HAL_PCD_DataOutStageCallback
                0x08008de0       0x36 CMakeFiles/Siemens_LinuxCNC_Interface.dir/USB_DEVICE/Target/usbd_conf.c.obj
                0x08008de0                HAL_PCD_DataOutStageCallback
 .text.HAL_PCD_DataInStageCallback
                0x08008e16       0x34 CMakeFiles/Siemens_LinuxCNC_Interface.dir/USB_DEVICE/Target/usbd_conf.c.obj
                0x08008e16                HAL_PCD_DataInStageCallback
 .text.HAL_PCD_SOFCallback
                0x08008e4a       0x1c CMakeFiles/Siemens_LinuxCNC_Interface.dir/USB_DEVICE/Target/usbd_conf.c.obj
                0x08008e4a                HAL_PCD_SOFCallback
 .text.HAL_PCD_ResetCallback
                0x08008e66       0x3c CMakeFiles/Siemens_LinuxCNC_Interface.dir/USB_DEVICE/Target/usbd_conf.c.obj
                0x08008e66                HAL_PCD_ResetCallback
 *fill*         0x08008ea2        0x2 
 .text.HAL_PCD_SuspendCallback
                0x08008ea4       0x34 CMakeFiles/Siemens_LinuxCNC_Interface.dir/USB_DEVICE/Target/usbd_conf.c.obj
                0x08008ea4                HAL_PCD_SuspendCallback
 .text.HAL_PCD_ResumeCallback
                0x08008ed8       0x1c CMakeFiles/Siemens_LinuxCNC_Interface.dir/USB_DEVICE/Target/usbd_conf.c.obj
                0x08008ed8                HAL_PCD_ResumeCallback
 .text.USBD_LL_Init
                0x08008ef4       0xb4 CMakeFiles/Siemens_LinuxCNC_Interface.dir/USB_DEVICE/Target/usbd_conf.c.obj
                0x08008ef4                USBD_LL_Init
 .text.USBD_LL_Start
                0x08008fa8       0x36 CMakeFiles/Siemens_LinuxCNC_Interface.dir/USB_DEVICE/Target/usbd_conf.c.obj
                0x08008fa8                USBD_LL_Start
 .text.USBD_LL_OpenEP
                0x08008fde       0x4c CMakeFiles/Siemens_LinuxCNC_Interface.dir/USB_DEVICE/Target/usbd_conf.c.obj
                0x08008fde                USBD_LL_OpenEP
 .text.USBD_LL_CloseEP
                0x0800902a       0x3e CMakeFiles/Siemens_LinuxCNC_Interface.dir/USB_DEVICE/Target/usbd_conf.c.obj
                0x0800902a                USBD_LL_CloseEP
 .text.USBD_LL_StallEP
                0x08009068       0x3e CMakeFiles/Siemens_LinuxCNC_Interface.dir/USB_DEVICE/Target/usbd_conf.c.obj
                0x08009068                USBD_LL_StallEP
 .text.USBD_LL_ClearStallEP
                0x080090a6       0x3e CMakeFiles/Siemens_LinuxCNC_Interface.dir/USB_DEVICE/Target/usbd_conf.c.obj
                0x080090a6                USBD_LL_ClearStallEP
 .text.USBD_LL_IsStallEP
                0x080090e4       0x56 CMakeFiles/Siemens_LinuxCNC_Interface.dir/USB_DEVICE/Target/usbd_conf.c.obj
                0x080090e4                USBD_LL_IsStallEP
 .text.USBD_LL_SetUSBAddress
                0x0800913a       0x3e CMakeFiles/Siemens_LinuxCNC_Interface.dir/USB_DEVICE/Target/usbd_conf.c.obj
                0x0800913a                USBD_LL_SetUSBAddress
 .text.USBD_LL_Transmit
                0x08009178       0x46 CMakeFiles/Siemens_LinuxCNC_Interface.dir/USB_DEVICE/Target/usbd_conf.c.obj
                0x08009178                USBD_LL_Transmit
 .text.USBD_LL_PrepareReceive
                0x080091be       0x46 CMakeFiles/Siemens_LinuxCNC_Interface.dir/USB_DEVICE/Target/usbd_conf.c.obj
                0x080091be                USBD_LL_PrepareReceive
 .text.USBD_LL_GetRxDataSize
                0x08009204       0x26 CMakeFiles/Siemens_LinuxCNC_Interface.dir/USB_DEVICE/Target/usbd_conf.c.obj
                0x08009204                USBD_LL_GetRxDataSize
 *fill*         0x0800922a        0x2 
 .text.USBD_static_malloc
                0x0800922c       0x18 CMakeFiles/Siemens_LinuxCNC_Interface.dir/USB_DEVICE/Target/usbd_conf.c.obj
                0x0800922c                USBD_static_malloc
 .text.USBD_static_free
                0x08009244       0x12 CMakeFiles/Siemens_LinuxCNC_Interface.dir/USB_DEVICE/Target/usbd_conf.c.obj
                0x08009244                USBD_static_free
 *fill*         0x08009256        0x2 
 .text.USBD_Get_USB_Status
                0x08009258       0x58 CMakeFiles/Siemens_LinuxCNC_Interface.dir/USB_DEVICE/Target/usbd_conf.c.obj
 .text.MX_USB_DEVICE_Init
                0x080092b0       0x60 CMakeFiles/Siemens_LinuxCNC_Interface.dir/USB_DEVICE/App/usb_device.c.obj
                0x080092b0                MX_USB_DEVICE_Init
 .text.USBD_FS_DeviceDescriptor
                0x08009310       0x24 CMakeFiles/Siemens_LinuxCNC_Interface.dir/USB_DEVICE/App/usbd_desc.c.obj
                0x08009310                USBD_FS_DeviceDescriptor
 .text.USBD_FS_LangIDStrDescriptor
                0x08009334       0x24 CMakeFiles/Siemens_LinuxCNC_Interface.dir/USB_DEVICE/App/usbd_desc.c.obj
                0x08009334                USBD_FS_LangIDStrDescriptor
 .text.USBD_FS_ProductStrDescriptor
                0x08009358       0x3c CMakeFiles/Siemens_LinuxCNC_Interface.dir/USB_DEVICE/App/usbd_desc.c.obj
                0x08009358                USBD_FS_ProductStrDescriptor
 .text.USBD_FS_ManufacturerStrDescriptor
                0x08009394       0x28 CMakeFiles/Siemens_LinuxCNC_Interface.dir/USB_DEVICE/App/usbd_desc.c.obj
                0x08009394                USBD_FS_ManufacturerStrDescriptor
 .text.USBD_FS_SerialStrDescriptor
                0x080093bc       0x24 CMakeFiles/Siemens_LinuxCNC_Interface.dir/USB_DEVICE/App/usbd_desc.c.obj
                0x080093bc                USBD_FS_SerialStrDescriptor
 .text.USBD_FS_ConfigStrDescriptor
                0x080093e0       0x3c CMakeFiles/Siemens_LinuxCNC_Interface.dir/USB_DEVICE/App/usbd_desc.c.obj
                0x080093e0                USBD_FS_ConfigStrDescriptor
 .text.USBD_FS_InterfaceStrDescriptor
                0x0800941c       0x3c CMakeFiles/Siemens_LinuxCNC_Interface.dir/USB_DEVICE/App/usbd_desc.c.obj
                0x0800941c                USBD_FS_InterfaceStrDescriptor
 .text.Get_SerialNum
                0x08009458       0x58 CMakeFiles/Siemens_LinuxCNC_Interface.dir/USB_DEVICE/App/usbd_desc.c.obj
 .text.IntToUnicode
                0x080094b0       0x7c CMakeFiles/Siemens_LinuxCNC_Interface.dir/USB_DEVICE/App/usbd_desc.c.obj
 .text.CDC_Init_FS
                0x0800952c       0x28 CMakeFiles/Siemens_LinuxCNC_Interface.dir/USB_DEVICE/App/usbd_cdc_if.c.obj
 .text.CDC_DeInit_FS
                0x08009554        0xe CMakeFiles/Siemens_LinuxCNC_Interface.dir/USB_DEVICE/App/usbd_cdc_if.c.obj
 *fill*         0x08009562        0x2 
 .text.CDC_Control_FS
                0x08009564      0x144 CMakeFiles/Siemens_LinuxCNC_Interface.dir/USB_DEVICE/App/usbd_cdc_if.c.obj
 .text.CDC_Receive_FS
                0x080096a8       0x44 CMakeFiles/Siemens_LinuxCNC_Interface.dir/USB_DEVICE/App/usbd_cdc_if.c.obj
 .text.CDC_Transmit_FS
                0x080096ec       0x4c CMakeFiles/Siemens_LinuxCNC_Interface.dir/USB_DEVICE/App/usbd_cdc_if.c.obj
                0x080096ec                CDC_Transmit_FS
 .text.pca9555_readRegister
                0x08009738       0x98 CMakeFiles/Siemens_LinuxCNC_Interface.dir/Core/Src/main.c.obj
 .text.pca9555_writeRegister
                0x080097d0       0x8e CMakeFiles/Siemens_LinuxCNC_Interface.dir/Core/Src/main.c.obj
 .text.pca9555_updateRegisterBit
                0x0800985e       0xb2 CMakeFiles/Siemens_LinuxCNC_Interface.dir/Core/Src/main.c.obj
 .text.pca9555_init
                0x08009910       0x46 CMakeFiles/Siemens_LinuxCNC_Interface.dir/Core/Src/main.c.obj
                0x08009910                pca9555_init
 .text.pca9555_DigitalWrite
                0x08009956       0x80 CMakeFiles/Siemens_LinuxCNC_Interface.dir/Core/Src/main.c.obj
                0x08009956                pca9555_DigitalWrite
 .text.pca9555_pinMode
                0x080099d6       0x70 CMakeFiles/Siemens_LinuxCNC_Interface.dir/Core/Src/main.c.obj
                0x080099d6                pca9555_pinMode
 .text.main     0x08009a46       0x40 CMakeFiles/Siemens_LinuxCNC_Interface.dir/Core/Src/main.c.obj
                0x08009a46                main
 *fill*         0x08009a86        0x2 
 .text.SystemClock_Config
                0x08009a88       0xa0 CMakeFiles/Siemens_LinuxCNC_Interface.dir/Core/Src/main.c.obj
                0x08009a88                SystemClock_Config
 .text.MX_ADC_Init
                0x08009b28       0xd4 CMakeFiles/Siemens_LinuxCNC_Interface.dir/Core/Src/main.c.obj
 .text.MX_I2C1_Init
                0x08009bfc       0x5c CMakeFiles/Siemens_LinuxCNC_Interface.dir/Core/Src/main.c.obj
 .text.MX_I2C2_Init
                0x08009c58       0x5c CMakeFiles/Siemens_LinuxCNC_Interface.dir/Core/Src/main.c.obj
 .text.MX_TIM3_Init
                0x08009cb4       0x9c CMakeFiles/Siemens_LinuxCNC_Interface.dir/Core/Src/main.c.obj
 .text.MX_DMA_Init
                0x08009d50       0x3c CMakeFiles/Siemens_LinuxCNC_Interface.dir/Core/Src/main.c.obj
 .text.MX_GPIO_Init
                0x08009d8c       0xe4 CMakeFiles/Siemens_LinuxCNC_Interface.dir/Core/Src/main.c.obj
 .text.serial_com_Handler
                0x08009e70      0x280 CMakeFiles/Siemens_LinuxCNC_Interface.dir/Core/Src/main.c.obj
                0x08009e70                serial_com_Handler
 .text.read_changed_Input
                0x0800a0f0      0x18c CMakeFiles/Siemens_LinuxCNC_Interface.dir/Core/Src/main.c.obj
                0x0800a0f0                read_changed_Input
 .text.init_dataregs
                0x0800a27c       0x64 CMakeFiles/Siemens_LinuxCNC_Interface.dir/Core/Src/main.c.obj
                0x0800a27c                init_dataregs
 .text.init_ExpOutputs
                0x0800a2e0       0xd0 CMakeFiles/Siemens_LinuxCNC_Interface.dir/Core/Src/main.c.obj
                0x0800a2e0                init_ExpOutputs
 .text.init_expanders
                0x0800a3b0      0x1e0 CMakeFiles/Siemens_LinuxCNC_Interface.dir/Core/Src/main.c.obj
                0x0800a3b0                init_expanders
 .text.HAL_GPIO_EXTI_Callback
                0x0800a590      0x17c CMakeFiles/Siemens_LinuxCNC_Interface.dir/Core/Src/main.c.obj
                0x0800a590                HAL_GPIO_EXTI_Callback
 .text.USB_CDC_RxHandler
                0x0800a70c      0x184 CMakeFiles/Siemens_LinuxCNC_Interface.dir/Core/Src/main.c.obj
                0x0800a70c                USB_CDC_RxHandler
 .text.HAL_ADC_ConvCpltCallback
                0x0800a890       0x1c CMakeFiles/Siemens_LinuxCNC_Interface.dir/Core/Src/main.c.obj
                0x0800a890                HAL_ADC_ConvCpltCallback
 .text.sendData
                0x0800a8ac       0x50 CMakeFiles/Siemens_LinuxCNC_Interface.dir/Core/Src/main.c.obj
                0x0800a8ac                sendData
 .text.setOutput
                0x0800a8fc       0xac CMakeFiles/Siemens_LinuxCNC_Interface.dir/Core/Src/main.c.obj
                0x0800a8fc                setOutput
 .text.getinput
                0x0800a9a8       0x94 CMakeFiles/Siemens_LinuxCNC_Interface.dir/Core/Src/main.c.obj
                0x0800a9a8                getinput
 .text.updateandsendEncoder
                0x0800aa3c       0x2c CMakeFiles/Siemens_LinuxCNC_Interface.dir/Core/Src/main.c.obj
                0x0800aa3c                updateandsendEncoder
 .text.updateEncoder
                0x0800aa68      0x19c CMakeFiles/Siemens_LinuxCNC_Interface.dir/Core/Src/main.c.obj
                0x0800aa68                updateEncoder
 .text.sendEncoder
                0x0800ac04      0x100 CMakeFiles/Siemens_LinuxCNC_Interface.dir/Core/Src/main.c.obj
                0x0800ac04                sendEncoder
 .text.greyToBin
                0x0800ad04       0x30 CMakeFiles/Siemens_LinuxCNC_Interface.dir/Core/Src/main.c.obj
                0x0800ad04                greyToBin
 .text.sendAllInputStatus
                0x0800ad34      0x190 CMakeFiles/Siemens_LinuxCNC_Interface.dir/Core/Src/main.c.obj
                0x0800ad34                sendAllInputStatus
 .text.Error_Handler
                0x0800aec4        0xc CMakeFiles/Siemens_LinuxCNC_Interface.dir/Core/Src/main.c.obj
                0x0800aec4                Error_Handler
 .text.NMI_Handler
                0x0800aed0        0x8 CMakeFiles/Siemens_LinuxCNC_Interface.dir/Core/Src/stm32l1xx_it.c.obj
                0x0800aed0                NMI_Handler
 .text.HardFault_Handler
                0x0800aed8        0x8 CMakeFiles/Siemens_LinuxCNC_Interface.dir/Core/Src/stm32l1xx_it.c.obj
                0x0800aed8                HardFault_Handler
 .text.MemManage_Handler
                0x0800aee0        0x8 CMakeFiles/Siemens_LinuxCNC_Interface.dir/Core/Src/stm32l1xx_it.c.obj
                0x0800aee0                MemManage_Handler
 .text.BusFault_Handler
                0x0800aee8        0x8 CMakeFiles/Siemens_LinuxCNC_Interface.dir/Core/Src/stm32l1xx_it.c.obj
                0x0800aee8                BusFault_Handler
 .text.UsageFault_Handler
                0x0800aef0        0x8 CMakeFiles/Siemens_LinuxCNC_Interface.dir/Core/Src/stm32l1xx_it.c.obj
                0x0800aef0                UsageFault_Handler
 .text.SVC_Handler
                0x0800aef8        0xc CMakeFiles/Siemens_LinuxCNC_Interface.dir/Core/Src/stm32l1xx_it.c.obj
                0x0800aef8                SVC_Handler
 .text.DebugMon_Handler
                0x0800af04        0xc CMakeFiles/Siemens_LinuxCNC_Interface.dir/Core/Src/stm32l1xx_it.c.obj
                0x0800af04                DebugMon_Handler
 .text.PendSV_Handler
                0x0800af10        0xc CMakeFiles/Siemens_LinuxCNC_Interface.dir/Core/Src/stm32l1xx_it.c.obj
                0x0800af10                PendSV_Handler
 .text.SysTick_Handler
                0x0800af1c        0xc CMakeFiles/Siemens_LinuxCNC_Interface.dir/Core/Src/stm32l1xx_it.c.obj
                0x0800af1c                SysTick_Handler
 .text.EXTI4_IRQHandler
                0x0800af28        0xe CMakeFiles/Siemens_LinuxCNC_Interface.dir/Core/Src/stm32l1xx_it.c.obj
                0x0800af28                EXTI4_IRQHandler
 *fill*         0x0800af36        0x2 
 .text.DMA1_Channel1_IRQHandler
                0x0800af38       0x14 CMakeFiles/Siemens_LinuxCNC_Interface.dir/Core/Src/stm32l1xx_it.c.obj
                0x0800af38                DMA1_Channel1_IRQHandler
 .text.ADC1_IRQHandler
                0x0800af4c       0x14 CMakeFiles/Siemens_LinuxCNC_Interface.dir/Core/Src/stm32l1xx_it.c.obj
                0x0800af4c                ADC1_IRQHandler
 .text.USB_LP_IRQHandler
                0x0800af60       0x14 CMakeFiles/Siemens_LinuxCNC_Interface.dir/Core/Src/stm32l1xx_it.c.obj
                0x0800af60                USB_LP_IRQHandler
 .text.EXTI9_5_IRQHandler
                0x0800af74       0x1e CMakeFiles/Siemens_LinuxCNC_Interface.dir/Core/Src/stm32l1xx_it.c.obj
                0x0800af74                EXTI9_5_IRQHandler
 *fill*         0x0800af92        0x2 
 .text.TIM3_IRQHandler
                0x0800af94       0x14 CMakeFiles/Siemens_LinuxCNC_Interface.dir/Core/Src/stm32l1xx_it.c.obj
                0x0800af94                TIM3_IRQHandler
 .text.EXTI15_10_IRQHandler
                0x0800afa8       0x28 CMakeFiles/Siemens_LinuxCNC_Interface.dir/Core/Src/stm32l1xx_it.c.obj
                0x0800afa8                EXTI15_10_IRQHandler
 .text.HAL_MspInit
                0x0800afd0       0x5c CMakeFiles/Siemens_LinuxCNC_Interface.dir/Core/Src/stm32l1xx_hal_msp.c.obj
                0x0800afd0                HAL_MspInit
 .text.HAL_ADC_MspInit
                0x0800b02c       0xe8 CMakeFiles/Siemens_LinuxCNC_Interface.dir/Core/Src/stm32l1xx_hal_msp.c.obj
                0x0800b02c                HAL_ADC_MspInit
 .text.HAL_I2C_MspInit
                0x0800b114       0xe8 CMakeFiles/Siemens_LinuxCNC_Interface.dir/Core/Src/stm32l1xx_hal_msp.c.obj
                0x0800b114                HAL_I2C_MspInit
 .text.HAL_TIM_Base_MspInit
                0x0800b1fc       0x4c CMakeFiles/Siemens_LinuxCNC_Interface.dir/Core/Src/stm32l1xx_hal_msp.c.obj
                0x0800b1fc                HAL_TIM_Base_MspInit
 .text._sbrk    0x0800b248       0x6c CMakeFiles/Siemens_LinuxCNC_Interface.dir/Core/Src/sysmem.c.obj
                0x0800b248                _sbrk
 .text.Reset_Handler
                0x0800b2b4       0x48 CMakeFiles/Siemens_LinuxCNC_Interface.dir/startup_stm32l151xc.s.obj
                0x0800b2b4                Reset_Handler
 .text.Default_Handler
                0x0800b2fc        0x2 CMakeFiles/Siemens_LinuxCNC_Interface.dir/startup_stm32l151xc.s.obj
                0x0800b2fc                RTC_Alarm_IRQHandler
                0x0800b2fc                EXTI2_IRQHandler
                0x0800b2fc                COMP_ACQ_IRQHandler
                0x0800b2fc                TIM10_IRQHandler
                0x0800b2fc                USB_HP_IRQHandler
                0x0800b2fc                TIM6_IRQHandler
                0x0800b2fc                PVD_IRQHandler
                0x0800b2fc                EXTI3_IRQHandler
                0x0800b2fc                EXTI0_IRQHandler
                0x0800b2fc                I2C2_EV_IRQHandler
                0x0800b2fc                SPI1_IRQHandler
                0x0800b2fc                USB_FS_WKUP_IRQHandler
                0x0800b2fc                DMA2_Channel2_IRQHandler
                0x0800b2fc                DMA1_Channel4_IRQHandler
                0x0800b2fc                USART3_IRQHandler
                0x0800b2fc                DMA1_Channel7_IRQHandler
                0x0800b2fc                TIM4_IRQHandler
                0x0800b2fc                DMA2_Channel1_IRQHandler
                0x0800b2fc                I2C1_EV_IRQHandler
                0x0800b2fc                DMA1_Channel6_IRQHandler
                0x0800b2fc                DMA2_Channel4_IRQHandler
                0x0800b2fc                RCC_IRQHandler
                0x0800b2fc                Default_Handler
                0x0800b2fc                TIM7_IRQHandler
                0x0800b2fc                TIM5_IRQHandler
                0x0800b2fc                TIM9_IRQHandler
                0x0800b2fc                TAMPER_STAMP_IRQHandler
                0x0800b2fc                RTC_WKUP_IRQHandler
                0x0800b2fc                SPI2_IRQHandler
                0x0800b2fc                DMA2_Channel5_IRQHandler
                0x0800b2fc                DMA1_Channel5_IRQHandler
                0x0800b2fc                DMA1_Channel3_IRQHandler
                0x0800b2fc                COMP_IRQHandler
                0x0800b2fc                WWDG_IRQHandler
                0x0800b2fc                TIM2_IRQHandler
                0x0800b2fc                DAC_IRQHandler
                0x0800b2fc                EXTI1_IRQHandler
                0x0800b2fc                TIM11_IRQHandler
                0x0800b2fc                USART2_IRQHandler
                0x0800b2fc                I2C2_ER_IRQHandler
                0x0800b2fc                DMA1_Channel2_IRQHandler
                0x0800b2fc                FLASH_IRQHandler
                0x0800b2fc                USART1_IRQHandler
                0x0800b2fc                SPI3_IRQHandler
                0x0800b2fc                I2C1_ER_IRQHandler
                0x0800b2fc                DMA2_Channel3_IRQHandler
 *fill*         0x0800b2fe        0x2 
 .text.sprintf  0x0800b300       0x40 C:/ST/STM32CubeCLT_1.17.0/GNU-tools-for-STM32/bin/../lib/gcc/arm-none-eabi/12.3.1/../../../../arm-none-eabi/lib/thumb/v7-m/nofp\libg_nano.a(libc_a-sprintf.o)
                0x0800b300                siprintf
                0x0800b300                sprintf
 .text.sscanf   0x0800b340       0x54 C:/ST/STM32CubeCLT_1.17.0/GNU-tools-for-STM32/bin/../lib/gcc/arm-none-eabi/12.3.1/../../../../arm-none-eabi/lib/thumb/v7-m/nofp\libg_nano.a(libc_a-sscanf.o)
                0x0800b340                siscanf
                0x0800b340                sscanf
 .text.strcat   0x0800b394       0x1e C:/ST/STM32CubeCLT_1.17.0/GNU-tools-for-STM32/bin/../lib/gcc/arm-none-eabi/12.3.1/../../../../arm-none-eabi/lib/thumb/v7-m/nofp\libg_nano.a(libc_a-strcat.o)
                0x0800b394                strcat
 *fill*         0x0800b3b2        0x2 
 .text.__errno  0x0800b3b4        0xc C:/ST/STM32CubeCLT_1.17.0/GNU-tools-for-STM32/bin/../lib/gcc/arm-none-eabi/12.3.1/../../../../arm-none-eabi/lib/thumb/v7-m/nofp\libg_nano.a(libc_a-errno.o)
                0x0800b3b4                __errno
 .text.__ssputs_r
                0x0800b3c0       0xb6 C:/ST/STM32CubeCLT_1.17.0/GNU-tools-for-STM32/bin/../lib/gcc/arm-none-eabi/12.3.1/../../../../arm-none-eabi/lib/thumb/v7-m/nofp\libg_nano.a(libc_a-nano-svfprintf.o)
                0x0800b3c0                __ssputs_r
 *fill*         0x0800b476        0x2 
 .text._svfprintf_r
                0x0800b478      0x1f8 C:/ST/STM32CubeCLT_1.17.0/GNU-tools-for-STM32/bin/../lib/gcc/arm-none-eabi/12.3.1/../../../../arm-none-eabi/lib/thumb/v7-m/nofp\libg_nano.a(libc_a-nano-svfprintf.o)
                0x0800b478                _svfiprintf_r
                0x0800b478                _svfprintf_r
 .text._sungetc_r
                0x0800b670       0x76 C:/ST/STM32CubeCLT_1.17.0/GNU-tools-for-STM32/bin/../lib/gcc/arm-none-eabi/12.3.1/../../../../arm-none-eabi/lib/thumb/v7-m/nofp\libg_nano.a(libc_a-nano-svfscanf.o)
                0x0800b670                _sungetc_r
 .text.__ssrefill_r
                0x0800b6e6       0x3a C:/ST/STM32CubeCLT_1.17.0/GNU-tools-for-STM32/bin/../lib/gcc/arm-none-eabi/12.3.1/../../../../arm-none-eabi/lib/thumb/v7-m/nofp\libg_nano.a(libc_a-nano-svfscanf.o)
                0x0800b6e6                __ssrefill_r
 .text.__ssvfscanf_r
                0x0800b720      0x2e4 C:/ST/STM32CubeCLT_1.17.0/GNU-tools-for-STM32/bin/../lib/gcc/arm-none-eabi/12.3.1/../../../../arm-none-eabi/lib/thumb/v7-m/nofp\libg_nano.a(libc_a-nano-svfscanf.o)
                0x0800b720                __ssvfiscanf_r
                0x0800b720                __ssvfscanf_r
 .text._printf_common
                0x0800ba04       0xe4 C:/ST/STM32CubeCLT_1.17.0/GNU-tools-for-STM32/bin/../lib/gcc/arm-none-eabi/12.3.1/../../../../arm-none-eabi/lib/thumb/v7-m/nofp\libg_nano.a(libc_a-nano-vfprintf_i.o)
                0x0800ba04                _printf_common
 .text._printf_i
                0x0800bae8      0x240 C:/ST/STM32CubeCLT_1.17.0/GNU-tools-for-STM32/bin/../lib/gcc/arm-none-eabi/12.3.1/../../../../arm-none-eabi/lib/thumb/v7-m/nofp\libg_nano.a(libc_a-nano-vfprintf_i.o)
                0x0800bae8                _printf_i
 .text._scanf_chars
                0x0800bd28       0xb4 C:/ST/STM32CubeCLT_1.17.0/GNU-tools-for-STM32/bin/../lib/gcc/arm-none-eabi/12.3.1/../../../../arm-none-eabi/lib/thumb/v7-m/nofp\libg_nano.a(libc_a-nano-vfscanf_i.o)
                0x0800bd28                _scanf_chars
 .text._scanf_i
                0x0800bddc      0x1e4 C:/ST/STM32CubeCLT_1.17.0/GNU-tools-for-STM32/bin/../lib/gcc/arm-none-eabi/12.3.1/../../../../arm-none-eabi/lib/thumb/v7-m/nofp\libg_nano.a(libc_a-nano-vfscanf_i.o)
                0x0800bddc                _scanf_i
 .text.__sccl   0x0800bfc0       0x72 C:/ST/STM32CubeCLT_1.17.0/GNU-tools-for-STM32/bin/../lib/gcc/arm-none-eabi/12.3.1/../../../../arm-none-eabi/lib/thumb/v7-m/nofp\libg_nano.a(libc_a-sccl.o)
                0x0800bfc0                __sccl
 .text.__submore
                0x0800c032       0x70 C:/ST/STM32CubeCLT_1.17.0/GNU-tools-for-STM32/bin/../lib/gcc/arm-none-eabi/12.3.1/../../../../arm-none-eabi/lib/thumb/v7-m/nofp\libg_nano.a(libc_a-ungetc.o)
                0x0800c032                __submore
 .text.memmove  0x0800c0a2       0x34 C:/ST/STM32CubeCLT_1.17.0/GNU-tools-for-STM32/bin/../lib/gcc/arm-none-eabi/12.3.1/../../../../arm-none-eabi/lib/thumb/v7-m/nofp\libg_nano.a(libc_a-memmove.o)
                0x0800c0a2                memmove
 .text.memchr   0x0800c0d6       0x1c C:/ST/STM32CubeCLT_1.17.0/GNU-tools-for-STM32/bin/../lib/gcc/arm-none-eabi/12.3.1/../../../../arm-none-eabi/lib/thumb/v7-m/nofp\libg_nano.a(libc_a-memchr-stub.o)
                0x0800c0d6                memchr
 .text.memcpy   0x0800c0f2       0x1c C:/ST/STM32CubeCLT_1.17.0/GNU-tools-for-STM32/bin/../lib/gcc/arm-none-eabi/12.3.1/../../../../arm-none-eabi/lib/thumb/v7-m/nofp\libg_nano.a(libc_a-memcpy-stub.o)
                0x0800c0f2                memcpy
 .text._realloc_r
                0x0800c10e       0x5c C:/ST/STM32CubeCLT_1.17.0/GNU-tools-for-STM32/bin/../lib/gcc/arm-none-eabi/12.3.1/../../../../arm-none-eabi/lib/thumb/v7-m/nofp\libg_nano.a(libc_a-reallocr.o)
                0x0800c10e                _realloc_r
 *fill*         0x0800c16a        0x2 
 .text._strtol_l.constprop.0
                0x0800c16c       0xf4 C:/ST/STM32CubeCLT_1.17.0/GNU-tools-for-STM32/bin/../lib/gcc/arm-none-eabi/12.3.1/../../../../arm-none-eabi/lib/thumb/v7-m/nofp\libg_nano.a(libc_a-strtol.o)
 .text._strtol_r
                0x0800c260        0x4 C:/ST/STM32CubeCLT_1.17.0/GNU-tools-for-STM32/bin/../lib/gcc/arm-none-eabi/12.3.1/../../../../arm-none-eabi/lib/thumb/v7-m/nofp\libg_nano.a(libc_a-strtol.o)
                0x0800c260                _strtol_r
 .text._strtoul_l.constprop.0
                0x0800c264       0xdc C:/ST/STM32CubeCLT_1.17.0/GNU-tools-for-STM32/bin/../lib/gcc/arm-none-eabi/12.3.1/../../../../arm-none-eabi/lib/thumb/v7-m/nofp\libg_nano.a(libc_a-strtoul.o)
 .text._strtoul_r
                0x0800c340        0x4 C:/ST/STM32CubeCLT_1.17.0/GNU-tools-for-STM32/bin/../lib/gcc/arm-none-eabi/12.3.1/../../../../arm-none-eabi/lib/thumb/v7-m/nofp\libg_nano.a(libc_a-strtoul.o)
                0x0800c340                _strtoul_r
 .text._malloc_usable_size_r
                0x0800c344       0x10 C:/ST/STM32CubeCLT_1.17.0/GNU-tools-for-STM32/bin/../lib/gcc/arm-none-eabi/12.3.1/../../../../arm-none-eabi/lib/thumb/v7-m/nofp\libg_nano.a(libc_a-msizer.o)
                0x0800c344                _malloc_usable_size_r
 *(.glue_7)
 .glue_7        0x0800c354        0x0 linker stubs
 *(.glue_7t)
 .glue_7t       0x0800c354        0x0 linker stubs
 *(.eh_frame)
 .eh_frame      0x0800c354        0x0 C:/ST/STM32CubeCLT_1.17.0/GNU-tools-for-STM32/bin/../lib/gcc/arm-none-eabi/12.3.1/thumb/v7-m/nofp/crtbegin.o
 *(.init)
 .init          0x0800c354        0x4 C:/ST/STM32CubeCLT_1.17.0/GNU-tools-for-STM32/bin/../lib/gcc/arm-none-eabi/12.3.1/thumb/v7-m/nofp/crti.o
                0x0800c354                _init
 .init          0x0800c358        0x8 C:/ST/STM32CubeCLT_1.17.0/GNU-tools-for-STM32/bin/../lib/gcc/arm-none-eabi/12.3.1/thumb/v7-m/nofp/crtn.o
 *(.fini)
 .fini          0x0800c360        0x4 C:/ST/STM32CubeCLT_1.17.0/GNU-tools-for-STM32/bin/../lib/gcc/arm-none-eabi/12.3.1/thumb/v7-m/nofp/crti.o
                0x0800c360                _fini
 .fini          0x0800c364        0x8 C:/ST/STM32CubeCLT_1.17.0/GNU-tools-for-STM32/bin/../lib/gcc/arm-none-eabi/12.3.1/thumb/v7-m/nofp/crtn.o
                0x0800c36c                        . = ALIGN (0x4)
                0x0800c36c                        _etext = .

.vfp11_veneer   0x0800c36c        0x0
 .vfp11_veneer  0x0800c36c        0x0 linker stubs

.v4_bx          0x0800c36c        0x0
 .v4_bx         0x0800c36c        0x0 linker stubs

.iplt           0x0800c36c        0x0
 .iplt          0x0800c36c        0x0 C:/ST/STM32CubeCLT_1.17.0/GNU-tools-for-STM32/bin/../lib/gcc/arm-none-eabi/12.3.1/thumb/v7-m/nofp/crtbegin.o

.rodata         0x0800c36c      0x344
                0x0800c36c                        . = ALIGN (0x4)
 *(.rodata)
 .rodata        0x0800c36c       0x46 CMakeFiles/Siemens_LinuxCNC_Interface.dir/USB_DEVICE/App/usbd_desc.c.obj
 *fill*         0x0800c3b2        0x2 
 .rodata        0x0800c3b4       0xb9 CMakeFiles/Siemens_LinuxCNC_Interface.dir/Core/Src/main.c.obj
 *fill*         0x0800c46d        0x3 
 .rodata        0x0800c470        0xc C:/ST/STM32CubeCLT_1.17.0/GNU-tools-for-STM32/bin/../lib/gcc/arm-none-eabi/12.3.1/../../../../arm-none-eabi/lib/thumb/v7-m/nofp\libg_nano.a(libc_a-nano-vfscanf_i.o)
 *(.rodata*)
 .rodata.PLLMulTable
                0x0800c47c        0x9 cmake/stm32cubemx/CMakeFiles/STM32_Drivers.dir/__/__/Core/Src/system_stm32l1xx.c.obj
                0x0800c47c                PLLMulTable
 *fill*         0x0800c485        0x3 
 .rodata.AHBPrescTable
                0x0800c488       0x10 cmake/stm32cubemx/CMakeFiles/STM32_Drivers.dir/__/__/Core/Src/system_stm32l1xx.c.obj
                0x0800c488                AHBPrescTable
 .rodata.APBPrescTable
                0x0800c498        0x8 cmake/stm32cubemx/CMakeFiles/STM32_Drivers.dir/__/__/Core/Src/system_stm32l1xx.c.obj
                0x0800c498                APBPrescTable
 .rodata.outputs.1
                0x0800c4a0       0x40 CMakeFiles/Siemens_LinuxCNC_Interface.dir/Core/Src/main.c.obj
 .rodata.inputs.0
                0x0800c4e0       0x80 CMakeFiles/Siemens_LinuxCNC_Interface.dir/Core/Src/main.c.obj
 .rodata._svfprintf_r.str1.1
                0x0800c560       0x11 C:/ST/STM32CubeCLT_1.17.0/GNU-tools-for-STM32/bin/../lib/gcc/arm-none-eabi/12.3.1/../../../../arm-none-eabi/lib/thumb/v7-m/nofp\libg_nano.a(libc_a-nano-svfprintf.o)
 .rodata.__ssvfscanf_r.str1.1
                0x0800c571        0x4 C:/ST/STM32CubeCLT_1.17.0/GNU-tools-for-STM32/bin/../lib/gcc/arm-none-eabi/12.3.1/../../../../arm-none-eabi/lib/thumb/v7-m/nofp\libg_nano.a(libc_a-nano-svfscanf.o)
 .rodata._printf_i.str1.1
                0x0800c571       0x22 C:/ST/STM32CubeCLT_1.17.0/GNU-tools-for-STM32/bin/../lib/gcc/arm-none-eabi/12.3.1/../../../../arm-none-eabi/lib/thumb/v7-m/nofp\libg_nano.a(libc_a-nano-vfprintf_i.o)
 .rodata._scanf_i.str1.1
                0x0800c593       0x12 C:/ST/STM32CubeCLT_1.17.0/GNU-tools-for-STM32/bin/../lib/gcc/arm-none-eabi/12.3.1/../../../../arm-none-eabi/lib/thumb/v7-m/nofp\libg_nano.a(libc_a-nano-vfscanf_i.o)
 .rodata.str1.1
                0x0800c5a5        0x9 C:/ST/STM32CubeCLT_1.17.0/GNU-tools-for-STM32/bin/../lib/gcc/arm-none-eabi/12.3.1/../../../../arm-none-eabi/lib/thumb/v7-m/nofp\libg_nano.a(libc_a-nano-vfscanf_i.o)
 .rodata._ctype_
                0x0800c5ae      0x101 C:/ST/STM32CubeCLT_1.17.0/GNU-tools-for-STM32/bin/../lib/gcc/arm-none-eabi/12.3.1/../../../../arm-none-eabi/lib/thumb/v7-m/nofp\libg_nano.a(libc_a-ctype_.o)
                0x0800c5ae                _ctype_
                0x0800c6b0                        . = ALIGN (0x4)
 *fill*         0x0800c6af        0x1 

.ARM.extab
 *(.ARM.extab* .gnu.linkonce.armextab.*)

.ARM            0x0800c6b0        0x8
                0x0800c6b0                        __exidx_start = .
 *(.ARM.exidx*)
 .ARM.exidx     0x0800c6b0        0x8 C:/ST/STM32CubeCLT_1.17.0/GNU-tools-for-STM32/bin/../lib/gcc/arm-none-eabi/12.3.1/thumb/v7-m/nofp\libgcc.a(_udivmoddi4.o)
 .ARM.exidx     0x0800c6b8        0x0 C:/ST/STM32CubeCLT_1.17.0/GNU-tools-for-STM32/bin/../lib/gcc/arm-none-eabi/12.3.1/../../../../arm-none-eabi/lib/thumb/v7-m/nofp\libg_nano.a(libc_a-strlen.o)
                                  0x8 (size before relaxing)
                0x0800c6b8                        __exidx_end = .

.rel.dyn        0x0800c6b8        0x0
 .rel.iplt      0x0800c6b8        0x0 C:/ST/STM32CubeCLT_1.17.0/GNU-tools-for-STM32/bin/../lib/gcc/arm-none-eabi/12.3.1/thumb/v7-m/nofp/crtbegin.o

.preinit_array  0x0800c6b8        0x0
                0x0800c6b8                        PROVIDE (__preinit_array_start = .)
 *(.preinit_array*)
                0x0800c6b8                        PROVIDE (__preinit_array_end = .)

.init_array     0x0800c6b8        0x4
                0x0800c6b8                        PROVIDE (__init_array_start = .)
 *(SORT_BY_NAME(.init_array.*))
 *(.init_array*)
 .init_array    0x0800c6b8        0x4 C:/ST/STM32CubeCLT_1.17.0/GNU-tools-for-STM32/bin/../lib/gcc/arm-none-eabi/12.3.1/thumb/v7-m/nofp/crtbegin.o
                0x0800c6bc                        PROVIDE (__init_array_end = .)

.fini_array     0x0800c6bc        0x4
                [!provide]                        PROVIDE (__fini_array_start = .)
 *(SORT_BY_NAME(.fini_array.*))
 *(.fini_array*)
 .fini_array    0x0800c6bc        0x4 C:/ST/STM32CubeCLT_1.17.0/GNU-tools-for-STM32/bin/../lib/gcc/arm-none-eabi/12.3.1/thumb/v7-m/nofp/crtbegin.o
                [!provide]                        PROVIDE (__fini_array_end = .)
                0x0800c6c0                        _sidata = LOADADDR (.data)

.data           0x20000000      0x1d8 load address 0x0800c6c0
                0x20000000                        . = ALIGN (0x4)
                0x20000000                        _sdata = .
 *(.data)
 *(.data*)
 .data._impure_ptr
                0x20000000        0x4 C:/ST/STM32CubeCLT_1.17.0/GNU-tools-for-STM32/bin/../lib/gcc/arm-none-eabi/12.3.1/../../../../arm-none-eabi/lib/thumb/v7-m/nofp\libc_nano.a(libc_a-impure.o)
                0x20000000                _impure_ptr
 .data._impure_data
                0x20000004       0x4c C:/ST/STM32CubeCLT_1.17.0/GNU-tools-for-STM32/bin/../lib/gcc/arm-none-eabi/12.3.1/../../../../arm-none-eabi/lib/thumb/v7-m/nofp\libc_nano.a(libc_a-impure.o)
                0x20000004                _impure_data
 .data.SystemCoreClock
                0x20000050        0x4 cmake/stm32cubemx/CMakeFiles/STM32_Drivers.dir/__/__/Core/Src/system_stm32l1xx.c.obj
                0x20000050                SystemCoreClock
 .data.uwTickPrio
                0x20000054        0x4 cmake/stm32cubemx/CMakeFiles/STM32_Drivers.dir/__/__/Drivers/STM32L1xx_HAL_Driver/Src/stm32l1xx_hal.c.obj
                0x20000054                uwTickPrio
 .data.uwTickFreq
                0x20000058        0x4 cmake/stm32cubemx/CMakeFiles/STM32_Drivers.dir/__/__/Drivers/STM32L1xx_HAL_Driver/Src/stm32l1xx_hal.c.obj
                0x20000058                uwTickFreq
 .data.USBD_CDC_DeviceQualifierDesc
                0x2000005c        0xa cmake/stm32cubemx/CMakeFiles/USB_Device_Library.dir/__/__/Middlewares/ST/STM32_USB_Device_Library/Class/CDC/Src/usbd_cdc.c.obj
 *fill*         0x20000066        0x2 
 .data.USBD_CDC
                0x20000068       0x38 cmake/stm32cubemx/CMakeFiles/USB_Device_Library.dir/__/__/Middlewares/ST/STM32_USB_Device_Library/Class/CDC/Src/usbd_cdc.c.obj
                0x20000068                USBD_CDC
 .data.USBD_CDC_CfgHSDesc
                0x200000a0       0x43 cmake/stm32cubemx/CMakeFiles/USB_Device_Library.dir/__/__/Middlewares/ST/STM32_USB_Device_Library/Class/CDC/Src/usbd_cdc.c.obj
                0x200000a0                USBD_CDC_CfgHSDesc
 *fill*         0x200000e3        0x1 
 .data.USBD_CDC_CfgFSDesc
                0x200000e4       0x43 cmake/stm32cubemx/CMakeFiles/USB_Device_Library.dir/__/__/Middlewares/ST/STM32_USB_Device_Library/Class/CDC/Src/usbd_cdc.c.obj
                0x200000e4                USBD_CDC_CfgFSDesc
 *fill*         0x20000127        0x1 
 .data.USBD_CDC_OtherSpeedCfgDesc
                0x20000128       0x43 cmake/stm32cubemx/CMakeFiles/USB_Device_Library.dir/__/__/Middlewares/ST/STM32_USB_Device_Library/Class/CDC/Src/usbd_cdc.c.obj
                0x20000128                USBD_CDC_OtherSpeedCfgDesc
 *fill*         0x2000016b        0x1 
 .data.FS_Desc  0x2000016c       0x1c CMakeFiles/Siemens_LinuxCNC_Interface.dir/USB_DEVICE/App/usbd_desc.c.obj
                0x2000016c                FS_Desc
 .data.USBD_FS_DeviceDesc
                0x20000188       0x12 CMakeFiles/Siemens_LinuxCNC_Interface.dir/USB_DEVICE/App/usbd_desc.c.obj
                0x20000188                USBD_FS_DeviceDesc
 *fill*         0x2000019a        0x2 
 .data.USBD_LangIDDesc
                0x2000019c        0x4 CMakeFiles/Siemens_LinuxCNC_Interface.dir/USB_DEVICE/App/usbd_desc.c.obj
                0x2000019c                USBD_LangIDDesc
 .data.USBD_StringSerial
                0x200001a0       0x1a CMakeFiles/Siemens_LinuxCNC_Interface.dir/USB_DEVICE/App/usbd_desc.c.obj
                0x200001a0                USBD_StringSerial
 *fill*         0x200001ba        0x2 
 .data.USBD_Interface_fops_FS
                0x200001bc       0x10 CMakeFiles/Siemens_LinuxCNC_Interface.dir/USB_DEVICE/App/usbd_cdc_if.c.obj
                0x200001bc                USBD_Interface_fops_FS
 .data.adc_hysteresis
                0x200001cc        0x1 CMakeFiles/Siemens_LinuxCNC_Interface.dir/Core/Src/main.c.obj
                0x200001cc                adc_hysteresis
 *fill*         0x200001cd        0x3 
 .data.input_expander
                0x200001d0        0x5 CMakeFiles/Siemens_LinuxCNC_Interface.dir/Core/Src/main.c.obj
                0x200001d0                input_expander
                0x200001d8                        . = ALIGN (0x4)
 *fill*         0x200001d5        0x3 
                0x200001d8                        _edata = .

.igot.plt       0x200001d8        0x0 load address 0x0800c898
 .igot.plt      0x200001d8        0x0 C:/ST/STM32CubeCLT_1.17.0/GNU-tools-for-STM32/bin/../lib/gcc/arm-none-eabi/12.3.1/thumb/v7-m/nofp/crtbegin.o
                0x200001d8                        . = ALIGN (0x4)

.bss            0x200001d8     0x1700 load address 0x0800c898
                0x200001d8                        _sbss = .
                0x200001d8                        __bss_start__ = _sbss
 *(.bss)
 .bss           0x200001d8       0x1c C:/ST/STM32CubeCLT_1.17.0/GNU-tools-for-STM32/bin/../lib/gcc/arm-none-eabi/12.3.1/thumb/v7-m/nofp/crtbegin.o
 *(.bss*)
 .bss.__sf      0x200001f4      0x138 C:/ST/STM32CubeCLT_1.17.0/GNU-tools-for-STM32/bin/../lib/gcc/arm-none-eabi/12.3.1/../../../../arm-none-eabi/lib/thumb/v7-m/nofp\libc_nano.a(libc_a-findfp.o)
                0x200001f4                __sf
 .bss.errno     0x2000032c        0x4 C:/ST/STM32CubeCLT_1.17.0/GNU-tools-for-STM32/bin/../lib/gcc/arm-none-eabi/12.3.1/../../../../arm-none-eabi/lib/thumb/v7-m/nofp\libc_nano.a(libc_a-reent.o)
                0x2000032c                errno
 .bss.__lock___malloc_recursive_mutex
                0x20000330        0x1 C:/ST/STM32CubeCLT_1.17.0/GNU-tools-for-STM32/bin/../lib/gcc/arm-none-eabi/12.3.1/../../../../arm-none-eabi/lib/thumb/v7-m/nofp\libc_nano.a(libc_a-lock.o)
                0x20000330                __lock___malloc_recursive_mutex
 *fill*         0x20000331        0x3 
 .bss.__malloc_sbrk_start
                0x20000334        0x4 C:/ST/STM32CubeCLT_1.17.0/GNU-tools-for-STM32/bin/../lib/gcc/arm-none-eabi/12.3.1/../../../../arm-none-eabi/lib/thumb/v7-m/nofp\libc_nano.a(libc_a-mallocr.o)
                0x20000334                __malloc_sbrk_start
 .bss.__malloc_free_list
                0x20000338        0x4 C:/ST/STM32CubeCLT_1.17.0/GNU-tools-for-STM32/bin/../lib/gcc/arm-none-eabi/12.3.1/../../../../arm-none-eabi/lib/thumb/v7-m/nofp\libc_nano.a(libc_a-mallocr.o)
                0x20000338                __malloc_free_list
 .bss.uwTick    0x2000033c        0x4 cmake/stm32cubemx/CMakeFiles/STM32_Drivers.dir/__/__/Drivers/STM32L1xx_HAL_Driver/Src/stm32l1xx_hal.c.obj
                0x2000033c                uwTick
 .bss.cfgidx.0  0x20000340        0x1 cmake/stm32cubemx/CMakeFiles/USB_Device_Library.dir/__/__/Middlewares/ST/STM32_USB_Device_Library/Core/Src/usbd_ctlreq.c.obj
 *fill*         0x20000341        0x3 
 .bss.hpcd_USB_FS
                0x20000344      0x2d4 CMakeFiles/Siemens_LinuxCNC_Interface.dir/USB_DEVICE/Target/usbd_conf.c.obj
                0x20000344                hpcd_USB_FS
 .bss.mem.0     0x20000618      0x220 CMakeFiles/Siemens_LinuxCNC_Interface.dir/USB_DEVICE/Target/usbd_conf.c.obj
 .bss.hUsbDeviceFS
                0x20000838      0x29c CMakeFiles/Siemens_LinuxCNC_Interface.dir/USB_DEVICE/App/usb_device.c.obj
                0x20000838                hUsbDeviceFS
 .bss.USBD_StrDesc
                0x20000ad4      0x400 CMakeFiles/Siemens_LinuxCNC_Interface.dir/USB_DEVICE/App/usbd_desc.c.obj
                0x20000ad4                USBD_StrDesc
 .bss.UserRxBufferFS
                0x20000ed4      0x400 CMakeFiles/Siemens_LinuxCNC_Interface.dir/USB_DEVICE/App/usbd_cdc_if.c.obj
                0x20000ed4                UserRxBufferFS
 .bss.UserTxBufferFS
                0x200012d4      0x400 CMakeFiles/Siemens_LinuxCNC_Interface.dir/USB_DEVICE/App/usbd_cdc_if.c.obj
                0x200012d4                UserTxBufferFS
 .bss.temp      0x200016d4        0x7 CMakeFiles/Siemens_LinuxCNC_Interface.dir/USB_DEVICE/App/usbd_cdc_if.c.obj
                0x200016d4                temp
 *fill*         0x200016db        0x1 
 .bss.hadc      0x200016dc       0x54 CMakeFiles/Siemens_LinuxCNC_Interface.dir/Core/Src/main.c.obj
                0x200016dc                hadc
 .bss.hdma_adc  0x20001730       0x44 CMakeFiles/Siemens_LinuxCNC_Interface.dir/Core/Src/main.c.obj
                0x20001730                hdma_adc
 .bss.hi2c1     0x20001774       0x54 CMakeFiles/Siemens_LinuxCNC_Interface.dir/Core/Src/main.c.obj
                0x20001774                hi2c1
 .bss.hi2c2     0x200017c8       0x54 CMakeFiles/Siemens_LinuxCNC_Interface.dir/Core/Src/main.c.obj
                0x200017c8                hi2c2
 .bss.htim3     0x2000181c       0x40 CMakeFiles/Siemens_LinuxCNC_Interface.dir/Core/Src/main.c.obj
                0x2000181c                htim3
 .bss.SerialConnected
                0x2000185c        0x1 CMakeFiles/Siemens_LinuxCNC_Interface.dir/Core/Src/main.c.obj
                0x2000185c                SerialConnected
 *fill*         0x2000185d        0x3 
 .bss.LastTickConnected
                0x20001860        0x4 CMakeFiles/Siemens_LinuxCNC_Interface.dir/Core/Src/main.c.obj
                0x20001860                LastTickConnected
 .bss.manual_CMD_Mode
                0x20001864        0x1 CMakeFiles/Siemens_LinuxCNC_Interface.dir/Core/Src/main.c.obj
                0x20001864                manual_CMD_Mode
 *fill*         0x20001865        0x3 
 .bss.exp       0x20001868       0x40 CMakeFiles/Siemens_LinuxCNC_Interface.dir/Core/Src/main.c.obj
                0x20001868                exp
 .bss.inputChanged
                0x200018a8        0x1 CMakeFiles/Siemens_LinuxCNC_Interface.dir/Core/Src/main.c.obj
                0x200018a8                inputChanged
 *fill*         0x200018a9        0x1 
 .bss.toggledGPIO
                0x200018aa        0x2 CMakeFiles/Siemens_LinuxCNC_Interface.dir/Core/Src/main.c.obj
                0x200018aa                toggledGPIO
 .bss.raw_exp_inputdata
                0x200018ac        0xa CMakeFiles/Siemens_LinuxCNC_Interface.dir/Core/Src/main.c.obj
                0x200018ac                raw_exp_inputdata
 *fill*         0x200018b6        0x2 
 .bss.enc_gray  0x200018b8        0x2 CMakeFiles/Siemens_LinuxCNC_Interface.dir/Core/Src/main.c.obj
                0x200018b8                enc_gray
 *fill*         0x200018ba        0x2 
 .bss.enc_pos   0x200018bc        0x2 CMakeFiles/Siemens_LinuxCNC_Interface.dir/Core/Src/main.c.obj
                0x200018bc                enc_pos
 *fill*         0x200018be        0x2 
 .bss.enc_retval
                0x200018c0        0x2 CMakeFiles/Siemens_LinuxCNC_Interface.dir/Core/Src/main.c.obj
                0x200018c0                enc_retval
 *fill*         0x200018c2        0x2 
 .bss.rawADCvalues
                0x200018c4        0x4 CMakeFiles/Siemens_LinuxCNC_Interface.dir/Core/Src/main.c.obj
                0x200018c4                rawADCvalues
 .bss.oldADCvalues
                0x200018c8        0x4 CMakeFiles/Siemens_LinuxCNC_Interface.dir/Core/Src/main.c.obj
                0x200018c8                oldADCvalues
 .bss.ADCvalues
                0x200018cc        0x4 CMakeFiles/Siemens_LinuxCNC_Interface.dir/Core/Src/main.c.obj
                0x200018cc                ADCvalues
 .bss.adc_convCompleted
                0x200018d0        0x1 CMakeFiles/Siemens_LinuxCNC_Interface.dir/Core/Src/main.c.obj
                0x200018d0                adc_convCompleted
 *fill*         0x200018d1        0x3 
 .bss.__sbrk_heap_end
                0x200018d4        0x4 CMakeFiles/Siemens_LinuxCNC_Interface.dir/Core/Src/sysmem.c.obj
 *(COMMON)
                0x200018d8                        . = ALIGN (0x4)
                0x200018d8                        _ebss = .
                0x200018d8                        __bss_end__ = _ebss

._user_heap_stack
                0x200018d8      0x600 load address 0x0800c898
                0x200018d8                        . = ALIGN (0x8)
                [!provide]                        PROVIDE (end = .)
                0x200018d8                        PROVIDE (_end = .)
                0x20001ad8                        . = (. + _Min_Heap_Size)
 *fill*         0x200018d8      0x200 
                0x20001ed8                        . = (. + _Min_Stack_Size)
 *fill*         0x20001ad8      0x400 
                0x20001ed8                        . = ALIGN (0x8)

/DISCARD/
 libc.a(*)
 libm.a(*)
 libgcc.a(*)

.ARM.attributes
                0x00000000       0x29
 *(.ARM.attributes)
 .ARM.attributes
                0x00000000       0x1d C:/ST/STM32CubeCLT_1.17.0/GNU-tools-for-STM32/bin/../lib/gcc/arm-none-eabi/12.3.1/thumb/v7-m/nofp/crti.o
 .ARM.attributes
                0x0000001d       0x2d C:/ST/STM32CubeCLT_1.17.0/GNU-tools-for-STM32/bin/../lib/gcc/arm-none-eabi/12.3.1/thumb/v7-m/nofp/crtbegin.o
 .ARM.attributes
                0x0000004a       0x2d C:/ST/STM32CubeCLT_1.17.0/GNU-tools-for-STM32/bin/../lib/gcc/arm-none-eabi/12.3.1/../../../../arm-none-eabi/lib/thumb/v7-m/nofp\libc_nano.a(libc_a-findfp.o)
 .ARM.attributes
                0x00000077       0x2d C:/ST/STM32CubeCLT_1.17.0/GNU-tools-for-STM32/bin/../lib/gcc/arm-none-eabi/12.3.1/../../../../arm-none-eabi/lib/thumb/v7-m/nofp\libc_nano.a(libc_a-stdio.o)
 .ARM.attributes
                0x000000a4       0x2d C:/ST/STM32CubeCLT_1.17.0/GNU-tools-for-STM32/bin/../lib/gcc/arm-none-eabi/12.3.1/../../../../arm-none-eabi/lib/thumb/v7-m/nofp\libc_nano.a(libc_a-memset.o)
 .ARM.attributes
                0x000000d1       0x2d C:/ST/STM32CubeCLT_1.17.0/GNU-tools-for-STM32/bin/../lib/gcc/arm-none-eabi/12.3.1/../../../../arm-none-eabi/lib/thumb/v7-m/nofp\libc_nano.a(libc_a-reent.o)
 .ARM.attributes
                0x000000fe       0x2d C:/ST/STM32CubeCLT_1.17.0/GNU-tools-for-STM32/bin/../lib/gcc/arm-none-eabi/12.3.1/../../../../arm-none-eabi/lib/thumb/v7-m/nofp\libc_nano.a(libc_a-impure.o)
 .ARM.attributes
                0x0000012b       0x2d C:/ST/STM32CubeCLT_1.17.0/GNU-tools-for-STM32/bin/../lib/gcc/arm-none-eabi/12.3.1/../../../../arm-none-eabi/lib/thumb/v7-m/nofp\libc_nano.a(libc_a-init.o)
 .ARM.attributes
                0x00000158       0x2d C:/ST/STM32CubeCLT_1.17.0/GNU-tools-for-STM32/bin/../lib/gcc/arm-none-eabi/12.3.1/../../../../arm-none-eabi/lib/thumb/v7-m/nofp\libc_nano.a(libc_a-lock.o)
 .ARM.attributes
                0x00000185       0x2d C:/ST/STM32CubeCLT_1.17.0/GNU-tools-for-STM32/bin/../lib/gcc/arm-none-eabi/12.3.1/../../../../arm-none-eabi/lib/thumb/v7-m/nofp\libc_nano.a(libc_a-freer.o)
 .ARM.attributes
                0x000001b2       0x2d C:/ST/STM32CubeCLT_1.17.0/GNU-tools-for-STM32/bin/../lib/gcc/arm-none-eabi/12.3.1/../../../../arm-none-eabi/lib/thumb/v7-m/nofp\libc_nano.a(libc_a-mallocr.o)
 .ARM.attributes
                0x000001df       0x2d C:/ST/STM32CubeCLT_1.17.0/GNU-tools-for-STM32/bin/../lib/gcc/arm-none-eabi/12.3.1/../../../../arm-none-eabi/lib/thumb/v7-m/nofp\libc_nano.a(libc_a-mlock.o)
 .ARM.attributes
                0x0000020c       0x2d C:/ST/STM32CubeCLT_1.17.0/GNU-tools-for-STM32/bin/../lib/gcc/arm-none-eabi/12.3.1/../../../../arm-none-eabi/lib/thumb/v7-m/nofp\libc_nano.a(libc_a-sbrkr.o)
 .ARM.attributes
                0x00000239       0x2d cmake/stm32cubemx/CMakeFiles/STM32_Drivers.dir/__/__/Core/Src/system_stm32l1xx.c.obj
 .ARM.attributes
                0x00000266       0x2d cmake/stm32cubemx/CMakeFiles/STM32_Drivers.dir/__/__/Drivers/STM32L1xx_HAL_Driver/Src/stm32l1xx_hal_pcd.c.obj
 .ARM.attributes
                0x00000293       0x2d cmake/stm32cubemx/CMakeFiles/STM32_Drivers.dir/__/__/Drivers/STM32L1xx_HAL_Driver/Src/stm32l1xx_hal_pcd_ex.c.obj
 .ARM.attributes
                0x000002c0       0x2d cmake/stm32cubemx/CMakeFiles/STM32_Drivers.dir/__/__/Drivers/STM32L1xx_HAL_Driver/Src/stm32l1xx_ll_usb.c.obj
 .ARM.attributes
                0x000002ed       0x2d cmake/stm32cubemx/CMakeFiles/STM32_Drivers.dir/__/__/Drivers/STM32L1xx_HAL_Driver/Src/stm32l1xx_hal.c.obj
 .ARM.attributes
                0x0000031a       0x2d cmake/stm32cubemx/CMakeFiles/STM32_Drivers.dir/__/__/Drivers/STM32L1xx_HAL_Driver/Src/stm32l1xx_hal_rcc.c.obj
 .ARM.attributes
                0x00000347       0x2d cmake/stm32cubemx/CMakeFiles/STM32_Drivers.dir/__/__/Drivers/STM32L1xx_HAL_Driver/Src/stm32l1xx_hal_gpio.c.obj
 .ARM.attributes
                0x00000374       0x2d cmake/stm32cubemx/CMakeFiles/STM32_Drivers.dir/__/__/Drivers/STM32L1xx_HAL_Driver/Src/stm32l1xx_hal_dma.c.obj
 .ARM.attributes
                0x000003a1       0x2d cmake/stm32cubemx/CMakeFiles/STM32_Drivers.dir/__/__/Drivers/STM32L1xx_HAL_Driver/Src/stm32l1xx_hal_cortex.c.obj
 .ARM.attributes
                0x000003ce       0x2d cmake/stm32cubemx/CMakeFiles/STM32_Drivers.dir/__/__/Drivers/STM32L1xx_HAL_Driver/Src/stm32l1xx_hal_adc.c.obj
 .ARM.attributes
                0x000003fb       0x2d cmake/stm32cubemx/CMakeFiles/STM32_Drivers.dir/__/__/Drivers/STM32L1xx_HAL_Driver/Src/stm32l1xx_hal_adc_ex.c.obj
 .ARM.attributes
                0x00000428       0x2d cmake/stm32cubemx/CMakeFiles/STM32_Drivers.dir/__/__/Drivers/STM32L1xx_HAL_Driver/Src/stm32l1xx_hal_i2c.c.obj
 .ARM.attributes
                0x00000455       0x2d cmake/stm32cubemx/CMakeFiles/STM32_Drivers.dir/__/__/Drivers/STM32L1xx_HAL_Driver/Src/stm32l1xx_hal_tim.c.obj
 .ARM.attributes
                0x00000482       0x2d cmake/stm32cubemx/CMakeFiles/STM32_Drivers.dir/__/__/Drivers/STM32L1xx_HAL_Driver/Src/stm32l1xx_hal_tim_ex.c.obj
 .ARM.attributes
                0x000004af       0x2d cmake/stm32cubemx/CMakeFiles/USB_Device_Library.dir/__/__/Middlewares/ST/STM32_USB_Device_Library/Core/Src/usbd_core.c.obj
 .ARM.attributes
                0x000004dc       0x2d cmake/stm32cubemx/CMakeFiles/USB_Device_Library.dir/__/__/Middlewares/ST/STM32_USB_Device_Library/Core/Src/usbd_ctlreq.c.obj
 .ARM.attributes
                0x00000509       0x2d cmake/stm32cubemx/CMakeFiles/USB_Device_Library.dir/__/__/Middlewares/ST/STM32_USB_Device_Library/Core/Src/usbd_ioreq.c.obj
 .ARM.attributes
                0x00000536       0x2d cmake/stm32cubemx/CMakeFiles/USB_Device_Library.dir/__/__/Middlewares/ST/STM32_USB_Device_Library/Class/CDC/Src/usbd_cdc.c.obj
 .ARM.attributes
                0x00000563       0x2d CMakeFiles/Siemens_LinuxCNC_Interface.dir/USB_DEVICE/Target/usbd_conf.c.obj
 .ARM.attributes
                0x00000590       0x2d CMakeFiles/Siemens_LinuxCNC_Interface.dir/USB_DEVICE/App/usb_device.c.obj
 .ARM.attributes
                0x000005bd       0x2d CMakeFiles/Siemens_LinuxCNC_Interface.dir/USB_DEVICE/App/usbd_desc.c.obj
 .ARM.attributes
                0x000005ea       0x2d CMakeFiles/Siemens_LinuxCNC_Interface.dir/USB_DEVICE/App/usbd_cdc_if.c.obj
 .ARM.attributes
                0x00000617       0x2d CMakeFiles/Siemens_LinuxCNC_Interface.dir/Core/Src/main.c.obj
 .ARM.attributes
                0x00000644       0x2d CMakeFiles/Siemens_LinuxCNC_Interface.dir/Core/Src/stm32l1xx_it.c.obj
 .ARM.attributes
                0x00000671       0x2d CMakeFiles/Siemens_LinuxCNC_Interface.dir/Core/Src/stm32l1xx_hal_msp.c.obj
 .ARM.attributes
                0x0000069e       0x2d CMakeFiles/Siemens_LinuxCNC_Interface.dir/Core/Src/sysmem.c.obj
 .ARM.attributes